Archive member included to satisfy reference by file (symbol)

c:/st/stm32cubeide_1.5.1/stm32cubeide/plugins/com.st.stm32cube.ide.mcu.externaltools.gnu-tools-for-stm32.7-2018-q2-update.win32_1.5.0.202011040924/tools/bin/../lib/gcc/arm-none-eabi/7.3.1/../../../../arm-none-eabi/lib/thumb/v7e-m/fpv4-sp/hard\libc_nano.a(lib_a-errno.o)
                              Src/syscalls.o (__errno)
c:/st/stm32cubeide_1.5.1/stm32cubeide/plugins/com.st.stm32cube.ide.mcu.externaltools.gnu-tools-for-stm32.7-2018-q2-update.win32_1.5.0.202011040924/tools/bin/../lib/gcc/arm-none-eabi/7.3.1/../../../../arm-none-eabi/lib/thumb/v7e-m/fpv4-sp/hard\libc_nano.a(lib_a-exit.o)
                              c:/st/stm32cubeide_1.5.1/stm32cubeide/plugins/com.st.stm32cube.ide.mcu.externaltools.gnu-tools-for-stm32.7-2018-q2-update.win32_1.5.0.202011040924/tools/bin/../lib/gcc/arm-none-eabi/7.3.1/../../../../arm-none-eabi/lib/thumb/v7e-m/fpv4-sp/hard/crt0.o (exit)
c:/st/stm32cubeide_1.5.1/stm32cubeide/plugins/com.st.stm32cube.ide.mcu.externaltools.gnu-tools-for-stm32.7-2018-q2-update.win32_1.5.0.202011040924/tools/bin/../lib/gcc/arm-none-eabi/7.3.1/../../../../arm-none-eabi/lib/thumb/v7e-m/fpv4-sp/hard\libc_nano.a(lib_a-impure.o)
                              c:/st/stm32cubeide_1.5.1/stm32cubeide/plugins/com.st.stm32cube.ide.mcu.externaltools.gnu-tools-for-stm32.7-2018-q2-update.win32_1.5.0.202011040924/tools/bin/../lib/gcc/arm-none-eabi/7.3.1/../../../../arm-none-eabi/lib/thumb/v7e-m/fpv4-sp/hard\libc_nano.a(lib_a-exit.o) (_global_impure_ptr)
c:/st/stm32cubeide_1.5.1/stm32cubeide/plugins/com.st.stm32cube.ide.mcu.externaltools.gnu-tools-for-stm32.7-2018-q2-update.win32_1.5.0.202011040924/tools/bin/../lib/gcc/arm-none-eabi/7.3.1/../../../../arm-none-eabi/lib/thumb/v7e-m/fpv4-sp/hard\libc_nano.a(lib_a-init.o)
                              c:/st/stm32cubeide_1.5.1/stm32cubeide/plugins/com.st.stm32cube.ide.mcu.externaltools.gnu-tools-for-stm32.7-2018-q2-update.win32_1.5.0.202011040924/tools/bin/../lib/gcc/arm-none-eabi/7.3.1/../../../../arm-none-eabi/lib/thumb/v7e-m/fpv4-sp/hard/crt0.o (__libc_init_array)
c:/st/stm32cubeide_1.5.1/stm32cubeide/plugins/com.st.stm32cube.ide.mcu.externaltools.gnu-tools-for-stm32.7-2018-q2-update.win32_1.5.0.202011040924/tools/bin/../lib/gcc/arm-none-eabi/7.3.1/../../../../arm-none-eabi/lib/thumb/v7e-m/fpv4-sp/hard\libc_nano.a(lib_a-memset.o)
                              c:/st/stm32cubeide_1.5.1/stm32cubeide/plugins/com.st.stm32cube.ide.mcu.externaltools.gnu-tools-for-stm32.7-2018-q2-update.win32_1.5.0.202011040924/tools/bin/../lib/gcc/arm-none-eabi/7.3.1/../../../../arm-none-eabi/lib/thumb/v7e-m/fpv4-sp/hard/crt0.o (memset)
c:/st/stm32cubeide_1.5.1/stm32cubeide/plugins/com.st.stm32cube.ide.mcu.externaltools.gnu-tools-for-stm32.7-2018-q2-update.win32_1.5.0.202011040924/tools/bin/../lib/gcc/arm-none-eabi/7.3.1/../../../../arm-none-eabi/lib/thumb/v7e-m/fpv4-sp/hard\libm.a(lib_a-w_pow.o)
                              Src/main.o (pow)
c:/st/stm32cubeide_1.5.1/stm32cubeide/plugins/com.st.stm32cube.ide.mcu.externaltools.gnu-tools-for-stm32.7-2018-q2-update.win32_1.5.0.202011040924/tools/bin/../lib/gcc/arm-none-eabi/7.3.1/../../../../arm-none-eabi/lib/thumb/v7e-m/fpv4-sp/hard\libm.a(lib_a-e_pow.o)
                              c:/st/stm32cubeide_1.5.1/stm32cubeide/plugins/com.st.stm32cube.ide.mcu.externaltools.gnu-tools-for-stm32.7-2018-q2-update.win32_1.5.0.202011040924/tools/bin/../lib/gcc/arm-none-eabi/7.3.1/../../../../arm-none-eabi/lib/thumb/v7e-m/fpv4-sp/hard\libm.a(lib_a-w_pow.o) (__ieee754_pow)
c:/st/stm32cubeide_1.5.1/stm32cubeide/plugins/com.st.stm32cube.ide.mcu.externaltools.gnu-tools-for-stm32.7-2018-q2-update.win32_1.5.0.202011040924/tools/bin/../lib/gcc/arm-none-eabi/7.3.1/../../../../arm-none-eabi/lib/thumb/v7e-m/fpv4-sp/hard\libm.a(lib_a-e_sqrt.o)
                              c:/st/stm32cubeide_1.5.1/stm32cubeide/plugins/com.st.stm32cube.ide.mcu.externaltools.gnu-tools-for-stm32.7-2018-q2-update.win32_1.5.0.202011040924/tools/bin/../lib/gcc/arm-none-eabi/7.3.1/../../../../arm-none-eabi/lib/thumb/v7e-m/fpv4-sp/hard\libm.a(lib_a-e_pow.o) (__ieee754_sqrt)
c:/st/stm32cubeide_1.5.1/stm32cubeide/plugins/com.st.stm32cube.ide.mcu.externaltools.gnu-tools-for-stm32.7-2018-q2-update.win32_1.5.0.202011040924/tools/bin/../lib/gcc/arm-none-eabi/7.3.1/../../../../arm-none-eabi/lib/thumb/v7e-m/fpv4-sp/hard\libm.a(lib_a-s_fabs.o)
                              c:/st/stm32cubeide_1.5.1/stm32cubeide/plugins/com.st.stm32cube.ide.mcu.externaltools.gnu-tools-for-stm32.7-2018-q2-update.win32_1.5.0.202011040924/tools/bin/../lib/gcc/arm-none-eabi/7.3.1/../../../../arm-none-eabi/lib/thumb/v7e-m/fpv4-sp/hard\libm.a(lib_a-e_pow.o) (fabs)
c:/st/stm32cubeide_1.5.1/stm32cubeide/plugins/com.st.stm32cube.ide.mcu.externaltools.gnu-tools-for-stm32.7-2018-q2-update.win32_1.5.0.202011040924/tools/bin/../lib/gcc/arm-none-eabi/7.3.1/../../../../arm-none-eabi/lib/thumb/v7e-m/fpv4-sp/hard\libm.a(lib_a-s_finite.o)
[...]
Memory Configuration

Name             Origin             Length             Attributes
FLASH            0x0000000008000000 0x0000000000010000 xr
CCMRAM           0x0000000010000000 0x0000000000001000 xrw
RAM              0x0000000020000000 0x0000000000003000 xrw
*default*        0x0000000000000000 0xffffffffffffffff

Linker script and memory map

LOAD c:/st/stm32cubeide_1.5.1/stm32cubeide/plugins/com.st.stm32cube.ide.mcu.externaltools.gnu-tools-for-stm32.7-2018-q2-update.win32_1.5.0.202011040924/tools/bin/../lib/gcc/arm-none-eabi/7.3.1/thumb/v7e-m/fpv4-sp/hard/crti.o
LOAD c:/st/stm32cubeide_1.5.1/stm32cubeide/plugins/com.st.stm32cube.ide.mcu.externaltools.gnu-tools-for-stm32.7-2018-q2-update.win32_1.5.0.202011040924/tools/bin/../lib/gcc/arm-none-eabi/7.3.1/thumb/v7e-m/fpv4-sp/hard/crtbegin.o
LOAD c:/st/stm32cubeide_1.5.1/stm32cubeide/plugins/com.st.stm32cube.ide.mcu.externaltools.gnu-tools-for-stm32.7-2018-q2-update.win32_1.5.0.202011040924/tools/bin/../lib/gcc/arm-none-eabi/7.3.1/../../../../arm-none-eabi/lib/thumb/v7e-m/fpv4-sp/hard/crt0.o
LOAD Drivers/STM32F3xx_HAL_Driver/Src/stm32f3xx_ll_dma.o
LOAD Drivers/STM32F3xx_HAL_Driver/Src/stm32f3xx_ll_exti.o
LOAD Drivers/STM32F3xx_HAL_Driver/Src/stm32f3xx_ll_gpio.o
LOAD Drivers/STM32F3xx_HAL_Driver/Src/stm32f3xx_ll_i2c.o
LOAD Drivers/STM32F3xx_HAL_Driver/Src/stm32f3xx_ll_rcc.o
LOAD Drivers/STM32F3xx_HAL_Driver/Src/stm32f3xx_ll_tim.o
LOAD Drivers/STM32F3xx_HAL_Driver/Src/stm32f3xx_ll_utils.o
LOAD Src/display.o
LOAD Src/gpio.o
LOAD Src/i2c.o
LOAD Src/main.o
LOAD Src/stm32f3xx_it.o
LOAD Src/syscalls.o
LOAD Src/sysmem.o
LOAD Src/system_stm32f3xx.o
LOAD Src/tim.o
LOAD Startup/startup_stm32f303k8tx.o
LOAD accelerometer/lsm6ds0.o
LOAD compass/lis3mdltr.o
LOAD humidity/hts221.o
LOAD pressure/lps25hb.o
START GROUP
LOAD c:/st/stm32cubeide_1.5.1/stm32cubeide/plugins/com.st.stm32cube.ide.mcu.externaltools.gnu-tools-for-stm32.7-2018-q2-update.win32_1.5.0.202011040924/tools/bin/../lib/gcc/arm-none-eabi/7.3.1/../../../../arm-none-eabi/lib/thumb/v7e-m/fpv4-sp/hard\libc_nano.a
LOAD c:/st/stm32cubeide_1.5.1/stm32cubeide/plugins/com.st.stm32cube.ide.mcu.externaltools.gnu-tools-for-stm32.7-2018-q2-update.win32_1.5.0.202011040924/tools/bin/../lib/gcc/arm-none-eabi/7.3.1/../../../../arm-none-eabi/lib/thumb/v7e-m/fpv4-sp/hard\libm.a
END GROUP
START GROUP
LOAD c:/st/stm32cubeide_1.5.1/stm32cubeide/plugins/com.st.stm32cube.ide.mcu.externaltools.gnu-tools-for-stm32.7-2018-q2-update.win32_1.5.0.202011040924/tools/bin/../lib/gcc/arm-none-eabi/7.3.1/thumb/v7e-m/fpv4-sp/hard\libgcc.a
LOAD c:/st/stm32cubeide_1.5.1/stm32cubeide/plugins/com.st.stm32cube.ide.mcu.externaltools.gnu-tools-for-stm32.7-2018-q2-update.win32_1.5.0.202011040924/tools/bin/../lib/gcc/arm-none-eabi/7.3.1/../../../../arm-none-eabi/lib/thumb/v7e-m/fpv4-sp/hard\libc_nano.a
END GROUP
START GROUP
LOAD c:/st/stm32cubeide_1.5.1/stm32cubeide/plugins/com.st.stm32cube.ide.mcu.externaltools.gnu-tools-for-stm32.7-2018-q2-update.win32_1.5.0.202011040924/tools/bin/../lib/gcc/arm-none-eabi/7.3.1/thumb/v7e-m/fpv4-sp/hard\libgcc.a
LOAD c:/st/stm32cubeide_1.5.1/stm32cubeide/plugins/com.st.stm32cube.ide.mcu.externaltools.gnu-tools-for-stm32.7-2018-q2-update.win32_1.5.0.202011040924/tools/bin/../lib/gcc/arm-none-eabi/7.3.1/../../../../arm-none-eabi/lib/thumb/v7e-m/fpv4-sp/hard\libc_nano.a
LOAD c:/st/stm32cubeide_1.5.1/stm32cubeide/plugins/com.st.stm32cube.ide.mcu.externaltools.gnu-tools-for-stm32.7-2018-q2-update.win32_1.5.0.202011040924/tools/bin/../lib/gcc/arm-none-eabi/7.3.1/../../../../arm-none-eabi/lib/thumb/v7e-m/fpv4-sp/hard\libnosys.a
END GROUP
START GROUP
LOAD c:/st/stm32cubeide_1.5.1/stm32cubeide/plugins/com.st.stm32cube.ide.mcu.externaltools.gnu-tools-for-stm32.7-2018-q2-update.win32_1.5.0.202011040924/tools/bin/../lib/gcc/arm-none-eabi/7.3.1/thumb/v7e-m/fpv4-sp/hard\libgcc.a
LOAD c:/st/stm32cubeide_1.5.1/stm32cubeide/plugins/com.st.stm32cube.ide.mcu.externaltools.gnu-tools-for-stm32.7-2018-q2-update.win32_1.5.0.202011040924/tools/bin/../lib/gcc/arm-none-eabi/7.3.1/../../../../arm-none-eabi/lib/thumb/v7e-m/fpv4-sp/hard\libc_nano.a
LOAD c:/st/stm32cubeide_1.5.1/stm32cubeide/plugins/com.st.stm32cube.ide.mcu.externaltools.gnu-tools-for-stm32.7-2018-q2-update.win32_1.5.0.202011040924/tools/bin/../lib/gcc/arm-none-eabi/7.3.1/../../../../arm-none-eabi/lib/thumb/v7e-m/fpv4-sp/hard\libnosys.a
END GROUP
LOAD c:/st/stm32cubeide_1.5.1/stm32cubeide/plugins/com.st.stm32cube.ide.mcu.externaltools.gnu-tools-for-stm32.7-2018-q2-update.win32_1.5.0.202011040924/tools/bin/../lib/gcc/arm-none-eabi/7.3.1/thumb/v7e-m/fpv4-sp/hard/crtend.o
LOAD c:/st/stm32cubeide_1.5.1/stm32cubeide/plugins/com.st.stm32cube.ide.mcu.externaltools.gnu-tools-for-stm32.7-2018-q2-update.win32_1.5.0.202011040924/tools/bin/../lib/gcc/arm-none-eabi/7.3.1/thumb/v7e-m/fpv4-sp/hard/crtn.o
                0x0000000020003000                _estack = 0x20003000
                0x0000000000000200                _Min_Heap_Size = 0x200
                0x0000000000000400                _Min_Stack_Size = 0x400

.isr_vector     0x0000000008000000      0x188
                0x0000000008000000                . = ALIGN (0x4)
 *(.isr_vector)
 .isr_vector    0x0000000008000000      0x188 Startup/startup_stm32f303k8tx.o
                0x0000000008000000                g_pfnVectors
                0x0000000008000188                . = ALIGN (0x4)

.text           0x0000000008000188     0x52a4
                0x0000000008000188                . = ALIGN (0x4)
 *(.text)
 .text          0x0000000008000188       0x40 c:/st/stm32cubeide_1.5.1/stm32cubeide/plugins/com.st.stm32cube.ide.mcu.externaltools.gnu-tools-for-stm32.7-2018-q2-update.win32_1.5.0.202011040924/tools/bin/../lib/gcc/arm-none-eabi/7.3.1/thumb/v7e-m/fpv4-sp/hard/crtbegin.o
 .text          0x00000000080001c8      0x378 c:/st/stm32cubeide_1.5.1/stm32cubeide/plugins/com.st.stm32cube.ide.mcu.externaltools.gnu-tools-for-stm32.7-2018-q2-update.win32_1.5.0.202011040924/tools/bin/../lib/gcc/arm-none-eabi/7.3.1/thumb/v7e-m/fpv4-sp/hard\libgcc.a(_arm_addsubdf3.o)
                0x00000000080001c8                __aeabi_drsub
                0x00000000080001d0                __aeabi_dsub
                0x00000000080001d0                __subdf3
                0x00000000080001d4                __aeabi_dadd
                0x00000000080001d4                __adddf3
                0x000000000800044c                __floatunsidf
                0x000000000800044c                __aeabi_ui2d
                0x000000000800046c                __floatsidf
                0x000000000800046c                __aeabi_i2d
                0x0000000008000490                __aeabi_f2d
                0x0000000008000490                __extendsfdf2
                0x00000000080004d4                __floatundidf
                0x00000000080004d4                __aeabi_ul2d
                0x00000000080004e4                __floatdidf
                0x00000000080004e4                __aeabi_l2d
 .text          0x0000000008000540      0x424 c:/st/stm32cubeide_1.5.1/stm32cubeide/plugins/com.st.stm32cube.ide.mcu.externaltools.gnu-tools-for-stm32.7-2018-q2-update.win32_1.5.0.202011040924/tools/bin/../lib/gcc/arm-none-eabi/7.3.1/thumb/v7e-m/fpv4-sp/hard\libgcc.a(_arm_muldivdf3.o)
                0x0000000008000540                __aeabi_dmul
                0x0000000008000540                __muldf3
                0x0000000008000794                __divdf3
                0x0000000008000794                __aeabi_ddiv
 .text          0x0000000008000964      0x110 c:/st/stm32cubeide_1.5.1/stm32cubeide/plugins/com.st.stm32cube.ide.mcu.externaltools.gnu-tools-for-stm32.7-2018-q2-update.win32_1.5.0.202011040924/tools/bin/../lib/gcc/arm-none-eabi/7.3.1/thumb/v7e-m/fpv4-sp/hard\libgcc.a(_arm_cmpdf2.o)
                0x0000000008000964                __gtdf2
                0x0000000008000964                __gedf2
                0x000000000800096c                __ltdf2
                0x000000000800096c                __ledf2
                0x0000000008000974                __nedf2
                0x0000000008000974                __eqdf2
                0x0000000008000974                __cmpdf2
                0x00000000080009f0                __aeabi_cdrcmple
                0x0000000008000a00                __aeabi_cdcmpeq
                0x0000000008000a00                __aeabi_cdcmple
                0x0000000008000a10                __aeabi_dcmpeq
                0x0000000008000a24                __aeabi_dcmplt
                0x0000000008000a38                __aeabi_dcmple
                0x0000000008000a4c                __aeabi_dcmpge
                0x0000000008000a60                __aeabi_dcmpgt
 .text          0x0000000008000a74       0x2c c:/st/stm32cubeide_1.5.1/stm32cubeide/plugins/com.st.stm32cube.ide.mcu.externaltools.gnu-tools-for-stm32.7-2018-q2-update.win32_1.5.0.202011040924/tools/bin/../lib/gcc/arm-none-eabi/7.3.1/thumb/v7e-m/fpv4-sp/hard\libgcc.a(_arm_unorddf2.o)
                0x0000000008000a74                __unorddf2
                0x0000000008000a74                __aeabi_dcmpun
 .text          0x0000000008000aa0       0x50 c:/st/stm32cubeide_1.5.1/stm32cubeide/plugins/com.st.stm32cube.ide.mcu.externaltools.gnu-tools-for-stm32.7-2018-q2-update.win32_1.5.0.202011040924/tools/bin/../lib/gcc/arm-none-eabi/7.3.1/thumb/v7e-m/fpv4-sp/hard\libgcc.a(_arm_fixdfsi.o)
                0x0000000008000aa0                __aeabi_d2iz
                0x0000000008000aa0                __fixdfsi
 *(.text*)
 .text.LL_EXTI_EnableIT_0_31
                0x0000000008000af0       0x24 Drivers/STM32F3xx_HAL_Driver/Src/stm32f3xx_ll_exti.o
 .text.LL_EXTI_EnableIT_32_63
                0x0000000008000b14       0x24 Drivers/STM32F3xx_HAL_Driver/Src/stm32f3xx_ll_exti.o
 .text.LL_EXTI_DisableIT_0_31
                0x0000000008000b38       0x28 Drivers/STM32F3xx_HAL_Driver/Src/stm32f3xx_ll_exti.o
 .text.LL_EXTI_DisableIT_32_63
                0x0000000008000b60       0x28 Drivers/STM32F3xx_HAL_Driver/Src/stm32f3xx_ll_exti.o
 .text.LL_EXTI_EnableEvent_0_31
                0x0000000008000b88       0x24 Drivers/STM32F3xx_HAL_Driver/Src/stm32f3xx_ll_exti.o
 .text.LL_EXTI_EnableEvent_32_63
                0x0000000008000bac       0x24 Drivers/STM32F3xx_HAL_Driver/Src/stm32f3xx_ll_exti.o
 .text.LL_EXTI_DisableEvent_0_31
                0x0000000008000bd0       0x28 Drivers/STM32F3xx_HAL_Driver/Src/stm32f3xx_ll_exti.o
 .text.LL_EXTI_DisableEvent_32_63
                0x0000000008000bf8       0x28 Drivers/STM32F3xx_HAL_Driver/Src/stm32f3xx_ll_exti.o
 .text.LL_EXTI_EnableRisingTrig_0_31
                0x0000000008000c20       0x24 Drivers/STM32F3xx_HAL_Driver/Src/stm32f3xx_ll_exti.o
 .text.LL_EXTI_EnableRisingTrig_32_63
                0x0000000008000c44       0x24 Drivers/STM32F3xx_HAL_Driver/Src/stm32f3xx_ll_exti.o
 .text.LL_EXTI_DisableRisingTrig_0_31
                0x0000000008000c68       0x28 Drivers/STM32F3xx_HAL_Driver/Src/stm32f3xx_ll_exti.o
 .text.LL_EXTI_DisableRisingTrig_32_63
                0x0000000008000c90       0x28 Drivers/STM32F3xx_HAL_Driver/Src/stm32f3xx_ll_exti.o
 .text.LL_EXTI_EnableFallingTrig_0_31
                0x0000000008000cb8       0x24 Drivers/STM32F3xx_HAL_Driver/Src/stm32f3xx_ll_exti.o
 .text.LL_EXTI_EnableFallingTrig_32_63
                0x0000000008000cdc       0x24 Drivers/STM32F3xx_HAL_Driver/Src/stm32f3xx_ll_exti.o
 .text.LL_EXTI_DisableFallingTrig_0_31
                0x0000000008000d00       0x28 Drivers/STM32F3xx_HAL_Driver/Src/stm32f3xx_ll_exti.o
 .text.LL_EXTI_DisableFallingTrig_32_63
                0x0000000008000d28       0x28 Drivers/STM32F3xx_HAL_Driver/Src/stm32f3xx_ll_exti.o
 .text.LL_EXTI_Init
                0x0000000008000d50      0x1d0 Drivers/STM32F3xx_HAL_Driver/Src/stm32f3xx_ll_exti.o
                0x0000000008000d50                LL_EXTI_Init
 .text.LL_GPIO_SetPinMode
                0x0000000008000f20       0x5a Drivers/STM32F3xx_HAL_Driver/Src/stm32f3xx_ll_gpio.o
 .text.LL_GPIO_SetPinOutputType
                0x0000000008000f7a       0x30 Drivers/STM32F3xx_HAL_Driver/Src/stm32f3xx_ll_gpio.o
 .text.LL_GPIO_SetPinSpeed
                0x0000000008000faa       0x5a Drivers/STM32F3xx_HAL_Driver/Src/stm32f3xx_ll_gpio.o
 .text.LL_GPIO_SetPinPull
                0x0000000008001004       0x5a Drivers/STM32F3xx_HAL_Driver/Src/stm32f3xx_ll_gpio.o
 .text.LL_GPIO_SetAFPin_0_7
                0x000000000800105e       0x5a Drivers/STM32F3xx_HAL_Driver/Src/stm32f3xx_ll_gpio.o
 .text.LL_GPIO_SetAFPin_8_15
                0x00000000080010b8       0x5e Drivers/STM32F3xx_HAL_Driver/Src/stm32f3xx_ll_gpio.o
 .text.LL_GPIO_Init
                0x0000000008001116       0xf4 Drivers/STM32F3xx_HAL_Driver/Src/stm32f3xx_ll_gpio.o
                0x0000000008001116                LL_GPIO_Init
 .text.LL_I2C_Enable
                0x000000000800120a       0x20 Drivers/STM32F3xx_HAL_Driver/Src/stm32f3xx_ll_i2c.o
 .text.LL_I2C_Disable
                0x000000000800122a       0x20 Drivers/STM32F3xx_HAL_Driver/Src/stm32f3xx_ll_i2c.o
 .text.LL_I2C_ConfigFilters
                0x000000000800124a       0x2e Drivers/STM32F3xx_HAL_Driver/Src/stm32f3xx_ll_i2c.o
 .text.LL_I2C_SetOwnAddress1
                0x0000000008001278       0x30 Drivers/STM32F3xx_HAL_Driver/Src/stm32f3xx_ll_i2c.o
 .text.LL_I2C_EnableOwnAddress1
                0x00000000080012a8       0x20 Drivers/STM32F3xx_HAL_Driver/Src/stm32f3xx_ll_i2c.o
 .text.LL_I2C_DisableOwnAddress1
                0x00000000080012c8       0x20 Drivers/STM32F3xx_HAL_Driver/Src/stm32f3xx_ll_i2c.o
 .text.LL_I2C_SetTiming
                0x00000000080012e8       0x1c Drivers/STM32F3xx_HAL_Driver/Src/stm32f3xx_ll_i2c.o
 .text.LL_I2C_SetMode
                0x0000000008001304       0x26 Drivers/STM32F3xx_HAL_Driver/Src/stm32f3xx_ll_i2c.o
 .text.LL_I2C_AcknowledgeNextData
                0x000000000800132a       0x26 Drivers/STM32F3xx_HAL_Driver/Src/stm32f3xx_ll_i2c.o
 .text.LL_I2C_Init
                0x0000000008001350       0x78 Drivers/STM32F3xx_HAL_Driver/Src/stm32f3xx_ll_i2c.o
                0x0000000008001350                LL_I2C_Init
 .text.LL_TIM_SetPrescaler
                0x00000000080013c8       0x1c Drivers/STM32F3xx_HAL_Driver/Src/stm32f3xx_ll_tim.o
 .text.LL_TIM_SetAutoReload
                0x00000000080013e4       0x1c Drivers/STM32F3xx_HAL_Driver/Src/stm32f3xx_ll_tim.o
 .text.LL_TIM_SetRepetitionCounter
                0x0000000008001400       0x1c Drivers/STM32F3xx_HAL_Driver/Src/stm32f3xx_ll_tim.o
 .text.LL_TIM_OC_SetCompareCH1
                0x000000000800141c       0x1c Drivers/STM32F3xx_HAL_Driver/Src/stm32f3xx_ll_tim.o
 .text.LL_TIM_OC_SetCompareCH2
                0x0000000008001438       0x1c Drivers/STM32F3xx_HAL_Driver/Src/stm32f3xx_ll_tim.o
 .text.LL_TIM_OC_SetCompareCH3
                0x0000000008001454       0x1c Drivers/STM32F3xx_HAL_Driver/Src/stm32f3xx_ll_tim.o
 .text.LL_TIM_OC_SetCompareCH4
                0x0000000008001470       0x1c Drivers/STM32F3xx_HAL_Driver/Src/stm32f3xx_ll_tim.o
 .text.LL_TIM_OC_SetCompareCH5
                0x000000000800148c       0x1c Drivers/STM32F3xx_HAL_Driver/Src/stm32f3xx_ll_tim.o
 .text.LL_TIM_OC_SetCompareCH6
                0x00000000080014a8       0x1c Drivers/STM32F3xx_HAL_Driver/Src/stm32f3xx_ll_tim.o
 .text.LL_TIM_GenerateEvent_UPDATE
                0x00000000080014c4       0x20 Drivers/STM32F3xx_HAL_Driver/Src/stm32f3xx_ll_tim.o
 .text.LL_TIM_Init
                0x00000000080014e4       0xe8 Drivers/STM32F3xx_HAL_Driver/Src/stm32f3xx_ll_tim.o
                0x00000000080014e4                LL_TIM_Init
 .text.LL_TIM_OC_Init
                0x00000000080015cc       0x9a Drivers/STM32F3xx_HAL_Driver/Src/stm32f3xx_ll_tim.o
                0x00000000080015cc                LL_TIM_OC_Init
 *fill*         0x0000000008001666        0x2 
 .text.OC1Config
                0x0000000008001668      0x100 Drivers/STM32F3xx_HAL_Driver/Src/stm32f3xx_ll_tim.o
 .text.OC2Config
                0x0000000008001768      0x108 Drivers/STM32F3xx_HAL_Driver/Src/stm32f3xx_ll_tim.o
 .text.OC3Config
                0x0000000008001870      0x108 Drivers/STM32F3xx_HAL_Driver/Src/stm32f3xx_ll_tim.o
 .text.OC4Config
                0x0000000008001978       0xd8 Drivers/STM32F3xx_HAL_Driver/Src/stm32f3xx_ll_tim.o
 .text.OC5Config
                0x0000000008001a50       0xc4 Drivers/STM32F3xx_HAL_Driver/Src/stm32f3xx_ll_tim.o
 .text.OC6Config
                0x0000000008001b14       0xc4 Drivers/STM32F3xx_HAL_Driver/Src/stm32f3xx_ll_tim.o
 .text.LL_InitTick
                0x0000000008001bd8       0x34 Drivers/STM32F3xx_HAL_Driver/Src/stm32f3xx_ll_utils.o
 .text.LL_Init1msTick
                0x0000000008001c0c       0x1a Drivers/STM32F3xx_HAL_Driver/Src/stm32f3xx_ll_utils.o
                0x0000000008001c0c                LL_Init1msTick
 *fill*         0x0000000008001c26        0x2 
 .text.LL_mDelay
                0x0000000008001c28       0x48 Drivers/STM32F3xx_HAL_Driver/Src/stm32f3xx_ll_utils.o
                0x0000000008001c28                LL_mDelay
 .text.LL_SetSystemCoreClock
                0x0000000008001c70       0x20 Drivers/STM32F3xx_HAL_Driver/Src/stm32f3xx_ll_utils.o
                0x0000000008001c70                LL_SetSystemCoreClock
 .text.LL_GPIO_SetOutputPin
                0x0000000008001c90       0x1c Src/display.o
 .text.LL_GPIO_ResetOutputPin
                0x0000000008001cac       0x1c Src/display.o
 .text.LL_TIM_ClearFlag_UPDATE
                0x0000000008001cc8       0x1c Src/display.o
 .text.LL_TIM_IsActiveFlag_UPDATE
                0x0000000008001ce4       0x26 Src/display.o
 *fill*         0x0000000008001d0a        0x2 
 .text.resetSegments
                0x0000000008001d0c       0x5c Src/display.o
                0x0000000008001d0c                resetSegments
 .text.setSegments
                0x0000000008001d68       0x5c Src/display.o
                0x0000000008001d68                setSegments
 .text.resetDigits
                0x0000000008001dc4       0x40 Src/display.o
                0x0000000008001dc4                resetDigits
 .text.setDigits
                0x0000000008001e04       0x40 Src/display.o
                0x0000000008001e04                setDigits
 .text.setDecimalPoint
                0x0000000008001e44       0x14 Src/display.o
                0x0000000008001e44                setDecimalPoint
 .text.setOne   0x0000000008001e58       0x1e Src/display.o
                0x0000000008001e58                setOne
 *fill*         0x0000000008001e76        0x2 
 .text.setTwo   0x0000000008001e78       0x3c Src/display.o
                0x0000000008001e78                setTwo
 .text.setThree
                0x0000000008001eb4       0x3c Src/display.o
                0x0000000008001eb4                setThree
 .text.setFour  0x0000000008001ef0       0x34 Src/display.o
                0x0000000008001ef0                setFour
 .text.setFive  0x0000000008001f24       0x3c Src/display.o
                0x0000000008001f24                setFive
 .text.setSix   0x0000000008001f60       0x48 Src/display.o
                0x0000000008001f60                setSix
 .text.setSeven
                0x0000000008001fa8       0x28 Src/display.o
                0x0000000008001fa8                setSeven
 .text.setEight
                0x0000000008001fd0       0x54 Src/display.o
                0x0000000008001fd0                setEight
 .text.setNine  0x0000000008002024       0x40 Src/display.o
                0x0000000008002024                setNine
 .text.setZero  0x0000000008002064       0x4c Src/display.o
                0x0000000008002064                setZero
 .text.setA     0x00000000080020b0       0x4c Src/display.o
                0x00000000080020b0                setA
 .text.setB     0x00000000080020fc       0x40 Src/display.o
                0x00000000080020fc                setB
 .text.setC     0x000000000800213c       0x34 Src/display.o
                0x000000000800213c                setC
 .text.setD     0x0000000008002170       0x40 Src/display.o
                0x0000000008002170                setD
 .text.setE     0x00000000080021b0       0x3c Src/display.o
                0x00000000080021b0                setE
 .text.setF     0x00000000080021ec       0x34 Src/display.o
                0x00000000080021ec                setF
 .text.setG     0x0000000008002220       0x40 Src/display.o
                0x0000000008002220                setG
 .text.setH     0x0000000008002260       0x40 Src/display.o
                0x0000000008002260                setH
 .text.setI     0x00000000080022a0       0x1e Src/display.o
                0x00000000080022a0                setI
 *fill*         0x00000000080022be        0x2 
 .text.setJ     0x00000000080022c0       0x38 Src/display.o
                0x00000000080022c0                setJ
 .text.setL     0x00000000080022f8       0x2c Src/display.o
                0x00000000080022f8                setL
 .text.setN     0x0000000008002324       0x2c Src/display.o
                0x0000000008002324                setN
 .text.setO     0x0000000008002350       0x4c Src/display.o
                0x0000000008002350                setO
 .text.setP     0x000000000800239c       0x40 Src/display.o
                0x000000000800239c                setP
 .text.setQ     0x00000000080023dc       0x40 Src/display.o
                0x00000000080023dc                setQ
 .text.setR     0x000000000800241c       0x20 Src/display.o
                0x000000000800241c                setR
 .text.setS     0x000000000800243c       0x3c Src/display.o
                0x000000000800243c                setS
 .text.setT     0x0000000008002478       0x34 Src/display.o
                0x0000000008002478                setT
 .text.setU     0x00000000080024ac       0x40 Src/display.o
                0x00000000080024ac                setU
 .text.setY     0x00000000080024ec       0x3c Src/display.o
                0x00000000080024ec                setY
 .text.setK     0x0000000008002528       0x2c Src/display.o
                0x0000000008002528                setK
 .text.setM     0x0000000008002554       0x2a Src/display.o
                0x0000000008002554                setM
 *fill*         0x000000000800257e        0x2 
 .text.setV     0x0000000008002580       0x28 Src/display.o
                0x0000000008002580                setV
 .text.setW     0x00000000080025a8       0x48 Src/display.o
                0x00000000080025a8                setW
 .text.setX     0x00000000080025f0       0x28 Src/display.o
                0x00000000080025f0                setX
 .text.setZ     0x0000000008002618       0x2c Src/display.o
                0x0000000008002618                setZ
 .text.set_     0x0000000008002644       0x14 Src/display.o
                0x0000000008002644                set_
 .text.displayString
                0x0000000008002658       0x58 Src/display.o
                0x0000000008002658                displayString
 .text.setDigit
                0x00000000080026b0       0x64 Src/display.o
                0x00000000080026b0                setDigit
 .text.updateDisplay
                0x0000000008002714      0x3b8 Src/display.o
                0x0000000008002714                updateDisplay
 .text.TIM3_IRQHandler
                0x0000000008002acc       0x24 Src/display.o
                0x0000000008002acc                TIM3_IRQHandler
 .text.NVIC_GetPriorityGrouping
                0x0000000008002af0       0x1c Src/gpio.o
 .text.NVIC_EnableIRQ
                0x0000000008002b0c       0x34 Src/gpio.o
 .text.NVIC_SetPriority
                0x0000000008002b40       0x54 Src/gpio.o
 .text.NVIC_EncodePriority
                0x0000000008002b94       0x66 Src/gpio.o
 *fill*         0x0000000008002bfa        0x2 
 .text.LL_AHB1_GRP1_EnableClock
                0x0000000008002bfc       0x30 Src/gpio.o
 .text.LL_SYSCFG_SetEXTISource
                0x0000000008002c2c       0x58 Src/gpio.o
 .text.LL_GPIO_SetPinMode
                0x0000000008002c84       0x5a Src/gpio.o
 .text.LL_GPIO_SetPinPull
                0x0000000008002cde       0x5a Src/gpio.o
 .text.LL_GPIO_ResetOutputPin
                0x0000000008002d38       0x1c Src/gpio.o
 .text.MX_GPIO_Init
                0x0000000008002d54       0xf4 Src/gpio.o
                0x0000000008002d54                MX_GPIO_Init
 .text.NVIC_GetPriorityGrouping
                0x0000000008002e48       0x1c Src/i2c.o
 .text.NVIC_EnableIRQ
                0x0000000008002e64       0x34 Src/i2c.o
 .text.NVIC_SetPriority
                0x0000000008002e98       0x54 Src/i2c.o
 .text.NVIC_EncodePriority
                0x0000000008002eec       0x66 Src/i2c.o
 .text.LL_I2C_Enable
                0x0000000008002f52       0x20 Src/i2c.o
 .text.LL_I2C_EnableClockStretching
                0x0000000008002f72       0x20 Src/i2c.o
 .text.LL_I2C_DisableGeneralCall
                0x0000000008002f92       0x20 Src/i2c.o
 .text.LL_I2C_SetOwnAddress2
                0x0000000008002fb2       0x30 Src/i2c.o
 .text.LL_I2C_DisableOwnAddress2
                0x0000000008002fe2       0x20 Src/i2c.o
 .text.LL_I2C_EnableIT_RX
                0x0000000008003002       0x20 Src/i2c.o
 .text.LL_I2C_DisableIT_RX
                0x0000000008003022       0x20 Src/i2c.o
 .text.LL_I2C_IsActiveFlag_TXIS
                0x0000000008003042       0x26 Src/i2c.o
 .text.LL_I2C_IsActiveFlag_RXNE
                0x0000000008003068       0x26 Src/i2c.o
 .text.LL_I2C_IsActiveFlag_STOP
                0x000000000800308e       0x26 Src/i2c.o
 .text.LL_I2C_ClearFlag_STOP
                0x00000000080030b4       0x20 Src/i2c.o
 .text.LL_I2C_EnableAutoEndMode
                0x00000000080030d4       0x20 Src/i2c.o
 .text.LL_I2C_HandleTransfer
                0x00000000080030f4       0x4c Src/i2c.o
 .text.LL_I2C_ReceiveData8
                0x0000000008003140       0x1a Src/i2c.o
 .text.LL_I2C_TransmitData8
                0x000000000800315a       0x1e Src/i2c.o
 .text.LL_AHB1_GRP1_EnableClock
                0x0000000008003178       0x30 Src/i2c.o
 .text.LL_APB1_GRP1_EnableClock
                0x00000000080031a8       0x30 Src/i2c.o
 .text.MX_I2C1_Init
                0x00000000080031d8       0xe0 Src/i2c.o
                0x00000000080031d8                MX_I2C1_Init
 .text.i2c_master_write
                0x00000000080032b8       0x88 Src/i2c.o
                0x00000000080032b8                i2c_master_write
 .text.i2c_master_read
                0x0000000008003340       0xf8 Src/i2c.o
                0x0000000008003340                i2c_master_read
 .text.I2C1_EV_IRQHandler
                0x0000000008003438       0x60 Src/i2c.o
                0x0000000008003438                I2C1_EV_IRQHandler
 .text.NVIC_SetPriorityGrouping
                0x0000000008003498       0x48 Src/main.o
 .text.LL_RCC_HSI_Enable
                0x00000000080034e0       0x20 Src/main.o
 .text.LL_RCC_HSI_IsReady
                0x0000000008003500       0x24 Src/main.o
 .text.LL_RCC_HSI_SetCalibTrimming
                0x0000000008003524       0x2c Src/main.o
 .text.LL_RCC_SetSysClkSource
                0x0000000008003550       0x28 Src/main.o
 .text.LL_RCC_GetSysClkSource
                0x0000000008003578       0x1c Src/main.o
 .text.LL_RCC_SetAHBPrescaler
                0x0000000008003594       0x28 Src/main.o
 .text.LL_RCC_SetAPB1Prescaler
                0x00000000080035bc       0x28 Src/main.o
 .text.LL_RCC_SetAPB2Prescaler
                0x00000000080035e4       0x28 Src/main.o
 .text.LL_RCC_SetI2CClockSource
                0x000000000800360c       0x30 Src/main.o
 .text.LL_APB1_GRP1_EnableClock
                0x000000000800363c       0x30 Src/main.o
 .text.LL_APB2_GRP1_EnableClock
                0x000000000800366c       0x30 Src/main.o
 .text.LL_FLASH_SetLatency
                0x000000000800369c       0x28 Src/main.o
 .text.LL_FLASH_GetLatency
                0x00000000080036c4       0x1c Src/main.o
 .text.LL_EXTI_IsActiveFlag_0_31
                0x00000000080036e0       0x2c Src/main.o
 .text.LL_EXTI_ClearFlag_0_31
                0x000000000800370c       0x20 Src/main.o
 .text.LL_SYSTICK_SetClkSource
                0x000000000800372c       0x38 Src/main.o
 .text.LL_SYSTICK_EnableIT
                0x0000000008003764       0x20 Src/main.o
 .text.LL_GPIO_IsInputPinSet
                0x0000000008003784       0x2a Src/main.o
 *fill*         0x00000000080037ae        0x2 
 .text.get_altitude
                0x00000000080037b0       0xbc Src/main.o
                0x00000000080037b0                get_altitude
 .text.main     0x000000000800386c      0x1cc Src/main.o
                0x000000000800386c                main
 .text.SystemClock_Config
                0x0000000008003a38       0x78 Src/main.o
                0x0000000008003a38                SystemClock_Config
 .text.checkButtonState
                0x0000000008003ab0       0x7a Src/main.o
                0x0000000008003ab0                checkButtonState
 *fill*         0x0000000008003b2a        0x2 
 .text.EXTI3_IRQHandler
                0x0000000008003b2c       0x48 Src/main.o
                0x0000000008003b2c                EXTI3_IRQHandler
 .text.Error_Handler
                0x0000000008003b74        0x8 Src/main.o
                0x0000000008003b74                Error_Handler
 .text.NMI_Handler
                0x0000000008003b7c        0xe Src/stm32f3xx_it.o
                0x0000000008003b7c                NMI_Handler
 .text.HardFault_Handler
                0x0000000008003b8a        0x6 Src/stm32f3xx_it.o
                0x0000000008003b8a                HardFault_Handler
 .text.MemManage_Handler
                0x0000000008003b90        0x6 Src/stm32f3xx_it.o
                0x0000000008003b90                MemManage_Handler
 .text.BusFault_Handler
                0x0000000008003b96        0x6 Src/stm32f3xx_it.o
                0x0000000008003b96                BusFault_Handler
 .text.UsageFault_Handler
                0x0000000008003b9c        0x6 Src/stm32f3xx_it.o
                0x0000000008003b9c                UsageFault_Handler
 .text.SVC_Handler
                0x0000000008003ba2        0xe Src/stm32f3xx_it.o
                0x0000000008003ba2                SVC_Handler
 .text.DebugMon_Handler
                0x0000000008003bb0        0xe Src/stm32f3xx_it.o
                0x0000000008003bb0                DebugMon_Handler
 .text.PendSV_Handler
                0x0000000008003bbe        0xe Src/stm32f3xx_it.o
                0x0000000008003bbe                PendSV_Handler
 .text.SysTick_Handler
                0x0000000008003bcc       0x24 Src/stm32f3xx_it.o
                0x0000000008003bcc                SysTick_Handler
 .text.SystemInit
                0x0000000008003bf0       0x94 Src/system_stm32f3xx.o
                0x0000000008003bf0                SystemInit
 .text.NVIC_GetPriorityGrouping
                0x0000000008003c84       0x1c Src/tim.o
 .text.NVIC_EnableIRQ
                0x0000000008003ca0       0x34 Src/tim.o
 .text.NVIC_SetPriority
                0x0000000008003cd4       0x54 Src/tim.o
 .text.NVIC_EncodePriority
                0x0000000008003d28       0x66 Src/tim.o
 *fill*         0x0000000008003d8e        0x2 
 .text.LL_APB1_GRP1_EnableClock
                0x0000000008003d90       0x30 Src/tim.o
 .text.LL_TIM_EnableCounter
                0x0000000008003dc0       0x20 Src/tim.o
 .text.LL_TIM_EnableARRPreload
                0x0000000008003de0       0x20 Src/tim.o
 .text.LL_TIM_OC_DisableFast
                0x0000000008003e00       0x9c Src/tim.o
 .text.LL_TIM_SetClockSource
                0x0000000008003e9c       0x2a Src/tim.o
 .text.LL_TIM_SetTriggerOutput
                0x0000000008003ec6       0x26 Src/tim.o
 .text.LL_TIM_DisableMasterSlaveMode
                0x0000000008003eec       0x20 Src/tim.o
 .text.LL_TIM_EnableIT_UPDATE
                0x0000000008003f0c       0x20 Src/tim.o
 .text.MX_TIM3_Init
                0x0000000008003f2c       0xc4 Src/tim.o
                0x0000000008003f2c                MX_TIM3_Init
 .text.Reset_Handler
                0x0000000008003ff0       0x50 Startup/startup_stm32f303k8tx.o
                0x0000000008003ff0                Reset_Handler
 .text.Default_Handler
                0x0000000008004040        0x2 Startup/startup_stm32f303k8tx.o
                0x0000000008004040                RTC_Alarm_IRQHandler
                0x0000000008004040                TIM1_CC_IRQHandler
                0x0000000008004040                PVD_IRQHandler
                0x0000000008004040                TAMP_STAMP_IRQHandler
                0x0000000008004040                EXTI0_IRQHandler
                0x0000000008004040                FPU_IRQHandler
                0x0000000008004040                CAN_TX_IRQHandler
                0x0000000008004040                TIM1_UP_TIM16_IRQHandler
                0x0000000008004040                ADC1_2_IRQHandler
                0x0000000008004040                SPI1_IRQHandler
                0x0000000008004040                CAN_SCE_IRQHandler
                0x0000000008004040                DMA1_Channel4_IRQHandler
                0x0000000008004040                USART3_IRQHandler
                0x0000000008004040                DMA1_Channel7_IRQHandler
                0x0000000008004040                TIM7_DAC2_IRQHandler
                0x0000000008004040                CAN_RX1_IRQHandler
                0x0000000008004040                DMA1_Channel6_IRQHandler
                0x0000000008004040                RCC_IRQHandler
                0x0000000008004040                DMA1_Channel1_IRQHandler
                0x0000000008004040                Default_Handler
                0x0000000008004040                EXTI15_10_IRQHandler
                0x0000000008004040                COMP2_IRQHandler
                0x0000000008004040                TIM6_DAC1_IRQHandler
                0x0000000008004040                EXTI9_5_IRQHandler
                0x0000000008004040                RTC_WKUP_IRQHandler
                0x0000000008004040                DMA1_Channel5_IRQHandler
                0x0000000008004040                EXTI4_IRQHandler
                0x0000000008004040                TIM1_TRG_COM_TIM17_IRQHandler
                0x0000000008004040                DMA1_Channel3_IRQHandler
                0x0000000008004040                WWDG_IRQHandler
                0x0000000008004040                TIM2_IRQHandler
                0x0000000008004040                EXTI1_IRQHandler
                0x0000000008004040                COMP4_6_IRQHandler
                0x0000000008004040                USART2_IRQHandler
                0x0000000008004040                DMA1_Channel2_IRQHandler
                0x0000000008004040                FLASH_IRQHandler
                0x0000000008004040                USART1_IRQHandler
                0x0000000008004040                CAN_RX0_IRQHandler
                0x0000000008004040                I2C1_ER_IRQHandler
                0x0000000008004040                EXTI2_TSC_IRQHandler
                0x0000000008004040                TIM1_BRK_TIM15_IRQHandler
 *fill*         0x0000000008004042        0x2 
 .text.hts221_read_byte
                0x0000000008004044       0x34 humidity/hts221.o
                0x0000000008004044                hts221_read_byte
 .text.hts221_write_byte
                0x0000000008004078       0x2c humidity/hts221.o
                0x0000000008004078                hts221_write_byte
 .text.hts221_readArray
                0x00000000080040a4       0x30 humidity/hts221.o
                0x00000000080040a4                hts221_readArray
 .text.hts221_get_humi
                0x00000000080040d4       0x54 humidity/hts221.o
                0x00000000080040d4                hts221_get_humi
 .text.hts221_init
                0x0000000008004128       0x44 humidity/hts221.o
                0x0000000008004128                hts221_init
 .text.lps25hb_read_byte
                0x000000000800416c       0x34 pressure/lps25hb.o
                0x000000000800416c                lps25hb_read_byte
 .text.lps25hb_write_byte
                0x00000000080041a0       0x2c pressure/lps25hb.o
                0x00000000080041a0                lps25hb_write_byte
 .text.lps25hb_readArray
                0x00000000080041cc       0x30 pressure/lps25hb.o
                0x00000000080041cc                lps25hb_readArray
 .text.lps25hb_get_temp
                0x00000000080041fc       0x64 pressure/lps25hb.o
                0x00000000080041fc                lps25hb_get_temp
 .text.lps25hb_get_press
                0x0000000008004260       0x38 pressure/lps25hb.o
                0x0000000008004260                lps25hb_get_press
 .text.lps25hb_init
                0x0000000008004298       0x68 pressure/lps25hb.o
                0x0000000008004298                lps25hb_init
 .text.__errno  0x0000000008004300        0xc c:/st/stm32cubeide_1.5.1/stm32cubeide/plugins/com.st.stm32cube.ide.mcu.externaltools.gnu-tools-for-stm32.7-2018-q2-update.win32_1.5.0.202011040924/tools/bin/../lib/gcc/arm-none-eabi/7.3.1/../../../../arm-none-eabi/lib/thumb/v7e-m/fpv4-sp/hard\libc_nano.a(lib_a-errno.o)
                0x0000000008004300                __errno
 .text.__libc_init_array
                0x000000000800430c       0x48 c:/st/stm32cubeide_1.5.1/stm32cubeide/plugins/com.st.stm32cube.ide.mcu.externaltools.gnu-tools-for-stm32.7-2018-q2-update.win32_1.5.0.202011040924/tools/bin/../lib/gcc/arm-none-eabi/7.3.1/../../../../arm-none-eabi/lib/thumb/v7e-m/fpv4-sp/hard\libc_nano.a(lib_a-init.o)
                0x000000000800430c                __libc_init_array
 .text.memset   0x0000000008004354       0x10 c:/st/stm32cubeide_1.5.1/stm32cubeide/plugins/com.st.stm32cube.ide.mcu.externaltools.gnu-tools-for-stm32.7-2018-q2-update.win32_1.5.0.202011040924/tools/bin/../lib/gcc/arm-none-eabi/7.3.1/../../../../arm-none-eabi/lib/thumb/v7e-m/fpv4-sp/hard\libc_nano.a(lib_a-memset.o)
                0x0000000008004354                memset
 .text.pow      0x0000000008004364      0x2e0 c:/st/stm32cubeide_1.5.1/stm32cubeide/plugins/com.st.stm32cube.ide.mcu.externaltools.gnu-tools-for-stm32.7-2018-q2-update.win32_1.5.0.202011040924/tools/bin/../lib/gcc/arm-none-eabi/7.3.1/../../../../arm-none-eabi/lib/thumb/v7e-m/fpv4-sp/hard\libm.a(lib_a-w_pow.o)
                0x0000000008004364                pow
 *fill*         0x0000000008004644        0x4 
 .text.__ieee754_pow
                0x0000000008004648      0xa1c c:/st/stm32cubeide_1.5.1/stm32cubeide/plugins/com.st.stm32cube.ide.mcu.externaltools.gnu-tools-for-stm32.7-2018-q2-update.win32_1.5.0.202011040924/tools/bin/../lib/gcc/arm-none-eabi/7.3.1/../../../../arm-none-eabi/lib/thumb/v7e-m/fpv4-sp/hard\libm.a(lib_a-e_pow.o)
                0x0000000008004648                __ieee754_pow
 .text.__ieee754_sqrt
                0x0000000008005064      0x160 c:/st/stm32cubeide_1.5.1/stm32cubeide/plugins/com.st.stm32cube.ide.mcu.externaltools.gnu-tools-for-stm32.7-2018-q2-update.win32_1.5.0.202011040924/tools/bin/../lib/gcc/arm-none-eabi/7.3.1/../../../../arm-none-eabi/lib/thumb/v7e-m/fpv4-sp/hard\libm.a(lib_a-e_sqrt.o)
                0x0000000008005064                __ieee754_sqrt
 .text.fabs     0x00000000080051c4       0x12 c:/st/stm32cubeide_1.5.1/stm32cubeide/plugins/com.st.stm32cube.ide.mcu.externaltools.gnu-tools-for-stm32.7-2018-q2-update.win32_1.5.0.202011040924/tools/bin/../lib/gcc/arm-none-eabi/7.3.1/../../../../arm-none-eabi/lib/thumb/v7e-m/fpv4-sp/hard\libm.a(lib_a-s_fabs.o)
                0x00000000080051c4                fabs
 .text.finite   0x00000000080051d6       0x10 c:/st/stm32cubeide_1.5.1/stm32cubeide/plugins/com.st.stm32cube.ide.mcu.externaltools.gnu-tools-for-stm32.7-2018-q2-update.win32_1.5.0.202011040924/tools/bin/../lib/gcc/arm-none-eabi/7.3.1/../../../../arm-none-eabi/lib/thumb/v7e-m/fpv4-sp/hard\libm.a(lib_a-s_finite.o)
                0x00000000080051d6                finite
 .text.matherr  0x00000000080051e6        0x4 c:/st/stm32cubeide_1.5.1/stm32cubeide/plugins/com.st.stm32cube.ide.mcu.externaltools.gnu-tools-for-stm32.7-2018-q2-update.win32_1.5.0.202011040924/tools/bin/../lib/gcc/arm-none-eabi/7.3.1/../../../../arm-none-eabi/lib/thumb/v7e-m/fpv4-sp/hard\libm.a(lib_a-s_matherr.o)
                0x00000000080051e6                matherr
 *fill*         0x00000000080051ea        0x6 
 .text.nan      0x00000000080051f0       0x10 c:/st/stm32cubeide_1.5.1/stm32cubeide/plugins/com.st.stm32cube.ide.mcu.externaltools.gnu-tools-for-stm32.7-2018-q2-update.win32_1.5.0.202011040924/tools/bin/../lib/gcc/arm-none-eabi/7.3.1/../../../../arm-none-eabi/lib/thumb/v7e-m/fpv4-sp/hard\libm.a(lib_a-s_nan.o)
                0x00000000080051f0                nan
 .text.rint     0x0000000008005200      0x108 c:/st/stm32cubeide_1.5.1/stm32cubeide/plugins/com.st.stm32cube.ide.mcu.externaltools.gnu-tools-for-stm32.7-2018-q2-update.win32_1.5.0.202011040924/tools/bin/../lib/gcc/arm-none-eabi/7.3.1/../../../../arm-none-eabi/lib/thumb/v7e-m/fpv4-sp/hard\libm.a(lib_a-s_rint.o)
                0x0000000008005200                rint
 .text.scalbn   0x0000000008005308       0xec c:/st/stm32cubeide_1.5.1/stm32cubeide/plugins/com.st.stm32cube.ide.mcu.externaltools.gnu-tools-for-stm32.7-2018-q2-update.win32_1.5.0.202011040924/tools/bin/../lib/gcc/arm-none-eabi/7.3.1/../../../../arm-none-eabi/lib/thumb/v7e-m/fpv4-sp/hard\libm.a(lib_a-s_scalbn.o)
                0x0000000008005308                scalbn
 .text.copysign
                0x00000000080053f4       0x1e c:/st/stm32cubeide_1.5.1/stm32cubeide/plugins/com.st.stm32cube.ide.mcu.externaltools.gnu-tools-for-stm32.7-2018-q2-update.win32_1.5.0.202011040924/tools/bin/../lib/gcc/arm-none-eabi/7.3.1/../../../../arm-none-eabi/lib/thumb/v7e-m/fpv4-sp/hard\libm.a(lib_a-s_copysign.o)
                0x00000000080053f4                copysign
 *(.glue_7)
 .glue_7        0x0000000008005412        0x0 linker stubs
 *(.glue_7t)
 .glue_7t       0x0000000008005412        0x0 linker stubs
 *(.eh_frame)
 *fill*         0x0000000008005412        0x2 
 .eh_frame      0x0000000008005414        0x0 c:/st/stm32cubeide_1.5.1/stm32cubeide/plugins/com.st.stm32cube.ide.mcu.externaltools.gnu-tools-for-stm32.7-2018-q2-update.win32_1.5.0.202011040924/tools/bin/../lib/gcc/arm-none-eabi/7.3.1/thumb/v7e-m/fpv4-sp/hard/crtbegin.o
 *(.init)
 .init          0x0000000008005414        0x4 c:/st/stm32cubeide_1.5.1/stm32cubeide/plugins/com.st.stm32cube.ide.mcu.externaltools.gnu-tools-for-stm32.7-2018-q2-update.win32_1.5.0.202011040924/tools/bin/../lib/gcc/arm-none-eabi/7.3.1/thumb/v7e-m/fpv4-sp/hard/crti.o
                0x0000000008005414                _init
 .init          0x0000000008005418        0x8 c:/st/stm32cubeide_1.5.1/stm32cubeide/plugins/com.st.stm32cube.ide.mcu.externaltools.gnu-tools-for-stm32.7-2018-q2-update.win32_1.5.0.202011040924/tools/bin/../lib/gcc/arm-none-eabi/7.3.1/thumb/v7e-m/fpv4-sp/hard/crtn.o
 *(.fini)
 .fini          0x0000000008005420        0x4 c:/st/stm32cubeide_1.5.1/stm32cubeide/plugins/com.st.stm32cube.ide.mcu.externaltools.gnu-tools-for-stm32.7-2018-q2-update.win32_1.5.0.202011040924/tools/bin/../lib/gcc/arm-none-eabi/7.3.1/thumb/v7e-m/fpv4-sp/hard/crti.o
                0x0000000008005420                _fini
 .fini          0x0000000008005424        0x8 c:/st/stm32cubeide_1.5.1/stm32cubeide/plugins/com.st.stm32cube.ide.mcu.externaltools.gnu-tools-for-stm32.7-2018-q2-update.win32_1.5.0.202011040924/tools/bin/../lib/gcc/arm-none-eabi/7.3.1/thumb/v7e-m/fpv4-sp/hard/crtn.o
                0x000000000800542c                . = ALIGN (0x4)
                0x000000000800542c                _etext = .

.vfp11_veneer   0x000000000800542c        0x0
 .vfp11_veneer  0x000000000800542c        0x0 linker stubs

.v4_bx          0x000000000800542c        0x0
 .v4_bx         0x000000000800542c        0x0 linker stubs

.iplt           0x000000000800542c        0x0
 .iplt          0x000000000800542c        0x0 c:/st/stm32cubeide_1.5.1/stm32cubeide/plugins/com.st.stm32cube.ide.mcu.externaltools.gnu-tools-for-stm32.7-2018-q2-update.win32_1.5.0.202011040924/tools/bin/../lib/gcc/arm-none-eabi/7.3.1/thumb/v7e-m/fpv4-sp/hard/crtbegin.o

.rodata         0x0000000008005430       0xc0
                0x0000000008005430                . = ALIGN (0x4)
 *(.rodata)
 .rodata        0x0000000008005430       0x5e Src/main.o
 *(.rodata*)
 *fill*         0x000000000800548e        0x2 
 .rodata.OFFSET_TAB_CCMRx
                0x0000000008005490        0x9 Src/tim.o
 *fill*         0x0000000008005499        0x3 
 .rodata.SHIFT_TAB_OCxx
                0x000000000800549c        0x9 Src/tim.o
 .rodata.pow.str1.1
                0x00000000080054a5        0x4 c:/st/stm32cubeide_1.5.1/stm32cubeide/plugins/com.st.stm32cube.ide.mcu.externaltools.gnu-tools-for-stm32.7-2018-q2-update.win32_1.5.0.202011040924/tools/bin/../lib/gcc/arm-none-eabi/7.3.1/../../../../arm-none-eabi/lib/thumb/v7e-m/fpv4-sp/hard\libm.a(lib_a-w_pow.o)
 .rodata.__ieee754_pow.str1.1
                0x00000000080054a9        0x4 c:/st/stm32cubeide_1.5.1/stm32cubeide/plugins/com.st.stm32cube.ide.mcu.externaltools.gnu-tools-for-stm32.7-2018-q2-update.win32_1.5.0.202011040924/tools/bin/../lib/gcc/arm-none-eabi/7.3.1/../../../../arm-none-eabi/lib/thumb/v7e-m/fpv4-sp/hard\libm.a(lib_a-e_pow.o)
                                          0x1 (size before relaxing)
 *fill*         0x00000000080054a9        0x7 
 .rodata.bp     0x00000000080054b0       0x10 c:/st/stm32cubeide_1.5.1/stm32cubeide/plugins/com.st.stm32cube.ide.mcu.externaltools.gnu-tools-for-stm32.7-2018-q2-update.win32_1.5.0.202011040924/tools/bin/../lib/gcc/arm-none-eabi/7.3.1/../../../../arm-none-eabi/lib/thumb/v7e-m/fpv4-sp/hard\libm.a(lib_a-e_pow.o)
 .rodata.dp_h   0x00000000080054c0       0x10 c:/st/stm32cubeide_1.5.1/stm32cubeide/plugins/com.st.stm32cube.ide.mcu.externaltools.gnu-tools-for-stm32.7-2018-q2-update.win32_1.5.0.202011040924/tools/bin/../lib/gcc/arm-none-eabi/7.3.1/../../../../arm-none-eabi/lib/thumb/v7e-m/fpv4-sp/hard\libm.a(lib_a-e_pow.o)
 .rodata.dp_l   0x00000000080054d0       0x10 c:/st/stm32cubeide_1.5.1/stm32cubeide/plugins/com.st.stm32cube.ide.mcu.externaltools.gnu-tools-for-stm32.7-2018-q2-update.win32_1.5.0.202011040924/tools/bin/../lib/gcc/arm-none-eabi/7.3.1/../../../../arm-none-eabi/lib/thumb/v7e-m/fpv4-sp/hard\libm.a(lib_a-e_pow.o)
 .rodata.TWO52  0x00000000080054e0       0x10 c:/st/stm32cubeide_1.5.1/stm32cubeide/plugins/com.st.stm32cube.ide.mcu.externaltools.gnu-tools-for-stm32.7-2018-q2-update.win32_1.5.0.202011040924/tools/bin/../lib/gcc/arm-none-eabi/7.3.1/../../../../arm-none-eabi/lib/thumb/v7e-m/fpv4-sp/hard\libm.a(lib_a-s_rint.o)
                0x00000000080054f0                . = ALIGN (0x4)

.rel.dyn        0x00000000080054f0        0x0
 .rel.iplt      0x00000000080054f0        0x0 c:/st/stm32cubeide_1.5.1/stm32cubeide/plugins/com.st.stm32cube.ide.mcu.externaltools.gnu-tools-for-stm32.7-2018-q2-update.win32_1.5.0.202011040924/tools/bin/../lib/gcc/arm-none-eabi/7.3.1/thumb/v7e-m/fpv4-sp/hard/crtbegin.o

.ARM.extab      0x00000000080054f0        0x0
                0x00000000080054f0                . = ALIGN (0x4)
 *(.ARM.extab* .gnu.linkonce.armextab.*)
                0x00000000080054f0                . = ALIGN (0x4)

.ARM            0x00000000080054f0        0x0
                0x00000000080054f0                . = ALIGN (0x4)
                0x00000000080054f0                __exidx_start = .
 *(.ARM.exidx*)
                0x00000000080054f0                __exidx_end = .
                0x00000000080054f0                . = ALIGN (0x4)

.preinit_array  0x00000000080054f0        0x0
                0x00000000080054f0                . = ALIGN (0x4)
                0x00000000080054f0                PROVIDE (__preinit_array_start = .)
 *(.preinit_array*)
                0x00000000080054f0                PROVIDE (__preinit_array_end = .)
                0x00000000080054f0                . = ALIGN (0x4)

.init_array     0x00000000080054f0        0x4
                0x00000000080054f0                . = ALIGN (0x4)
                0x00000000080054f0                PROVIDE (__init_array_start = .)
 *(SORT_BY_NAME(.init_array.*))
 *(.init_array*)
 .init_array    0x00000000080054f0        0x4 c:/st/stm32cubeide_1.5.1/stm32cubeide/plugins/com.st.stm32cube.ide.mcu.externaltools.gnu-tools-for-stm32.7-2018-q2-update.win32_1.5.0.202011040924/tools/bin/../lib/gcc/arm-none-eabi/7.3.1/thumb/v7e-m/fpv4-sp/hard/crtbegin.o
                0x00000000080054f4                PROVIDE (__init_array_end = .)
                0x00000000080054f4                . = ALIGN (0x4)

.fini_array     0x00000000080054f4        0x4
                0x00000000080054f4                . = ALIGN (0x4)
                [!provide]                        PROVIDE (__fini_array_start = .)
 *(SORT_BY_NAME(.fini_array.*))
 *(.fini_array*)
 .fini_array    0x00000000080054f4        0x4 c:/st/stm32cubeide_1.5.1/stm32cubeide/plugins/com.st.stm32cube.ide.mcu.externaltools.gnu-tools-for-stm32.7-2018-q2-update.win32_1.5.0.202011040924/tools/bin/../lib/gcc/arm-none-eabi/7.3.1/thumb/v7e-m/fpv4-sp/hard/crtbegin.o
                [!provide]                        PROVIDE (__fini_array_end = .)
                0x00000000080054f8                . = ALIGN (0x4)
                0x00000000080054f8                _sidata = LOADADDR (.data)

.data           0x0000000020000000       0x70 load address 0x00000000080054f8
                0x0000000020000000                . = ALIGN (0x4)
                0x0000000020000000                _sdata = .
 *(.data)
 *(.data*)
 .data.SystemCoreClock
                0x0000000020000000        0x4 Src/system_stm32f3xx.o
                0x0000000020000000                SystemCoreClock
 .data.addres   0x0000000020000004        0x1 humidity/hts221.o
                0x0000000020000004                addres
 .data.address_press
                0x0000000020000005        0x1 pressure/lps25hb.o
                0x0000000020000005                address_press
 *fill*         0x0000000020000006        0x2 
 .data._impure_ptr
                0x0000000020000008        0x4 c:/st/stm32cubeide_1.5.1/stm32cubeide/plugins/com.st.stm32cube.ide.mcu.externaltools.gnu-tools-for-stm32.7-2018-q2-update.win32_1.5.0.202011040924/tools/bin/../lib/gcc/arm-none-eabi/7.3.1/../../../../arm-none-eabi/lib/thumb/v7e-m/fpv4-sp/hard\libc_nano.a(lib_a-impure.o)
                0x0000000020000008                _impure_ptr
 .data.impure_data
                0x000000002000000c       0x60 c:/st/stm32cubeide_1.5.1/stm32cubeide/plugins/com.st.stm32cube.ide.mcu.externaltools.gnu-tools-for-stm32.7-2018-q2-update.win32_1.5.0.202011040924/tools/bin/../lib/gcc/arm-none-eabi/7.3.1/../../../../arm-none-eabi/lib/thumb/v7e-m/fpv4-sp/hard\libc_nano.a(lib_a-impure.o)
 .data.__fdlib_version
                0x000000002000006c        0x1 c:/st/stm32cubeide_1.5.1/stm32cubeide/plugins/com.st.stm32cube.ide.mcu.externaltools.gnu-tools-for-stm32.7-2018-q2-update.win32_1.5.0.202011040924/tools/bin/../lib/gcc/arm-none-eabi/7.3.1/../../../../arm-none-eabi/lib/thumb/v7e-m/fpv4-sp/hard\libm.a(lib_a-s_lib_ver.o)
                0x000000002000006c                __fdlib_version
                0x0000000020000070                . = ALIGN (0x4)
 *fill*         0x000000002000006d        0x3 
                0x0000000020000070                _edata = .

.igot.plt       0x0000000020000070        0x0 load address 0x0000000008005568
 .igot.plt      0x0000000020000070        0x0 c:/st/stm32cubeide_1.5.1/stm32cubeide/plugins/com.st.stm32cube.ide.mcu.externaltools.gnu-tools-for-stm32.7-2018-q2-update.win32_1.5.0.202011040924/tools/bin/../lib/gcc/arm-none-eabi/7.3.1/thumb/v7e-m/fpv4-sp/hard/crtbegin.o
                0x0000000020000070                . = ALIGN (0x4)

.bss            0x0000000020000070       0x64 load address 0x0000000008005568
                0x0000000020000070                _sbss = .
                0x0000000020000070                __bss_start__ = _sbss
 *(.bss)
 .bss           0x0000000020000070       0x1c c:/st/stm32cubeide_1.5.1/stm32cubeide/plugins/com.st.stm32cube.ide.mcu.externaltools.gnu-tools-for-stm32.7-2018-q2-update.win32_1.5.0.202011040924/tools/bin/../lib/gcc/arm-none-eabi/7.3.1/thumb/v7e-m/fpv4-sp/hard/crtbegin.o
 *(.bss*)
 .bss.dDisplayData
                0x000000002000008c        0x7 Src/display.o
                0x000000002000008c                dDisplayData
 *fill*         0x0000000020000093        0x5 
 .bss.disp_time
                0x0000000020000098        0x8 Src/display.o
                0x0000000020000098                disp_time
 .bss.disp_time_saved
                0x00000000200000a0        0x8 Src/display.o
                0x00000000200000a0                disp_time_saved
 .bss.end_of_read_flag
                0x00000000200000a8        0x1 Src/i2c.o
                0x00000000200000a8                end_of_read_flag
 .bss.ubReceiveIndex
                0x00000000200000a9        0x1 Src/i2c.o
                0x00000000200000a9                ubReceiveIndex
 .bss.switch_state
                0x00000000200000aa        0x1 Src/main.o
                0x00000000200000aa                switch_state
 *(COMMON)
 *fill*         0x00000000200000ab        0x1 
 COMMON         0x00000000200000ac        0x4 Src/i2c.o
                0x00000000200000ac                aReceiveBuffer_read
 COMMON         0x00000000200000b0       0x24 Src/main.o
                0x00000000200000b0                acc
                0x00000000200000c0                saved_time
                0x00000000200000c8                mag
                0x00000000200000d4                . = ALIGN (0x4)
                0x00000000200000d4                _ebss = .
                0x00000000200000d4                __bss_end__ = _ebss

._user_heap_stack
                0x00000000200000d4      0x604 load address 0x0000000008005568
                0x00000000200000d8                . = ALIGN (0x8)
 *fill*         0x00000000200000d4        0x4 
                0x00000000200000d8                PROVIDE (end = .)
                [!provide]                        PROVIDE (_end = .)
                0x00000000200002d8                . = (. + _Min_Heap_Size)
 *fill*         0x00000000200000d8      0x200 
                0x00000000200006d8                . = (. + _Min_Stack_Size)
 *fill*         0x00000000200002d8      0x400 
                0x00000000200006d8                . = ALIGN (0x8)

/DISCARD/
 libc.a(*)
 libm.a(*)
 libgcc.a(*)

.ARM.attributes
                0x0000000000000000       0x30
 *(.ARM.attributes)
 .ARM.attributes
                0x0000000000000000       0x22 c:/st/stm32cubeide_1.5.1/stm32cubeide/plugins/com.st.stm32cube.ide.mcu.externaltools.gnu-tools-for-stm32.7-2018-q2-update.win32_1.5.0.202011040924/tools/bin/../lib/gcc/arm-none-eabi/7.3.1/thumb/v7e-m/fpv4-sp/hard/crti.o
 .ARM.attributes
                0x0000000000000022       0x34 c:/st/stm32cubeide_1.5.1/stm32cubeide/plugins/com.st.stm32cube.ide.mcu.externaltools.gnu-tools-for-stm32.7-2018-q2-update.win32_1.5.0.202011040924/tools/bin/../lib/gcc/arm-none-eabi/7.3.1/thumb/v7e-m/fpv4-sp/hard/crtbegin.o
 .ARM.attributes
                0x0000000000000056       0x39 Drivers/STM32F3xx_HAL_Driver/Src/stm32f3xx_ll_exti.o
 .ARM.attributes
                0x000000000000008f       0x39 Drivers/STM32F3xx_HAL_Driver/Src/stm32f3xx_ll_gpio.o
 .ARM.attributes
                0x00000000000000c8       0x39 Drivers/STM32F3xx_HAL_Driver/Src/stm32f3xx_ll_i2c.o
 .ARM.attributes
                0x0000000000000101       0x39 Drivers/STM32F3xx_HAL_Driver/Src/stm32f3xx_ll_tim.o
 .ARM.attributes
                0x000000000000013a       0x39 Drivers/STM32F3xx_HAL_Driver/Src/stm32f3xx_ll_utils.o
 .ARM.attributes
                0x0000000000000173       0x39 Src/display.o
 .ARM.attributes
                0x00000000000001ac       0x39 Src/gpio.o
 .ARM.attributes
                0x00000000000001e5       0x39 Src/i2c.o
 .ARM.attributes
                0x000000000000021e       0x39 Src/main.o
 .ARM.attributes
                0x0000000000000257       0x39 Src/stm32f3xx_it.o
 .ARM.attributes
                0x0000000000000290       0x39 Src/system_stm32f3xx.o
 .ARM.attributes
                0x00000000000002c9       0x39 Src/tim.o
 .ARM.attributes
                0x0000000000000302       0x21 Startup/startup_stm32f303k8tx.o
 .ARM.attributes
                0x0000000000000323       0x39 humidity/hts221.o
 .ARM.attributes
                0x000000000000035c       0x39 pressure/lps25hb.o
 .ARM.attributes
                0x0000000000000395       0x34 c:/st/stm32cubeide_1.5.1/stm32cubeide/plugins/com.st.stm32cube.ide.mcu.externaltools.gnu-tools-for-stm32.7-2018-q2-update.win32_1.5.0.202011040924/tools/bin/../lib/gcc/arm-none-eabi/7.3.1/../../../../arm-none-eabi/lib/thumb/v7e-m/fpv4-sp/hard\libc_nano.a(lib_a-errno.o)
 .ARM.attributes
                0x00000000000003c9       0x34 c:/st/stm32cubeide_1.5.1/stm32cubeide/plugins/com.st.stm32cube.ide.mcu.externaltools.gnu-tools-for-stm32.7-2018-q2-update.win32_1.5.0.202011040924/tools/bin/../lib/gcc/arm-none-eabi/7.3.1/../../../../arm-none-eabi/lib/thumb/v7e-m/fpv4-sp/hard\libc_nano.a(lib_a-impure.o)
 .ARM.attributes
                0x00000000000003fd       0x34 c:/st/stm32cubeide_1.5.1/stm32cubeide/plugins/com.st.stm32cube.ide.mcu.externaltools.gnu-tools-for-stm32.7-2018-q2-update.win32_1.5.0.202011040924/tools/bin/../lib/gcc/arm-none-eabi/7.3.1/../../../../arm-none-eabi/lib/thumb/v7e-m/fpv4-sp/hard\libc_nano.a(lib_a-init.o)
 .ARM.attributes
                0x0000000000000431       0x34 c:/st/stm32cubeide_1.5.1/stm32cubeide/plugins/com.st.stm32cube.ide.mcu.externaltools.gnu-tools-for-stm32.7-2018-q2-update.win32_1.5.0.202011040924/tools/bin/../lib/gcc/arm-none-eabi/7.3.1/../../../../arm-none-eabi/lib/thumb/v7e-m/fpv4-sp/hard\libc_nano.a(lib_a-memset.o)
 .ARM.attributes
                0x0000000000000465       0x34 c:/st/stm32cubeide_1.5.1/stm32cubeide/plugins/com.st.stm32cube.ide.mcu.externaltools.gnu-tools-for-stm32.7-2018-q2-update.win32_1.5.0.202011040924/tools/bin/../lib/gcc/arm-none-eabi/7.3.1/../../../../arm-none-eabi/lib/thumb/v7e-m/fpv4-sp/hard\libm.a(lib_a-w_pow.o)
 .ARM.attributes
                0x0000000000000499       0x34 c:/st/stm32cubeide_1.5.1/stm32cubeide/plugins/com.st.stm32cube.ide.mcu.externaltools.gnu-tools-for-stm32.7-2018-q2-update.win32_1.5.0.202011040924/tools/bin/../lib/gcc/arm-none-eabi/7.3.1/../../../../arm-none-eabi/lib/thumb/v7e-m/fpv4-sp/hard\libm.a(lib_a-e_pow.o)
 .ARM.attributes
                0x00000000000004cd       0x34 c:/st/stm32cubeide_1.5.1/stm32cubeide/plugins/com.st.stm32cube.ide.mcu.externaltools.gnu-tools-for-stm32.7-2018-q2-update.win32_1.5.0.202011040924/tools/bin/../lib/gcc/arm-none-eabi/7.3.1/../../../../arm-none-eabi/lib/thumb/v7e-m/fpv4-sp/hard\libm.a(lib_a-e_sqrt.o)
 .ARM.attributes
                0x0000000000000501       0x34 c:/st/stm32cubeide_1.5.1/stm32cubeide/plugins/com.st.stm32cube.ide.mcu.externaltools.gnu-tools-for-stm32.7-2018-q2-update.win32_1.5.0.202011040924/tools/bin/../lib/gcc/arm-none-eabi/7.3.1/../../../../arm-none-eabi/lib/thumb/v7e-m/fpv4-sp/hard\libm.a(lib_a-s_fabs.o)
 .ARM.attributes
                0x0000000000000535       0x34 c:/st/stm32cubeide_1.5.1/stm32cubeide/plugins/com.st.stm32cube.ide.mcu.externaltools.gnu-tools-for-stm32.7-2018-q2-update.win32_1.5.0.202011040924/tools/bin/../lib/gcc/arm-none-eabi/7.3.1/../../../../arm-none-eabi/lib/thumb/v7e-m/fpv4-sp/hard\libm.a(lib_a-s_finite.o)
 .ARM.attributes
                0x0000000000000569       0x34 c:/st/stm32cubeide_1.5.1/stm32cubeide/plugins/com.st.stm32cube.ide.mcu.externaltools.gnu-tools-for-stm32.7-2018-q2-update.win32_1.5.0.202011040924/tools/bin/../lib/gcc/arm-none-eabi/7.3.1/../../../../arm-none-eabi/lib/thumb/v7e-m/fpv4-sp/hard\libm.a(lib_a-s_lib_ver.o)
 .ARM.attributes
                0x000000000000059d       0x34 c:/st/stm32cubeide_1.5.1/stm32cubeide/plugins/com.st.stm32cube.ide.mcu.externaltools.gnu-tools-for-stm32.7-2018-q2-update.win32_1.5.0.202011040924/tools/bin/../lib/gcc/arm-none-eabi/7.3.1/../../../../arm-none-eabi/lib/thumb/v7e-m/fpv4-sp/hard\libm.a(lib_a-s_matherr.o)
 .ARM.attributes
                0x00000000000005d1       0x34 c:/st/stm32cubeide_1.5.1/stm32cubeide/plugins/com.st.stm32cube.ide.mcu.externaltools.gnu-tools-for-stm32.7-2018-q2-update.win32_1.5.0.202011040924/tools/bin/../lib/gcc/arm-none-eabi/7.3.1/../../../../arm-none-eabi/lib/thumb/v7e-m/fpv4-sp/hard\libm.a(lib_a-s_nan.o)
 .ARM.attributes
                0x0000000000000605       0x34 c:/st/stm32cubeide_1.5.1/stm32cubeide/plugins/com.st.stm32cube.ide.mcu.externaltools.gnu-tools-for-stm32.7-2018-q2-update.win32_1.5.0.202011040924/tools/bin/../lib/gcc/arm-none-eabi/7.3.1/../../../../arm-none-eabi/lib/thumb/v7e-m/fpv4-sp/hard\libm.a(lib_a-s_rint.o)
 .ARM.attributes
                0x0000000000000639       0x34 c:/st/stm32cubeide_1.5.1/stm32cubeide/plugins/com.st.stm32cube.ide.mcu.externaltools.gnu-tools-for-stm32.7-2018-q2-update.win32_1.5.0.202011040924/tools/bin/../lib/gcc/arm-none-eabi/7.3.1/../../../../arm-none-eabi/lib/thumb/v7e-m/fpv4-sp/hard\libm.a(lib_a-s_scalbn.o)
 .ARM.attributes
                0x000000000000066d       0x34 c:/st/stm32cubeide_1.5.1/stm32cubeide/plugins/com.st.stm32cube.ide.mcu.externaltools.gnu-tools-for-stm32.7-2018-q2-update.win32_1.5.0.202011040924/tools/bin/../lib/gcc/arm-none-eabi/7.3.1/../../../../arm-none-eabi/lib/thumb/v7e-m/fpv4-sp/hard\libm.a(lib_a-s_copysign.o)
 .ARM.attributes
                0x00000000000006a1       0x22 c:/st/stm32cubeide_1.5.1/stm32cubeide/plugins/com.st.stm32cube.ide.mcu.externaltools.gnu-tools-for-stm32.7-2018-q2-update.win32_1.5.0.202011040924/tools/bin/../lib/gcc/arm-none-eabi/7.3.1/thumb/v7e-m/fpv4-sp/hard\libgcc.a(_arm_addsubdf3.o)
 .ARM.attributes
                0x00000000000006c3       0x22 c:/st/stm32cubeide_1.5.1/stm32cubeide/plugins/com.st.stm32cube.ide.mcu.externaltools.gnu-tools-for-stm32.7-2018-q2-update.win32_1.5.0.202011040924/tools/bin/../lib/gcc/arm-none-eabi/7.3.1/thumb/v7e-m/fpv4-sp/hard\libgcc.a(_arm_muldivdf3.o)
 .ARM.attributes
                0x00000000000006e5       0x22 c:/st/stm32cubeide_1.5.1/stm32cubeide/plugins/com.st.stm32cube.ide.mcu.externaltools.gnu-tools-for-stm32.7-2018-q2-update.win32_1.5.0.202011040924/tools/bin/../lib/gcc/arm-none-eabi/7.3.1/thumb/v7e-m/fpv4-sp/hard\libgcc.a(_arm_cmpdf2.o)
 .ARM.attributes
                0x0000000000000707       0x22 c:/st/stm32cubeide_1.5.1/stm32cubeide/plugins/com.st.stm32cube.ide.mcu.externaltools.gnu-tools-for-stm32.7-2018-q2-update.win32_1.5.0.202011040924/tools/bin/../lib/gcc/arm-none-eabi/7.3.1/thumb/v7e-m/fpv4-sp/hard\libgcc.a(_arm_unorddf2.o)
 .ARM.attributes
                0x0000000000000729       0x22 c:/st/stm32cubeide_1.5.1/stm32cubeide/plugins/com.st.stm32cube.ide.mcu.externaltools.gnu-tools-for-stm32.7-2018-q2-update.win32_1.5.0.202011040924/tools/bin/../lib/gcc/arm-none-eabi/7.3.1/thumb/v7e-m/fpv4-sp/hard\libgcc.a(_arm_fixdfsi.o)
 .ARM.attributes
                0x000000000000074b       0x22 c:/st/stm32cubeide_1.5.1/stm32cubeide/plugins/com.st.stm32cube.ide.mcu.externaltools.gnu-tools-for-stm32.7-2018-q2-update.win32_1.5.0.202011040924/tools/bin/../lib/gcc/arm-none-eabi/7.3.1/thumb/v7e-m/fpv4-sp/hard/crtn.o
OUTPUT(i2c_comm.elf elf32-littlearm)

.debug_info     0x0000000000000000     0x82c6
 .debug_info    0x0000000000000000      0x550 Drivers/STM32F3xx_HAL_Driver/Src/stm32f3xx_ll_exti.o
 .debug_info    0x0000000000000550      0x7e2 Drivers/STM32F3xx_HAL_Driver/Src/stm32f3xx_ll_gpio.o
 .debug_info    0x0000000000000d32      0x5ab Drivers/STM32F3xx_HAL_Driver/Src/stm32f3xx_ll_i2c.o
 .debug_info    0x00000000000012dd      0xf9f Drivers/STM32F3xx_HAL_Driver/Src/stm32f3xx_ll_tim.o
 .debug_info    0x000000000000227c      0x818 Drivers/STM32F3xx_HAL_Driver/Src/stm32f3xx_ll_utils.o
 .debug_info    0x0000000000002a94     0x10e4 Src/display.o
 .debug_info    0x0000000000003b78      0xc5b Src/gpio.o
 .debug_info    0x00000000000047d3      0xdd6 Src/i2c.o
 .debug_info    0x00000000000055a9     0x1482 Src/main.o
 .debug_info    0x0000000000006a2b      0x25d Src/stm32f3xx_it.o
 .debug_info    0x0000000000006c88      0x400 Src/system_stm32f3xx.o
 .debug_info    0x0000000000007088      0xb5c Src/tim.o
 .debug_info    0x0000000000007be4       0x22 Startup/startup_stm32f303k8tx.o
 .debug_info    0x0000000000007c06      0x366 humidity/hts221.o
 .debug_info    0x0000000000007f6c      0x35a pressure/lps25hb.o

.debug_abbrev   0x0000000000000000     0x1984
 .debug_abbrev  0x0000000000000000      0x19e Drivers/STM32F3xx_HAL_Driver/Src/stm32f3xx_ll_exti.o
 .debug_abbrev  0x000000000000019e      0x212 Drivers/STM32F3xx_HAL_Driver/Src/stm32f3xx_ll_gpio.o
 .debug_abbrev  0x00000000000003b0      0x184 Drivers/STM32F3xx_HAL_Driver/Src/stm32f3xx_ll_i2c.o
 .debug_abbrev  0x0000000000000534      0x1ff Drivers/STM32F3xx_HAL_Driver/Src/stm32f3xx_ll_tim.o
 .debug_abbrev  0x0000000000000733      0x266 Drivers/STM32F3xx_HAL_Driver/Src/stm32f3xx_ll_utils.o
 .debug_abbrev  0x0000000000000999      0x272 Src/display.o
 .debug_abbrev  0x0000000000000c0b      0x245 Src/gpio.o
 .debug_abbrev  0x0000000000000e50      0x224 Src/i2c.o
 .debug_abbrev  0x0000000000001074      0x311 Src/main.o
 .debug_abbrev  0x0000000000001385       0xa3 Src/stm32f3xx_it.o
 .debug_abbrev  0x0000000000001428      0x111 Src/system_stm32f3xx.o
 .debug_abbrev  0x0000000000001539      0x1c1 Src/tim.o
 .debug_abbrev  0x00000000000016fa       0x12 Startup/startup_stm32f303k8tx.o
 .debug_abbrev  0x000000000000170c      0x13c humidity/hts221.o
 .debug_abbrev  0x0000000000001848      0x13c pressure/lps25hb.o

.debug_aranges  0x0000000000000000      0x978
 .debug_aranges
                0x0000000000000000       0xb0 Drivers/STM32F3xx_HAL_Driver/Src/stm32f3xx_ll_exti.o
 .debug_aranges
                0x00000000000000b0       0x70 Drivers/STM32F3xx_HAL_Driver/Src/stm32f3xx_ll_gpio.o
 .debug_aranges
                0x0000000000000120       0x88 Drivers/STM32F3xx_HAL_Driver/Src/stm32f3xx_ll_i2c.o
 .debug_aranges
                0x00000000000001a8      0x148 Drivers/STM32F3xx_HAL_Driver/Src/stm32f3xx_ll_tim.o
 .debug_aranges
                0x00000000000002f0       0xf0 Drivers/STM32F3xx_HAL_Driver/Src/stm32f3xx_ll_utils.o
 .debug_aranges
                0x00000000000003e0      0x1b0 Src/display.o
 .debug_aranges
                0x0000000000000590       0x68 Src/gpio.o
 .debug_aranges
                0x00000000000005f8       0xe0 Src/i2c.o
 .debug_aranges
                0x00000000000006d8       0xe0 Src/main.o
 .debug_aranges
                0x00000000000007b8       0x60 Src/stm32f3xx_it.o
 .debug_aranges
                0x0000000000000818       0x28 Src/system_stm32f3xx.o
 .debug_aranges
                0x0000000000000840       0x80 Src/tim.o
 .debug_aranges
                0x00000000000008c0       0x28 Startup/startup_stm32f303k8tx.o
 .debug_aranges
                0x00000000000008e8       0x48 humidity/hts221.o
 .debug_aranges
                0x0000000000000930       0x48 pressure/lps25hb.o

.debug_ranges   0x0000000000000000      0x890
 .debug_ranges  0x0000000000000000       0xa0 Drivers/STM32F3xx_HAL_Driver/Src/stm32f3xx_ll_exti.o
 .debug_ranges  0x00000000000000a0       0x60 Drivers/STM32F3xx_HAL_Driver/Src/stm32f3xx_ll_gpio.o
 .debug_ranges  0x0000000000000100       0x78 Drivers/STM32F3xx_HAL_Driver/Src/stm32f3xx_ll_i2c.o
 .debug_ranges  0x0000000000000178      0x138 Drivers/STM32F3xx_HAL_Driver/Src/stm32f3xx_ll_tim.o
 .debug_ranges  0x00000000000002b0       0xe0 Drivers/STM32F3xx_HAL_Driver/Src/stm32f3xx_ll_utils.o
 .debug_ranges  0x0000000000000390      0x1a0 Src/display.o
 .debug_ranges  0x0000000000000530       0x58 Src/gpio.o
 .debug_ranges  0x0000000000000588       0xd0 Src/i2c.o
 .debug_ranges  0x0000000000000658       0xd0 Src/main.o
 .debug_ranges  0x0000000000000728       0x50 Src/stm32f3xx_it.o
 .debug_ranges  0x0000000000000778       0x18 Src/system_stm32f3xx.o
 .debug_ranges  0x0000000000000790       0x70 Src/tim.o
 .debug_ranges  0x0000000000000800       0x20 Startup/startup_stm32f303k8tx.o
 .debug_ranges  0x0000000000000820       0x38 humidity/hts221.o
 .debug_ranges  0x0000000000000858       0x38 pressure/lps25hb.o

.debug_macro    0x0000000000000000     0x49f0
 .debug_macro   0x0000000000000000       0xf7 Drivers/STM32F3xx_HAL_Driver/Src/stm32f3xx_ll_exti.o
 .debug_macro   0x00000000000000f7       0xfc Drivers/STM32F3xx_HAL_Driver/Src/stm32f3xx_ll_exti.o
 .debug_macro   0x00000000000001f3      0x10c Drivers/STM32F3xx_HAL_Driver/Src/stm32f3xx_ll_gpio.o
 .debug_macro   0x00000000000002ff      0x149 Drivers/STM32F3xx_HAL_Driver/Src/stm32f3xx_ll_gpio.o
 .debug_macro   0x0000000000000448      0x10c Drivers/STM32F3xx_HAL_Driver/Src/stm32f3xx_ll_i2c.o
 .debug_macro   0x0000000000000554      0x249 Drivers/STM32F3xx_HAL_Driver/Src/stm32f3xx_ll_i2c.o
 .debug_macro   0x000000000000079d      0x179 Drivers/STM32F3xx_HAL_Driver/Src/stm32f3xx_ll_tim.o
 .debug_macro   0x0000000000000916      0x800 Drivers/STM32F3xx_HAL_Driver/Src/stm32f3xx_ll_tim.o
 .debug_macro   0x0000000000001116      0x14a Drivers/STM32F3xx_HAL_Driver/Src/stm32f3xx_ll_utils.o
 .debug_macro   0x0000000000001260       0x30 Drivers/STM32F3xx_HAL_Driver/Src/stm32f3xx_ll_utils.o
 .debug_macro   0x0000000000001290      0x2a5 Drivers/STM32F3xx_HAL_Driver/Src/stm32f3xx_ll_utils.o
 .debug_macro   0x0000000000001535       0xaf Drivers/STM32F3xx_HAL_Driver/Src/stm32f3xx_ll_utils.o
 .debug_macro   0x00000000000015e4      0x2d0 Src/display.o
 .debug_macro   0x00000000000018b4      0x24f Src/display.o
 .debug_macro   0x0000000000001b03      0x4bb Src/display.o
 .debug_macro   0x0000000000001fbe      0x102 Src/display.o
 .debug_macro   0x00000000000020c0       0x28 Src/display.o
 .debug_macro   0x00000000000020e8      0x287 Src/display.o
 .debug_macro   0x000000000000236f      0x14f Src/display.o
 .debug_macro   0x00000000000024be      0x806 Src/display.o
 .debug_macro   0x0000000000002cc4       0x22 Src/display.o
 .debug_macro   0x0000000000002ce6       0x46 Src/display.o
 .debug_macro   0x0000000000002d2c       0x18 Src/display.o
 .debug_macro   0x0000000000002d44       0x3c Src/display.o
 .debug_macro   0x0000000000002d80       0x34 Src/display.o
 .debug_macro   0x0000000000002db4       0x16 Src/display.o
 .debug_macro   0x0000000000002dca       0x97 Src/display.o
 .debug_macro   0x0000000000002e61      0x330 Src/display.o
 .debug_macro   0x0000000000003191       0xfd Src/display.o
 .debug_macro   0x000000000000328e       0x10 Src/display.o
 .debug_macro   0x000000000000329e       0x52 Src/display.o
 .debug_macro   0x00000000000032f0       0x1f Src/display.o
 .debug_macro   0x000000000000330f       0x43 Src/display.o
 .debug_macro   0x0000000000003352       0x20 Src/display.o
 .debug_macro   0x0000000000003372      0x1a3 Src/display.o
 .debug_macro   0x0000000000003515       0x10 Src/display.o
 .debug_macro   0x0000000000003525       0x1c Src/display.o
 .debug_macro   0x0000000000003541       0x52 Src/display.o
 .debug_macro   0x0000000000003593       0x40 Src/display.o
 .debug_macro   0x00000000000035d3       0x10 Src/display.o
 .debug_macro   0x00000000000035e3       0x40 Src/display.o
 .debug_macro   0x0000000000003623       0xd7 Src/display.o
 .debug_macro   0x00000000000036fa       0x1c Src/display.o
 .debug_macro   0x0000000000003716       0x3d Src/display.o
 .debug_macro   0x0000000000003753       0x16 Src/display.o
 .debug_macro   0x0000000000003769      0x145 Src/display.o
 .debug_macro   0x00000000000038ae       0x16 Src/display.o
 .debug_macro   0x00000000000038c4       0x35 Src/display.o
 .debug_macro   0x00000000000038f9       0x20 Src/display.o
 .debug_macro   0x0000000000003919       0x82 Src/display.o
 .debug_macro   0x000000000000399b      0x146 Src/gpio.o
 .debug_macro   0x0000000000003ae1      0x146 Src/i2c.o
 .debug_macro   0x0000000000003c27      0x316 Src/main.o
 .debug_macro   0x0000000000003f3d      0x3ad Src/main.o
 .debug_macro   0x00000000000042ea       0x3a Src/main.o
 .debug_macro   0x0000000000004324       0x34 Src/main.o
 .debug_macro   0x0000000000004358       0x34 Src/main.o
 .debug_macro   0x000000000000438c      0x146 Src/stm32f3xx_it.o
 .debug_macro   0x00000000000044d2       0xd0 Src/system_stm32f3xx.o
 .debug_macro   0x00000000000045a2      0x146 Src/tim.o
 .debug_macro   0x00000000000046e8      0x159 humidity/hts221.o
 .debug_macro   0x0000000000004841       0x28 humidity/hts221.o
 .debug_macro   0x0000000000004869      0x159 pressure/lps25hb.o
 .debug_macro   0x00000000000049c2       0x2e pressure/lps25hb.o

.debug_line     0x0000000000000000     0x6807
 .debug_line    0x0000000000000000      0x64f Drivers/STM32F3xx_HAL_Driver/Src/stm32f3xx_ll_exti.o
 .debug_line    0x000000000000064f      0x670 Drivers/STM32F3xx_HAL_Driver/Src/stm32f3xx_ll_gpio.o
 .debug_line    0x0000000000000cbf      0x5d2 Drivers/STM32F3xx_HAL_Driver/Src/stm32f3xx_ll_i2c.o
 .debug_line    0x0000000000001291      0x97d Drivers/STM32F3xx_HAL_Driver/Src/stm32f3xx_ll_tim.o
 .debug_line    0x0000000000001c0e      0x764 Drivers/STM32F3xx_HAL_Driver/Src/stm32f3xx_ll_utils.o
 .debug_line    0x0000000000002372      0xd0c Src/display.o
 .debug_line    0x000000000000307e      0x6c2 Src/gpio.o
 .debug_line    0x0000000000003740      0x7dd Src/i2c.o
 .debug_line    0x0000000000003f1d      0xa99 Src/main.o
 .debug_line    0x00000000000049b6      0x62f Src/stm32f3xx_it.o
 .debug_line    0x0000000000004fe5      0x48a Src/system_stm32f3xx.o
 .debug_line    0x000000000000546f      0x714 Src/tim.o
 .debug_line    0x0000000000005b83       0x81 Startup/startup_stm32f303k8tx.o
 .debug_line    0x0000000000005c04      0x601 humidity/hts221.o
 .debug_line    0x0000000000006205      0x602 pressure/lps25hb.o

.debug_str      0x0000000000000000    0x78ecf
 .debug_str     0x0000000000000000    0x63c8c Drivers/STM32F3xx_HAL_Driver/Src/stm32f3xx_ll_exti.o
                                      0x63e21 (size before relaxing)
 .debug_str     0x0000000000063c8c     0x1412 Drivers/STM32F3xx_HAL_Driver/Src/stm32f3xx_ll_gpio.o
                                      0x64856 (size before relaxing)
 .debug_str     0x000000000006509e     0x147b Drivers/STM32F3xx_HAL_Driver/Src/stm32f3xx_ll_i2c.o
                                      0x64ede (size before relaxing)
 .debug_str     0x0000000000066519     0x5cac Drivers/STM32F3xx_HAL_Driver/Src/stm32f3xx_ll_tim.o
                                      0x69772 (size before relaxing)
 .debug_str     0x000000000006c1c5     0x503a Drivers/STM32F3xx_HAL_Driver/Src/stm32f3xx_ll_utils.o
                                      0x684f0 (size before relaxing)
 .debug_str     0x00000000000711ff     0x5c0c Src/display.o
                                      0x735c7 (size before relaxing)
 .debug_str     0x0000000000076e0b      0x47b Src/gpio.o
                                      0x6f2b4 (size before relaxing)
 .debug_str     0x0000000000077286      0x24b Src/i2c.o
                                      0x6f45f (size before relaxing)
 .debug_str     0x00000000000774d1     0x160e Src/main.o
                                      0x74c0a (size before relaxing)
 .debug_str     0x0000000000078adf       0xb8 Src/stm32f3xx_it.o
                                      0x6eca9 (size before relaxing)
 .debug_str     0x0000000000078b97       0x6e Src/system_stm32f3xx.o
                                      0x634fc (size before relaxing)
 .debug_str     0x0000000000078c05       0xe3 Src/tim.o
                                      0x6f2fb (size before relaxing)
 .debug_str     0x0000000000078ce8       0x31 Startup/startup_stm32f303k8tx.o
                                         0x9d (size before relaxing)
 .debug_str     0x0000000000078d19      0x12b humidity/hts221.o
                                      0x6ed6a (size before relaxing)
 .debug_str     0x0000000000078e44       0x8b pressure/lps25hb.o
                                      0x6ed9f (size before relaxing)

.comment        0x0000000000000000       0x7b
 .comment       0x0000000000000000       0x7b Drivers/STM32F3xx_HAL_Driver/Src/stm32f3xx_ll_exti.o
                                         0x7c (size before relaxing)
 .comment       0x000000000000007b       0x7c Drivers/STM32F3xx_HAL_Driver/Src/stm32f3xx_ll_gpio.o
 .comment       0x000000000000007b       0x7c Drivers/STM32F3xx_HAL_Driver/Src/stm32f3xx_ll_i2c.o
 .comment       0x000000000000007b       0x7c Drivers/STM32F3xx_HAL_Driver/Src/stm32f3xx_ll_tim.o
 .comment       0x000000000000007b       0x7c Drivers/STM32F3xx_HAL_Driver/Src/stm32f3xx_ll_utils.o
 .comment       0x000000000000007b       0x7c Src/display.o
 .comment       0x000000000000007b       0x7c Src/gpio.o
 .comment       0x000000000000007b       0x7c Src/i2c.o
 .comment       0x000000000000007b       0x7c Src/main.o
 .comment       0x000000000000007b       0x7c Src/stm32f3xx_it.o
 .comment       0x000000000000007b       0x7c Src/system_stm32f3xx.o
 .comment       0x000000000000007b       0x7c Src/tim.o
 .comment       0x000000000000007b       0x7c humidity/hts221.o
 .comment       0x000000000000007b       0x7c pressure/lps25hb.o

.debug_frame    0x0000000000000000     0x2970
 .debug_frame   0x0000000000000000      0x2fc Drivers/STM32F3xx_HAL_Driver/Src/stm32f3xx_ll_exti.o
 .debug_frame   0x00000000000002fc      0x1c0 Drivers/STM32F3xx_HAL_Driver/Src/stm32f3xx_ll_gpio.o
 .debug_frame   0x00000000000004bc      0x238 Drivers/STM32F3xx_HAL_Driver/Src/stm32f3xx_ll_i2c.o
 .debug_frame   0x00000000000006f4      0x5d0 Drivers/STM32F3xx_HAL_Driver/Src/stm32f3xx_ll_tim.o
 .debug_frame   0x0000000000000cc4      0x3dc Drivers/STM32F3xx_HAL_Driver/Src/stm32f3xx_ll_utils.o
 .debug_frame   0x00000000000010a0      0x600 Src/display.o
 .debug_frame   0x00000000000016a0      0x194 Src/gpio.o
 .debug_frame   0x0000000000001834      0x3e4 Src/i2c.o
 .debug_frame   0x0000000000001c18      0x3a8 Src/main.o
 .debug_frame   0x0000000000001fc0      0x114 Src/stm32f3xx_it.o
 .debug_frame   0x00000000000020d4       0x58 Src/system_stm32f3xx.o
 .debug_frame   0x000000000000212c      0x210 Src/tim.o
 .debug_frame   0x000000000000233c       0xe8 humidity/hts221.o
 .debug_frame   0x0000000000002424       0xec pressure/lps25hb.o
 .debug_frame   0x0000000000002510       0x20 c:/st/stm32cubeide_1.5.1/stm32cubeide/plugins/com.st.stm32cube.ide.mcu.externaltools.gnu-tools-for-stm32.7-2018-q2-update.win32_1.5.0.202011040924/tools/bin/../lib/gcc/arm-none-eabi/7.3.1/../../../../arm-none-eabi/lib/thumb/v7e-m/fpv4-sp/hard\libc_nano.a(lib_a-errno.o)
 .debug_frame   0x0000000000002530       0x2c c:/st/stm32cubeide_1.5.1/stm32cubeide/plugins/com.st.stm32cube.ide.mcu.externaltools.gnu-tools-for-stm32.7-2018-q2-update.win32_1.5.0.202011040924/tools/bin/../lib/gcc/arm-none-eabi/7.3.1/../../../../arm-none-eabi/lib/thumb/v7e-m/fpv4-sp/hard\libc_nano.a(lib_a-init.o)
 .debug_frame   0x000000000000255c       0x20 c:/st/stm32cubeide_1.5.1/stm32cubeide/plugins/com.st.stm32cube.ide.mcu.externaltools.gnu-tools-for-stm32.7-2018-q2-update.win32_1.5.0.202011040924/tools/bin/../lib/gcc/arm-none-eabi/7.3.1/../../../../arm-none-eabi/lib/thumb/v7e-m/fpv4-sp/hard\libc_nano.a(lib_a-memset.o)
 .debug_frame   0x000000000000257c       0x5c c:/st/stm32cubeide_1.5.1/stm32cubeide/plugins/com.st.stm32cube.ide.mcu.externaltools.gnu-tools-for-stm32.7-2018-q2-update.win32_1.5.0.202011040924/tools/bin/../lib/gcc/arm-none-eabi/7.3.1/../../../../arm-none-eabi/lib/thumb/v7e-m/fpv4-sp/hard\libm.a(lib_a-w_pow.o)
 .debug_frame   0x00000000000025d8       0x64 c:/st/stm32cubeide_1.5.1/stm32cubeide/plugins/com.st.stm32cube.ide.mcu.externaltools.gnu-tools-for-stm32.7-2018-q2-update.win32_1.5.0.202011040924/tools/bin/../lib/gcc/arm-none-eabi/7.3.1/../../../../arm-none-eabi/lib/thumb/v7e-m/fpv4-sp/hard\libm.a(lib_a-e_pow.o)
 .debug_frame   0x000000000000263c       0x30 c:/st/stm32cubeide_1.5.1/stm32cubeide/plugins/com.st.stm32cube.ide.mcu.externaltools.gnu-tools-for-stm32.7-2018-q2-update.win32_1.5.0.202011040924/tools/bin/../lib/gcc/arm-none-eabi/7.3.1/../../../../arm-none-eabi/lib/thumb/v7e-m/fpv4-sp/hard\libm.a(lib_a-e_sqrt.o)
 .debug_frame   0x000000000000266c       0x20 c:/st/stm32cubeide_1.5.1/stm32cubeide/plugins/com.st.stm32cube.ide.mcu.externaltools.gnu-tools-for-stm32.7-2018-q2-update.win32_1.5.0.202011040924/tools/bin/../lib/gcc/arm-none-eabi/7.3.1/../../../../arm-none-eabi/lib/thumb/v7e-m/fpv4-sp/hard\libm.a(lib_a-s_fabs.o)
 .debug_frame   0x000000000000268c       0x20 c:/st/stm32cubeide_1.5.1/stm32cubeide/plugins/com.st.stm32cube.ide.mcu.externaltools.gnu-tools-for-stm32.7-2018-q2-update.win32_1.5.0.202011040924/tools/bin/../lib/gcc/arm-none-eabi/7.3.1/../../../../arm-none-eabi/lib/thumb/v7e-m/fpv4-sp/hard\libm.a(lib_a-s_finite.o)
 .debug_frame   0x00000000000026ac       0x20 c:/st/stm32cubeide_1.5.1/stm32cubeide/plugins/com.st.stm32cube.ide.mcu.externaltools.gnu-tools-for-stm32.7-2018-q2-update.win32_1.5.0.202011040924/tools/bin/../lib/gcc/arm-none-eabi/7.3.1/../../../../arm-none-eabi/lib/thumb/v7e-m/fpv4-sp/hard\libm.a(lib_a-s_matherr.o)
 .debug_frame   0x00000000000026cc       0x20 c:/st/stm32cubeide_1.5.1/stm32cubeide/plugins/com.st.stm32cube.ide.mcu.externaltools.gnu-tools-for-stm32.7-2018-q2-update.win32_1.5.0.202011040924/tools/bin/../lib/gcc/arm-none-eabi/7.3.1/../../../../arm-none-eabi/lib/thumb/v7e-m/fpv4-sp/hard\libm.a(lib_a-s_nan.o)
 .debug_frame   0x00000000000026ec       0x34 c:/st/stm32cubeide_1.5.1/stm32cubeide/plugins/com.st.stm32cube.ide.mcu.externaltools.gnu-tools-for-stm32.7-2018-q2-update.win32_1.5.0.202011040924/tools/bin/../lib/gcc/arm-none-eabi/7.3.1/../../../../arm-none-eabi/lib/thumb/v7e-m/fpv4-sp/hard\libm.a(lib_a-s_rint.o)
 .debug_frame   0x0000000000002720       0x2c c:/st/stm32cubeide_1.5.1/stm32cubeide/plugins/com.st.stm32cube.ide.mcu.externaltools.gnu-tools-for-stm32.7-2018-q2-update.win32_1.5.0.202011040924/tools/bin/../lib/gcc/arm-none-eabi/7.3.1/../../../../arm-none-eabi/lib/thumb/v7e-m/fpv4-sp/hard\libm.a(lib_a-s_scalbn.o)
 .debug_frame   0x000000000000274c       0x20 c:/st/stm32cubeide_1.5.1/stm32cubeide/plugins/com.st.stm32cube.ide.mcu.externaltools.gnu-tools-for-stm32.7-2018-q2-update.win32_1.5.0.202011040924/tools/bin/../lib/gcc/arm-none-eabi/7.3.1/../../../../arm-none-eabi/lib/thumb/v7e-m/fpv4-sp/hard\libm.a(lib_a-s_copysign.o)
 .debug_frame   0x000000000000276c       0xac c:/st/stm32cubeide_1.5.1/stm32cubeide/plugins/com.st.stm32cube.ide.mcu.externaltools.gnu-tools-for-stm32.7-2018-q2-update.win32_1.5.0.202011040924/tools/bin/../lib/gcc/arm-none-eabi/7.3.1/thumb/v7e-m/fpv4-sp/hard\libgcc.a(_arm_addsubdf3.o)
 .debug_frame   0x0000000000002818       0x50 c:/st/stm32cubeide_1.5.1/stm32cubeide/plugins/com.st.stm32cube.ide.mcu.externaltools.gnu-tools-for-stm32.7-2018-q2-update.win32_1.5.0.202011040924/tools/bin/../lib/gcc/arm-none-eabi/7.3.1/thumb/v7e-m/fpv4-sp/hard\libgcc.a(_arm_muldivdf3.o)
 .debug_frame   0x0000000000002868       0xc4 c:/st/stm32cubeide_1.5.1/stm32cubeide/plugins/com.st.stm32cube.ide.mcu.externaltools.gnu-tools-for-stm32.7-2018-q2-update.win32_1.5.0.202011040924/tools/bin/../lib/gcc/arm-none-eabi/7.3.1/thumb/v7e-m/fpv4-sp/hard\libgcc.a(_arm_cmpdf2.o)
 .debug_frame   0x000000000000292c       0x20 c:/st/stm32cubeide_1.5.1/stm32cubeide/plugins/com.st.stm32cube.ide.mcu.externaltools.gnu-tools-for-stm32.7-2018-q2-update.win32_1.5.0.202011040924/tools/bin/../lib/gcc/arm-none-eabi/7.3.1/thumb/v7e-m/fpv4-sp/hard\libgcc.a(_arm_unorddf2.o)
 .debug_frame   0x000000000000294c       0x24 c:/st/stm32cubeide_1.5.1/stm32cubeide/plugins/com.st.stm32cube.ide.mcu.externaltools.gnu-tools-for-stm32.7-2018-q2-update.win32_1.5.0.202011040924/tools/bin/../lib/gcc/arm-none-eabi/7.3.1/thumb/v7e-m/fpv4-sp/hard\libgcc.a(_arm_fixdfsi.o)
