Archive member included to satisfy reference by file (symbol)

c:/st/stm32cubeide_1.5.1/stm32cubeide/plugins/com.st.stm32cube.ide.mcu.externaltools.gnu-tools-for-stm32.7-2018-q2-update.win32_1.5.0.202011040924/tools/bin/../lib/gcc/arm-none-eabi/7.3.1/../../../../arm-none-eabi/lib/thumb/v7e-m/fpv4-sp/hard\libc_nano.a(lib_a-errno.o)
                              Src/syscalls.o (__errno)
c:/st/stm32cubeide_1.5.1/stm32cubeide/plugins/com.st.stm32cube.ide.mcu.externaltools.gnu-tools-for-stm32.7-2018-q2-update.win32_1.5.0.202011040924/tools/bin/../lib/gcc/arm-none-eabi/7.3.1/../../../../arm-none-eabi/lib/thumb/v7e-m/fpv4-sp/hard\libc_nano.a(lib_a-exit.o)
                              c:/st/stm32cubeide_1.5.1/stm32cubeide/plugins/com.st.stm32cube.ide.mcu.externaltools.gnu-tools-for-stm32.7-2018-q2-update.win32_1.5.0.202011040924/tools/bin/../lib/gcc/arm-none-eabi/7.3.1/../../../../arm-none-eabi/lib/thumb/v7e-m/fpv4-sp/hard/crt0.o (exit)
c:/st/stm32cubeide_1.5.1/stm32cubeide/plugins/com.st.stm32cube.ide.mcu.externaltools.gnu-tools-for-stm32.7-2018-q2-update.win32_1.5.0.202011040924/tools/bin/../lib/gcc/arm-none-eabi/7.3.1/../../../../arm-none-eabi/lib/thumb/v7e-m/fpv4-sp/hard\libc_nano.a(lib_a-impure.o)
                              c:/st/stm32cubeide_1.5.1/stm32cubeide/plugins/com.st.stm32cube.ide.mcu.externaltools.gnu-tools-for-stm32.7-2018-q2-update.win32_1.5.0.202011040924/tools/bin/../lib/gcc/arm-none-eabi/7.3.1/../../../../arm-none-eabi/lib/thumb/v7e-m/fpv4-sp/hard\libc_nano.a(lib_a-exit.o) (_global_impure_ptr)
c:/st/stm32cubeide_1.5.1/stm32cubeide/plugins/com.st.stm32cube.ide.mcu.externaltools.gnu-tools-for-stm32.7-2018-q2-update.win32_1.5.0.202011040924/tools/bin/../lib/gcc/arm-none-eabi/7.3.1/../../../../arm-none-eabi/lib/thumb/v7e-m/fpv4-sp/hard\libc_nano.a(lib_a-init.o)
                              c:/st/stm32cubeide_1.5.1/stm32cubeide/plugins/com.st.stm32cube.ide.mcu.externaltools.gnu-tools-for-stm32.7-2018-q2-update.win32_1.5.0.202011040924/tools/bin/../lib/gcc/arm-none-eabi/7.3.1/../../../../arm-none-eabi/lib/thumb/v7e-m/fpv4-sp/hard/crt0.o (__libc_init_array)
c:/st/stm32cubeide_1.5.1/stm32cubeide/plugins/com.st.stm32cube.ide.mcu.externaltools.gnu-tools-for-stm32.7-2018-q2-update.win32_1.5.0.202011040924/tools/bin/../lib/gcc/arm-none-eabi/7.3.1/../../../../arm-none-eabi/lib/thumb/v7e-m/fpv4-sp/hard\libc_nano.a(lib_a-memset.o)
                              c:/st/stm32cubeide_1.5.1/stm32cubeide/plugins/com.st.stm32cube.ide.mcu.externaltools.gnu-tools-for-stm32.7-2018-q2-update.win32_1.5.0.202011040924/tools/bin/../lib/gcc/arm-none-eabi/7.3.1/../../../../arm-none-eabi/lib/thumb/v7e-m/fpv4-sp/hard/crt0.o (memset)
c:/st/stm32cubeide_1.5.1/stm32cubeide/plugins/com.st.stm32cube.ide.mcu.externaltools.gnu-tools-for-stm32.7-2018-q2-update.win32_1.5.0.202011040924/tools/bin/../lib/gcc/arm-none-eabi/7.3.1/../../../../arm-none-eabi/lib/thumb/v7e-m/fpv4-sp/hard\libm.a(lib_a-w_pow.o)
                              Src/main.o (pow)
c:/st/stm32cubeide_1.5.1/stm32cubeide/plugins/com.st.stm32cube.ide.mcu.externaltools.gnu-tools-for-stm32.7-2018-q2-update.win32_1.5.0.202011040924/tools/bin/../lib/gcc/arm-none-eabi/7.3.1/../../../../arm-none-eabi/lib/thumb/v7e-m/fpv4-sp/hard\libm.a(lib_a-e_pow.o)
                              c:/st/stm32cubeide_1.5.1/stm32cubeide/plugins/com.st.stm32cube.ide.mcu.externaltools.gnu-tools-for-stm32.7-2018-q2-update.win32_1.5.0.202011040924/tools/bin/../lib/gcc/arm-none-eabi/7.3.1/../../../../arm-none-eabi/lib/thumb/v7e-m/fpv4-sp/hard\libm.a(lib_a-w_pow.o) (__ieee754_pow)
c:/st/stm32cubeide_1.5.1/stm32cubeide/plugins/com.st.stm32cube.ide.mcu.externaltools.gnu-tools-for-stm32.7-2018-q2-update.win32_1.5.0.202011040924/tools/bin/../lib/gcc/arm-none-eabi/7.3.1/../../../../arm-none-eabi/lib/thumb/v7e-m/fpv4-sp/hard\libm.a(lib_a-e_sqrt.o)
                              c:/st/stm32cubeide_1.5.1/stm32cubeide/plugins/com.st.stm32cube.ide.mcu.externaltools.gnu-tools-for-stm32.7-2018-q2-update.win32_1.5.0.202011040924/tools/bin/../lib/gcc/arm-none-eabi/7.3.1/../../../../arm-none-eabi/lib/thumb/v7e-m/fpv4-sp/hard\libm.a(lib_a-e_pow.o) (__ieee754_sqrt)
c:/st/stm32cubeide_1.5.1/stm32cubeide/plugins/com.st.stm32cube.ide.mcu.externaltools.gnu-tools-for-stm32.7-2018-q2-update.win32_1.5.0.202011040924/tools/bin/../lib/gcc/arm-none-eabi/7.3.1/../../../../arm-none-eabi/lib/thumb/v7e-m/fpv4-sp/hard\libm.a(lib_a-s_fabs.o)
                              c:/st/stm32cubeide_1.5.1/stm32cubeide/plugins/com.st.stm32cube.ide.mcu.externaltools.gnu-tools-for-stm32.7-2018-q2-update.win32_1.5.0.202011040924/tools/bin/../lib/gcc/arm-none-eabi/7.3.1/../../../../arm-none-eabi/lib/thumb/v7e-m/fpv4-sp/hard\libm.a(lib_a-e_pow.o) (fabs)
c:/st/stm32cubeide_1.5.1/stm32cubeide/plugins/com.st.stm32cube.ide.mcu.externaltools.gnu-tools-for-stm32.7-2018-q2-update.win32_1.5.0.202011040924/tools/bin/../lib/gcc/arm-none-eabi/7.3.1/../../../../arm-none-eabi/lib/thumb/v7e-m/fpv4-sp/hard\libm.a(lib_a-s_finite.o)
[...]
Memory Configuration

Name             Origin             Length             Attributes
FLASH            0x0000000008000000 0x0000000000010000 xr
CCMRAM           0x0000000010000000 0x0000000000001000 xrw
RAM              0x0000000020000000 0x0000000000003000 xrw
*default*        0x0000000000000000 0xffffffffffffffff

Linker script and memory map

LOAD c:/st/stm32cubeide_1.5.1/stm32cubeide/plugins/com.st.stm32cube.ide.mcu.externaltools.gnu-tools-for-stm32.7-2018-q2-update.win32_1.5.0.202011040924/tools/bin/../lib/gcc/arm-none-eabi/7.3.1/thumb/v7e-m/fpv4-sp/hard/crti.o
LOAD c:/st/stm32cubeide_1.5.1/stm32cubeide/plugins/com.st.stm32cube.ide.mcu.externaltools.gnu-tools-for-stm32.7-2018-q2-update.win32_1.5.0.202011040924/tools/bin/../lib/gcc/arm-none-eabi/7.3.1/thumb/v7e-m/fpv4-sp/hard/crtbegin.o
LOAD c:/st/stm32cubeide_1.5.1/stm32cubeide/plugins/com.st.stm32cube.ide.mcu.externaltools.gnu-tools-for-stm32.7-2018-q2-update.win32_1.5.0.202011040924/tools/bin/../lib/gcc/arm-none-eabi/7.3.1/../../../../arm-none-eabi/lib/thumb/v7e-m/fpv4-sp/hard/crt0.o
LOAD Drivers/STM32F3xx_HAL_Driver/Src/stm32f3xx_ll_dma.o
LOAD Drivers/STM32F3xx_HAL_Driver/Src/stm32f3xx_ll_exti.o
LOAD Drivers/STM32F3xx_HAL_Driver/Src/stm32f3xx_ll_gpio.o
LOAD Drivers/STM32F3xx_HAL_Driver/Src/stm32f3xx_ll_i2c.o
LOAD Drivers/STM32F3xx_HAL_Driver/Src/stm32f3xx_ll_rcc.o
LOAD Drivers/STM32F3xx_HAL_Driver/Src/stm32f3xx_ll_tim.o
LOAD Drivers/STM32F3xx_HAL_Driver/Src/stm32f3xx_ll_utils.o
LOAD Src/display.o
LOAD Src/gpio.o
LOAD Src/i2c.o
LOAD Src/main.o
LOAD Src/stm32f3xx_it.o
LOAD Src/syscalls.o
LOAD Src/sysmem.o
LOAD Src/system_stm32f3xx.o
LOAD Src/tim.o
LOAD Startup/startup_stm32f303k8tx.o
LOAD accelerometer/lsm6ds0.o
LOAD compass/lis3mdltr.o
LOAD humidity/hts221.o
LOAD pressure/lps25hb.o
START GROUP
LOAD c:/st/stm32cubeide_1.5.1/stm32cubeide/plugins/com.st.stm32cube.ide.mcu.externaltools.gnu-tools-for-stm32.7-2018-q2-update.win32_1.5.0.202011040924/tools/bin/../lib/gcc/arm-none-eabi/7.3.1/../../../../arm-none-eabi/lib/thumb/v7e-m/fpv4-sp/hard\libc_nano.a
LOAD c:/st/stm32cubeide_1.5.1/stm32cubeide/plugins/com.st.stm32cube.ide.mcu.externaltools.gnu-tools-for-stm32.7-2018-q2-update.win32_1.5.0.202011040924/tools/bin/../lib/gcc/arm-none-eabi/7.3.1/../../../../arm-none-eabi/lib/thumb/v7e-m/fpv4-sp/hard\libm.a
END GROUP
START GROUP
LOAD c:/st/stm32cubeide_1.5.1/stm32cubeide/plugins/com.st.stm32cube.ide.mcu.externaltools.gnu-tools-for-stm32.7-2018-q2-update.win32_1.5.0.202011040924/tools/bin/../lib/gcc/arm-none-eabi/7.3.1/thumb/v7e-m/fpv4-sp/hard\libgcc.a
LOAD c:/st/stm32cubeide_1.5.1/stm32cubeide/plugins/com.st.stm32cube.ide.mcu.externaltools.gnu-tools-for-stm32.7-2018-q2-update.win32_1.5.0.202011040924/tools/bin/../lib/gcc/arm-none-eabi/7.3.1/../../../../arm-none-eabi/lib/thumb/v7e-m/fpv4-sp/hard\libc_nano.a
END GROUP
START GROUP
LOAD c:/st/stm32cubeide_1.5.1/stm32cubeide/plugins/com.st.stm32cube.ide.mcu.externaltools.gnu-tools-for-stm32.7-2018-q2-update.win32_1.5.0.202011040924/tools/bin/../lib/gcc/arm-none-eabi/7.3.1/thumb/v7e-m/fpv4-sp/hard\libgcc.a
LOAD c:/st/stm32cubeide_1.5.1/stm32cubeide/plugins/com.st.stm32cube.ide.mcu.externaltools.gnu-tools-for-stm32.7-2018-q2-update.win32_1.5.0.202011040924/tools/bin/../lib/gcc/arm-none-eabi/7.3.1/../../../../arm-none-eabi/lib/thumb/v7e-m/fpv4-sp/hard\libc_nano.a
LOAD c:/st/stm32cubeide_1.5.1/stm32cubeide/plugins/com.st.stm32cube.ide.mcu.externaltools.gnu-tools-for-stm32.7-2018-q2-update.win32_1.5.0.202011040924/tools/bin/../lib/gcc/arm-none-eabi/7.3.1/../../../../arm-none-eabi/lib/thumb/v7e-m/fpv4-sp/hard\libnosys.a
END GROUP
START GROUP
LOAD c:/st/stm32cubeide_1.5.1/stm32cubeide/plugins/com.st.stm32cube.ide.mcu.externaltools.gnu-tools-for-stm32.7-2018-q2-update.win32_1.5.0.202011040924/tools/bin/../lib/gcc/arm-none-eabi/7.3.1/thumb/v7e-m/fpv4-sp/hard\libgcc.a
LOAD c:/st/stm32cubeide_1.5.1/stm32cubeide/plugins/com.st.stm32cube.ide.mcu.externaltools.gnu-tools-for-stm32.7-2018-q2-update.win32_1.5.0.202011040924/tools/bin/../lib/gcc/arm-none-eabi/7.3.1/../../../../arm-none-eabi/lib/thumb/v7e-m/fpv4-sp/hard\libc_nano.a
LOAD c:/st/stm32cubeide_1.5.1/stm32cubeide/plugins/com.st.stm32cube.ide.mcu.externaltools.gnu-tools-for-stm32.7-2018-q2-update.win32_1.5.0.202011040924/tools/bin/../lib/gcc/arm-none-eabi/7.3.1/../../../../arm-none-eabi/lib/thumb/v7e-m/fpv4-sp/hard\libnosys.a
END GROUP
LOAD c:/st/stm32cubeide_1.5.1/stm32cubeide/plugins/com.st.stm32cube.ide.mcu.externaltools.gnu-tools-for-stm32.7-2018-q2-update.win32_1.5.0.202011040924/tools/bin/../lib/gcc/arm-none-eabi/7.3.1/thumb/v7e-m/fpv4-sp/hard/crtend.o
LOAD c:/st/stm32cubeide_1.5.1/stm32cubeide/plugins/com.st.stm32cube.ide.mcu.externaltools.gnu-tools-for-stm32.7-2018-q2-update.win32_1.5.0.202011040924/tools/bin/../lib/gcc/arm-none-eabi/7.3.1/thumb/v7e-m/fpv4-sp/hard/crtn.o
                0x0000000020003000                _estack = 0x20003000
                0x0000000000000200                _Min_Heap_Size = 0x200
                0x0000000000000400                _Min_Stack_Size = 0x400

.isr_vector     0x0000000008000000      0x188
                0x0000000008000000                . = ALIGN (0x4)
 *(.isr_vector)
 .isr_vector    0x0000000008000000      0x188 Startup/startup_stm32f303k8tx.o
                0x0000000008000000                g_pfnVectors
                0x0000000008000188                . = ALIGN (0x4)

.text           0x0000000008000188     0x539c
                0x0000000008000188                . = ALIGN (0x4)
 *(.text)
 .text          0x0000000008000188       0x40 c:/st/stm32cubeide_1.5.1/stm32cubeide/plugins/com.st.stm32cube.ide.mcu.externaltools.gnu-tools-for-stm32.7-2018-q2-update.win32_1.5.0.202011040924/tools/bin/../lib/gcc/arm-none-eabi/7.3.1/thumb/v7e-m/fpv4-sp/hard/crtbegin.o
 .text          0x00000000080001c8      0x378 c:/st/stm32cubeide_1.5.1/stm32cubeide/plugins/com.st.stm32cube.ide.mcu.externaltools.gnu-tools-for-stm32.7-2018-q2-update.win32_1.5.0.202011040924/tools/bin/../lib/gcc/arm-none-eabi/7.3.1/thumb/v7e-m/fpv4-sp/hard\libgcc.a(_arm_addsubdf3.o)
                0x00000000080001c8                __aeabi_drsub
                0x00000000080001d0                __aeabi_dsub
                0x00000000080001d0                __subdf3
                0x00000000080001d4                __aeabi_dadd
                0x00000000080001d4                __adddf3
                0x000000000800044c                __floatunsidf
                0x000000000800044c                __aeabi_ui2d
                0x000000000800046c                __floatsidf
                0x000000000800046c                __aeabi_i2d
                0x0000000008000490                __aeabi_f2d
                0x0000000008000490                __extendsfdf2
                0x00000000080004d4                __floatundidf
                0x00000000080004d4                __aeabi_ul2d
                0x00000000080004e4                __floatdidf
                0x00000000080004e4                __aeabi_l2d
 .text          0x0000000008000540      0x424 c:/st/stm32cubeide_1.5.1/stm32cubeide/plugins/com.st.stm32cube.ide.mcu.externaltools.gnu-tools-for-stm32.7-2018-q2-update.win32_1.5.0.202011040924/tools/bin/../lib/gcc/arm-none-eabi/7.3.1/thumb/v7e-m/fpv4-sp/hard\libgcc.a(_arm_muldivdf3.o)
                0x0000000008000540                __aeabi_dmul
                0x0000000008000540                __muldf3
                0x0000000008000794                __divdf3
                0x0000000008000794                __aeabi_ddiv
 .text          0x0000000008000964      0x110 c:/st/stm32cubeide_1.5.1/stm32cubeide/plugins/com.st.stm32cube.ide.mcu.externaltools.gnu-tools-for-stm32.7-2018-q2-update.win32_1.5.0.202011040924/tools/bin/../lib/gcc/arm-none-eabi/7.3.1/thumb/v7e-m/fpv4-sp/hard\libgcc.a(_arm_cmpdf2.o)
                0x0000000008000964                __gtdf2
                0x0000000008000964                __gedf2
                0x000000000800096c                __ltdf2
                0x000000000800096c                __ledf2
                0x0000000008000974                __nedf2
                0x0000000008000974                __eqdf2
                0x0000000008000974                __cmpdf2
                0x00000000080009f0                __aeabi_cdrcmple
                0x0000000008000a00                __aeabi_cdcmpeq
                0x0000000008000a00                __aeabi_cdcmple
                0x0000000008000a10                __aeabi_dcmpeq
                0x0000000008000a24                __aeabi_dcmplt
                0x0000000008000a38                __aeabi_dcmple
                0x0000000008000a4c                __aeabi_dcmpge
                0x0000000008000a60                __aeabi_dcmpgt
 .text          0x0000000008000a74       0x2c c:/st/stm32cubeide_1.5.1/stm32cubeide/plugins/com.st.stm32cube.ide.mcu.externaltools.gnu-tools-for-stm32.7-2018-q2-update.win32_1.5.0.202011040924/tools/bin/../lib/gcc/arm-none-eabi/7.3.1/thumb/v7e-m/fpv4-sp/hard\libgcc.a(_arm_unorddf2.o)
                0x0000000008000a74                __unorddf2
                0x0000000008000a74                __aeabi_dcmpun
 .text          0x0000000008000aa0       0xa0 c:/st/stm32cubeide_1.5.1/stm32cubeide/plugins/com.st.stm32cube.ide.mcu.externaltools.gnu-tools-for-stm32.7-2018-q2-update.win32_1.5.0.202011040924/tools/bin/../lib/gcc/arm-none-eabi/7.3.1/thumb/v7e-m/fpv4-sp/hard\libgcc.a(_arm_truncdfsf2.o)
                0x0000000008000aa0                __truncdfsf2
                0x0000000008000aa0                __aeabi_d2f
 *(.text*)
 .text.LL_EXTI_EnableIT_0_31
                0x0000000008000b40       0x24 Drivers/STM32F3xx_HAL_Driver/Src/stm32f3xx_ll_exti.o
 .text.LL_EXTI_EnableIT_32_63
                0x0000000008000b64       0x24 Drivers/STM32F3xx_HAL_Driver/Src/stm32f3xx_ll_exti.o
 .text.LL_EXTI_DisableIT_0_31
                0x0000000008000b88       0x28 Drivers/STM32F3xx_HAL_Driver/Src/stm32f3xx_ll_exti.o
 .text.LL_EXTI_DisableIT_32_63
                0x0000000008000bb0       0x28 Drivers/STM32F3xx_HAL_Driver/Src/stm32f3xx_ll_exti.o
 .text.LL_EXTI_EnableEvent_0_31
                0x0000000008000bd8       0x24 Drivers/STM32F3xx_HAL_Driver/Src/stm32f3xx_ll_exti.o
 .text.LL_EXTI_EnableEvent_32_63
                0x0000000008000bfc       0x24 Drivers/STM32F3xx_HAL_Driver/Src/stm32f3xx_ll_exti.o
 .text.LL_EXTI_DisableEvent_0_31
                0x0000000008000c20       0x28 Drivers/STM32F3xx_HAL_Driver/Src/stm32f3xx_ll_exti.o
 .text.LL_EXTI_DisableEvent_32_63
                0x0000000008000c48       0x28 Drivers/STM32F3xx_HAL_Driver/Src/stm32f3xx_ll_exti.o
 .text.LL_EXTI_EnableRisingTrig_0_31
                0x0000000008000c70       0x24 Drivers/STM32F3xx_HAL_Driver/Src/stm32f3xx_ll_exti.o
 .text.LL_EXTI_EnableRisingTrig_32_63
                0x0000000008000c94       0x24 Drivers/STM32F3xx_HAL_Driver/Src/stm32f3xx_ll_exti.o
 .text.LL_EXTI_DisableRisingTrig_0_31
                0x0000000008000cb8       0x28 Drivers/STM32F3xx_HAL_Driver/Src/stm32f3xx_ll_exti.o
 .text.LL_EXTI_DisableRisingTrig_32_63
                0x0000000008000ce0       0x28 Drivers/STM32F3xx_HAL_Driver/Src/stm32f3xx_ll_exti.o
 .text.LL_EXTI_EnableFallingTrig_0_31
                0x0000000008000d08       0x24 Drivers/STM32F3xx_HAL_Driver/Src/stm32f3xx_ll_exti.o
 .text.LL_EXTI_EnableFallingTrig_32_63
                0x0000000008000d2c       0x24 Drivers/STM32F3xx_HAL_Driver/Src/stm32f3xx_ll_exti.o
 .text.LL_EXTI_DisableFallingTrig_0_31
                0x0000000008000d50       0x28 Drivers/STM32F3xx_HAL_Driver/Src/stm32f3xx_ll_exti.o
 .text.LL_EXTI_DisableFallingTrig_32_63
                0x0000000008000d78       0x28 Drivers/STM32F3xx_HAL_Driver/Src/stm32f3xx_ll_exti.o
 .text.LL_EXTI_Init
                0x0000000008000da0      0x1d0 Drivers/STM32F3xx_HAL_Driver/Src/stm32f3xx_ll_exti.o
                0x0000000008000da0                LL_EXTI_Init
 .text.LL_GPIO_SetPinMode
                0x0000000008000f70       0x5a Drivers/STM32F3xx_HAL_Driver/Src/stm32f3xx_ll_gpio.o
 .text.LL_GPIO_SetPinOutputType
                0x0000000008000fca       0x30 Drivers/STM32F3xx_HAL_Driver/Src/stm32f3xx_ll_gpio.o
 .text.LL_GPIO_SetPinSpeed
                0x0000000008000ffa       0x5a Drivers/STM32F3xx_HAL_Driver/Src/stm32f3xx_ll_gpio.o
 .text.LL_GPIO_SetPinPull
                0x0000000008001054       0x5a Drivers/STM32F3xx_HAL_Driver/Src/stm32f3xx_ll_gpio.o
 .text.LL_GPIO_SetAFPin_0_7
                0x00000000080010ae       0x5a Drivers/STM32F3xx_HAL_Driver/Src/stm32f3xx_ll_gpio.o
 .text.LL_GPIO_SetAFPin_8_15
                0x0000000008001108       0x5e Drivers/STM32F3xx_HAL_Driver/Src/stm32f3xx_ll_gpio.o
 .text.LL_GPIO_Init
                0x0000000008001166       0xf4 Drivers/STM32F3xx_HAL_Driver/Src/stm32f3xx_ll_gpio.o
                0x0000000008001166                LL_GPIO_Init
 .text.LL_I2C_Enable
                0x000000000800125a       0x20 Drivers/STM32F3xx_HAL_Driver/Src/stm32f3xx_ll_i2c.o
 .text.LL_I2C_Disable
                0x000000000800127a       0x20 Drivers/STM32F3xx_HAL_Driver/Src/stm32f3xx_ll_i2c.o
 .text.LL_I2C_ConfigFilters
                0x000000000800129a       0x2e Drivers/STM32F3xx_HAL_Driver/Src/stm32f3xx_ll_i2c.o
 .text.LL_I2C_SetOwnAddress1
                0x00000000080012c8       0x30 Drivers/STM32F3xx_HAL_Driver/Src/stm32f3xx_ll_i2c.o
 .text.LL_I2C_EnableOwnAddress1
                0x00000000080012f8       0x20 Drivers/STM32F3xx_HAL_Driver/Src/stm32f3xx_ll_i2c.o
 .text.LL_I2C_DisableOwnAddress1
                0x0000000008001318       0x20 Drivers/STM32F3xx_HAL_Driver/Src/stm32f3xx_ll_i2c.o
 .text.LL_I2C_SetTiming
                0x0000000008001338       0x1c Drivers/STM32F3xx_HAL_Driver/Src/stm32f3xx_ll_i2c.o
 .text.LL_I2C_SetMode
                0x0000000008001354       0x26 Drivers/STM32F3xx_HAL_Driver/Src/stm32f3xx_ll_i2c.o
 .text.LL_I2C_AcknowledgeNextData
                0x000000000800137a       0x26 Drivers/STM32F3xx_HAL_Driver/Src/stm32f3xx_ll_i2c.o
 .text.LL_I2C_Init
                0x00000000080013a0       0x78 Drivers/STM32F3xx_HAL_Driver/Src/stm32f3xx_ll_i2c.o
                0x00000000080013a0                LL_I2C_Init
 .text.LL_TIM_SetPrescaler
                0x0000000008001418       0x1c Drivers/STM32F3xx_HAL_Driver/Src/stm32f3xx_ll_tim.o
 .text.LL_TIM_SetAutoReload
                0x0000000008001434       0x1c Drivers/STM32F3xx_HAL_Driver/Src/stm32f3xx_ll_tim.o
 .text.LL_TIM_SetRepetitionCounter
                0x0000000008001450       0x1c Drivers/STM32F3xx_HAL_Driver/Src/stm32f3xx_ll_tim.o
 .text.LL_TIM_OC_SetCompareCH1
                0x000000000800146c       0x1c Drivers/STM32F3xx_HAL_Driver/Src/stm32f3xx_ll_tim.o
 .text.LL_TIM_OC_SetCompareCH2
                0x0000000008001488       0x1c Drivers/STM32F3xx_HAL_Driver/Src/stm32f3xx_ll_tim.o
 .text.LL_TIM_OC_SetCompareCH3
                0x00000000080014a4       0x1c Drivers/STM32F3xx_HAL_Driver/Src/stm32f3xx_ll_tim.o
 .text.LL_TIM_OC_SetCompareCH4
                0x00000000080014c0       0x1c Drivers/STM32F3xx_HAL_Driver/Src/stm32f3xx_ll_tim.o
 .text.LL_TIM_OC_SetCompareCH5
                0x00000000080014dc       0x1c Drivers/STM32F3xx_HAL_Driver/Src/stm32f3xx_ll_tim.o
 .text.LL_TIM_OC_SetCompareCH6
                0x00000000080014f8       0x1c Drivers/STM32F3xx_HAL_Driver/Src/stm32f3xx_ll_tim.o
 .text.LL_TIM_GenerateEvent_UPDATE
                0x0000000008001514       0x20 Drivers/STM32F3xx_HAL_Driver/Src/stm32f3xx_ll_tim.o
 .text.LL_TIM_Init
                0x0000000008001534       0xe8 Drivers/STM32F3xx_HAL_Driver/Src/stm32f3xx_ll_tim.o
                0x0000000008001534                LL_TIM_Init
 .text.LL_TIM_OC_Init
                0x000000000800161c       0x9a Drivers/STM32F3xx_HAL_Driver/Src/stm32f3xx_ll_tim.o
                0x000000000800161c                LL_TIM_OC_Init
 *fill*         0x00000000080016b6        0x2 
 .text.OC1Config
                0x00000000080016b8      0x100 Drivers/STM32F3xx_HAL_Driver/Src/stm32f3xx_ll_tim.o
 .text.OC2Config
                0x00000000080017b8      0x108 Drivers/STM32F3xx_HAL_Driver/Src/stm32f3xx_ll_tim.o
 .text.OC3Config
                0x00000000080018c0      0x108 Drivers/STM32F3xx_HAL_Driver/Src/stm32f3xx_ll_tim.o
 .text.OC4Config
                0x00000000080019c8       0xd8 Drivers/STM32F3xx_HAL_Driver/Src/stm32f3xx_ll_tim.o
 .text.OC5Config
                0x0000000008001aa0       0xc4 Drivers/STM32F3xx_HAL_Driver/Src/stm32f3xx_ll_tim.o
 .text.OC6Config
                0x0000000008001b64       0xc4 Drivers/STM32F3xx_HAL_Driver/Src/stm32f3xx_ll_tim.o
 .text.LL_InitTick
                0x0000000008001c28       0x34 Drivers/STM32F3xx_HAL_Driver/Src/stm32f3xx_ll_utils.o
 .text.LL_Init1msTick
                0x0000000008001c5c       0x1a Drivers/STM32F3xx_HAL_Driver/Src/stm32f3xx_ll_utils.o
                0x0000000008001c5c                LL_Init1msTick
 *fill*         0x0000000008001c76        0x2 
 .text.LL_mDelay
                0x0000000008001c78       0x48 Drivers/STM32F3xx_HAL_Driver/Src/stm32f3xx_ll_utils.o
                0x0000000008001c78                LL_mDelay
 .text.LL_SetSystemCoreClock
                0x0000000008001cc0       0x20 Drivers/STM32F3xx_HAL_Driver/Src/stm32f3xx_ll_utils.o
                0x0000000008001cc0                LL_SetSystemCoreClock
 .text.LL_GPIO_SetOutputPin
                0x0000000008001ce0       0x1c Src/display.o
 .text.LL_GPIO_ResetOutputPin
                0x0000000008001cfc       0x1c Src/display.o
 .text.LL_TIM_ClearFlag_UPDATE
                0x0000000008001d18       0x1c Src/display.o
 .text.LL_TIM_IsActiveFlag_UPDATE
                0x0000000008001d34       0x26 Src/display.o
 *fill*         0x0000000008001d5a        0x2 
 .text.resetSegments
                0x0000000008001d5c       0x5c Src/display.o
                0x0000000008001d5c                resetSegments
 .text.setSegments
                0x0000000008001db8       0x5c Src/display.o
                0x0000000008001db8                setSegments
 .text.resetDigits
                0x0000000008001e14       0x40 Src/display.o
                0x0000000008001e14                resetDigits
 .text.setDigits
                0x0000000008001e54       0x40 Src/display.o
                0x0000000008001e54                setDigits
 .text.setDecimalPoint
                0x0000000008001e94       0x14 Src/display.o
                0x0000000008001e94                setDecimalPoint
 .text.setOne   0x0000000008001ea8       0x1e Src/display.o
                0x0000000008001ea8                setOne
 *fill*         0x0000000008001ec6        0x2 
 .text.setTwo   0x0000000008001ec8       0x3c Src/display.o
                0x0000000008001ec8                setTwo
 .text.setThree
                0x0000000008001f04       0x3c Src/display.o
                0x0000000008001f04                setThree
 .text.setFour  0x0000000008001f40       0x34 Src/display.o
                0x0000000008001f40                setFour
 .text.setFive  0x0000000008001f74       0x3c Src/display.o
                0x0000000008001f74                setFive
 .text.setSix   0x0000000008001fb0       0x48 Src/display.o
                0x0000000008001fb0                setSix
 .text.setSeven
                0x0000000008001ff8       0x28 Src/display.o
                0x0000000008001ff8                setSeven
 .text.setEight
                0x0000000008002020       0x54 Src/display.o
                0x0000000008002020                setEight
 .text.setNine  0x0000000008002074       0x40 Src/display.o
                0x0000000008002074                setNine
 .text.setZero  0x00000000080020b4       0x4c Src/display.o
                0x00000000080020b4                setZero
 .text.setA     0x0000000008002100       0x4c Src/display.o
                0x0000000008002100                setA
 .text.setB     0x000000000800214c       0x40 Src/display.o
                0x000000000800214c                setB
 .text.setC     0x000000000800218c       0x34 Src/display.o
                0x000000000800218c                setC
 .text.setD     0x00000000080021c0       0x40 Src/display.o
                0x00000000080021c0                setD
 .text.setE     0x0000000008002200       0x3c Src/display.o
                0x0000000008002200                setE
 .text.setF     0x000000000800223c       0x34 Src/display.o
                0x000000000800223c                setF
 .text.setG     0x0000000008002270       0x40 Src/display.o
                0x0000000008002270                setG
 .text.setH     0x00000000080022b0       0x40 Src/display.o
                0x00000000080022b0                setH
 .text.setI     0x00000000080022f0       0x1e Src/display.o
                0x00000000080022f0                setI
 *fill*         0x000000000800230e        0x2 
 .text.setJ     0x0000000008002310       0x38 Src/display.o
                0x0000000008002310                setJ
 .text.setL     0x0000000008002348       0x2c Src/display.o
                0x0000000008002348                setL
 .text.setN     0x0000000008002374       0x2c Src/display.o
                0x0000000008002374                setN
 .text.setO     0x00000000080023a0       0x4c Src/display.o
                0x00000000080023a0                setO
 .text.setP     0x00000000080023ec       0x40 Src/display.o
                0x00000000080023ec                setP
 .text.setQ     0x000000000800242c       0x40 Src/display.o
                0x000000000800242c                setQ
 .text.setR     0x000000000800246c       0x20 Src/display.o
                0x000000000800246c                setR
 .text.setS     0x000000000800248c       0x3c Src/display.o
                0x000000000800248c                setS
 .text.setT     0x00000000080024c8       0x34 Src/display.o
                0x00000000080024c8                setT
 .text.setU     0x00000000080024fc       0x40 Src/display.o
                0x00000000080024fc                setU
 .text.setY     0x000000000800253c       0x3c Src/display.o
                0x000000000800253c                setY
 .text.setK     0x0000000008002578       0x2c Src/display.o
                0x0000000008002578                setK
 .text.setM     0x00000000080025a4       0x2a Src/display.o
                0x00000000080025a4                setM
 *fill*         0x00000000080025ce        0x2 
 .text.setV     0x00000000080025d0       0x28 Src/display.o
                0x00000000080025d0                setV
 .text.setW     0x00000000080025f8       0x48 Src/display.o
                0x00000000080025f8                setW
 .text.setX     0x0000000008002640       0x28 Src/display.o
                0x0000000008002640                setX
 .text.setZ     0x0000000008002668       0x2c Src/display.o
                0x0000000008002668                setZ
 .text.set_     0x0000000008002694       0x14 Src/display.o
                0x0000000008002694                set_
 .text.set_minus
                0x00000000080026a8       0x14 Src/display.o
                0x00000000080026a8                set_minus
 .text.displayString
                0x00000000080026bc       0x58 Src/display.o
                0x00000000080026bc                displayString
 .text.setDigit
                0x0000000008002714       0x64 Src/display.o
                0x0000000008002714                setDigit
 .text.updateDisplay
                0x0000000008002778      0x3d4 Src/display.o
                0x0000000008002778                updateDisplay
 .text.TIM3_IRQHandler
                0x0000000008002b4c       0x24 Src/display.o
                0x0000000008002b4c                TIM3_IRQHandler
 .text.NVIC_GetPriorityGrouping
                0x0000000008002b70       0x1c Src/gpio.o
 .text.NVIC_EnableIRQ
                0x0000000008002b8c       0x34 Src/gpio.o
 .text.NVIC_SetPriority
                0x0000000008002bc0       0x54 Src/gpio.o
 .text.NVIC_EncodePriority
                0x0000000008002c14       0x66 Src/gpio.o
 *fill*         0x0000000008002c7a        0x2 
 .text.LL_AHB1_GRP1_EnableClock
                0x0000000008002c7c       0x30 Src/gpio.o
 .text.LL_SYSCFG_SetEXTISource
                0x0000000008002cac       0x58 Src/gpio.o
 .text.LL_GPIO_SetPinMode
                0x0000000008002d04       0x5a Src/gpio.o
 .text.LL_GPIO_SetPinPull
                0x0000000008002d5e       0x5a Src/gpio.o
 .text.LL_GPIO_ResetOutputPin
                0x0000000008002db8       0x1c Src/gpio.o
 .text.MX_GPIO_Init
                0x0000000008002dd4       0xf4 Src/gpio.o
                0x0000000008002dd4                MX_GPIO_Init
 .text.NVIC_GetPriorityGrouping
                0x0000000008002ec8       0x1c Src/i2c.o
 .text.NVIC_EnableIRQ
                0x0000000008002ee4       0x34 Src/i2c.o
 .text.NVIC_SetPriority
                0x0000000008002f18       0x54 Src/i2c.o
 .text.NVIC_EncodePriority
                0x0000000008002f6c       0x66 Src/i2c.o
 .text.LL_I2C_Enable
                0x0000000008002fd2       0x20 Src/i2c.o
 .text.LL_I2C_EnableClockStretching
                0x0000000008002ff2       0x20 Src/i2c.o
 .text.LL_I2C_DisableGeneralCall
                0x0000000008003012       0x20 Src/i2c.o
 .text.LL_I2C_SetOwnAddress2
                0x0000000008003032       0x30 Src/i2c.o
 .text.LL_I2C_DisableOwnAddress2
                0x0000000008003062       0x20 Src/i2c.o
 .text.LL_I2C_EnableIT_RX
                0x0000000008003082       0x20 Src/i2c.o
 .text.LL_I2C_DisableIT_RX
                0x00000000080030a2       0x20 Src/i2c.o
 .text.LL_I2C_IsActiveFlag_TXIS
                0x00000000080030c2       0x26 Src/i2c.o
 .text.LL_I2C_IsActiveFlag_RXNE
                0x00000000080030e8       0x26 Src/i2c.o
 .text.LL_I2C_IsActiveFlag_STOP
                0x000000000800310e       0x26 Src/i2c.o
 .text.LL_I2C_ClearFlag_STOP
                0x0000000008003134       0x20 Src/i2c.o
 .text.LL_I2C_EnableAutoEndMode
                0x0000000008003154       0x20 Src/i2c.o
 .text.LL_I2C_HandleTransfer
                0x0000000008003174       0x4c Src/i2c.o
 .text.LL_I2C_ReceiveData8
                0x00000000080031c0       0x1a Src/i2c.o
 .text.LL_I2C_TransmitData8
                0x00000000080031da       0x1e Src/i2c.o
 .text.LL_AHB1_GRP1_EnableClock
                0x00000000080031f8       0x30 Src/i2c.o
 .text.LL_APB1_GRP1_EnableClock
                0x0000000008003228       0x30 Src/i2c.o
 .text.MX_I2C1_Init
                0x0000000008003258       0xe0 Src/i2c.o
                0x0000000008003258                MX_I2C1_Init
 .text.i2c_master_write
                0x0000000008003338       0x88 Src/i2c.o
                0x0000000008003338                i2c_master_write
 .text.i2c_master_read
                0x00000000080033c0       0xf8 Src/i2c.o
                0x00000000080033c0                i2c_master_read
 .text.I2C1_EV_IRQHandler
                0x00000000080034b8       0x60 Src/i2c.o
                0x00000000080034b8                I2C1_EV_IRQHandler
 .text.NVIC_SetPriorityGrouping
                0x0000000008003518       0x48 Src/main.o
 .text.LL_RCC_HSI_Enable
                0x0000000008003560       0x20 Src/main.o
 .text.LL_RCC_HSI_IsReady
                0x0000000008003580       0x24 Src/main.o
 .text.LL_RCC_HSI_SetCalibTrimming
                0x00000000080035a4       0x2c Src/main.o
 .text.LL_RCC_SetSysClkSource
                0x00000000080035d0       0x28 Src/main.o
 .text.LL_RCC_GetSysClkSource
                0x00000000080035f8       0x1c Src/main.o
 .text.LL_RCC_SetAHBPrescaler
                0x0000000008003614       0x28 Src/main.o
 .text.LL_RCC_SetAPB1Prescaler
                0x000000000800363c       0x28 Src/main.o
 .text.LL_RCC_SetAPB2Prescaler
                0x0000000008003664       0x28 Src/main.o
 .text.LL_RCC_SetI2CClockSource
                0x000000000800368c       0x30 Src/main.o
 .text.LL_APB1_GRP1_EnableClock
                0x00000000080036bc       0x30 Src/main.o
 .text.LL_APB2_GRP1_EnableClock
                0x00000000080036ec       0x30 Src/main.o
 .text.LL_FLASH_SetLatency
                0x000000000800371c       0x28 Src/main.o
 .text.LL_FLASH_GetLatency
                0x0000000008003744       0x1c Src/main.o
 .text.LL_EXTI_IsActiveFlag_0_31
                0x0000000008003760       0x2c Src/main.o
 .text.LL_EXTI_ClearFlag_0_31
                0x000000000800378c       0x20 Src/main.o
 .text.LL_SYSTICK_SetClkSource
                0x00000000080037ac       0x38 Src/main.o
 .text.LL_SYSTICK_EnableIT
                0x00000000080037e4       0x20 Src/main.o
 .text.LL_GPIO_IsInputPinSet
                0x0000000008003804       0x2a Src/main.o
 *fill*         0x000000000800382e        0x2 
 .text.get_altitude
                0x0000000008003830       0xc4 Src/main.o
                0x0000000008003830                get_altitude
 .text.main     0x00000000080038f4      0x228 Src/main.o
                0x00000000080038f4                main
 .text.SystemClock_Config
                0x0000000008003b1c       0x78 Src/main.o
                0x0000000008003b1c                SystemClock_Config
 .text.checkButtonState
                0x0000000008003b94       0x7a Src/main.o
                0x0000000008003b94                checkButtonState
 *fill*         0x0000000008003c0e        0x2 
 .text.EXTI3_IRQHandler
                0x0000000008003c10       0x58 Src/main.o
                0x0000000008003c10                EXTI3_IRQHandler
 .text.Error_Handler
                0x0000000008003c68        0x8 Src/main.o
                0x0000000008003c68                Error_Handler
 .text.NMI_Handler
                0x0000000008003c70        0xe Src/stm32f3xx_it.o
                0x0000000008003c70                NMI_Handler
 .text.HardFault_Handler
                0x0000000008003c7e        0x6 Src/stm32f3xx_it.o
                0x0000000008003c7e                HardFault_Handler
 .text.MemManage_Handler
                0x0000000008003c84        0x6 Src/stm32f3xx_it.o
                0x0000000008003c84                MemManage_Handler
 .text.BusFault_Handler
                0x0000000008003c8a        0x6 Src/stm32f3xx_it.o
                0x0000000008003c8a                BusFault_Handler
 .text.UsageFault_Handler
                0x0000000008003c90        0x6 Src/stm32f3xx_it.o
                0x0000000008003c90                UsageFault_Handler
 .text.SVC_Handler
                0x0000000008003c96        0xe Src/stm32f3xx_it.o
                0x0000000008003c96                SVC_Handler
 .text.DebugMon_Handler
                0x0000000008003ca4        0xe Src/stm32f3xx_it.o
                0x0000000008003ca4                DebugMon_Handler
 .text.PendSV_Handler
                0x0000000008003cb2        0xe Src/stm32f3xx_it.o
                0x0000000008003cb2                PendSV_Handler
 .text.SysTick_Handler
                0x0000000008003cc0       0x24 Src/stm32f3xx_it.o
                0x0000000008003cc0                SysTick_Handler
 .text.SystemInit
                0x0000000008003ce4       0x94 Src/system_stm32f3xx.o
                0x0000000008003ce4                SystemInit
 .text.NVIC_GetPriorityGrouping
                0x0000000008003d78       0x1c Src/tim.o
 .text.NVIC_EnableIRQ
                0x0000000008003d94       0x34 Src/tim.o
 .text.NVIC_SetPriority
                0x0000000008003dc8       0x54 Src/tim.o
 .text.NVIC_EncodePriority
                0x0000000008003e1c       0x66 Src/tim.o
 *fill*         0x0000000008003e82        0x2 
 .text.LL_APB1_GRP1_EnableClock
                0x0000000008003e84       0x30 Src/tim.o
 .text.LL_TIM_EnableCounter
                0x0000000008003eb4       0x20 Src/tim.o
 .text.LL_TIM_EnableARRPreload
                0x0000000008003ed4       0x20 Src/tim.o
 .text.LL_TIM_OC_DisableFast
                0x0000000008003ef4       0x9c Src/tim.o
 .text.LL_TIM_SetClockSource
                0x0000000008003f90       0x2a Src/tim.o
 .text.LL_TIM_SetTriggerOutput
                0x0000000008003fba       0x26 Src/tim.o
 .text.LL_TIM_DisableMasterSlaveMode
                0x0000000008003fe0       0x20 Src/tim.o
 .text.LL_TIM_EnableIT_UPDATE
                0x0000000008004000       0x20 Src/tim.o
 .text.MX_TIM3_Init
                0x0000000008004020       0xc4 Src/tim.o
                0x0000000008004020                MX_TIM3_Init
 .text.Reset_Handler
                0x00000000080040e4       0x50 Startup/startup_stm32f303k8tx.o
                0x00000000080040e4                Reset_Handler
 .text.Default_Handler
                0x0000000008004134        0x2 Startup/startup_stm32f303k8tx.o
                0x0000000008004134                RTC_Alarm_IRQHandler
                0x0000000008004134                TIM1_CC_IRQHandler
                0x0000000008004134                PVD_IRQHandler
                0x0000000008004134                TAMP_STAMP_IRQHandler
                0x0000000008004134                EXTI0_IRQHandler
                0x0000000008004134                FPU_IRQHandler
                0x0000000008004134                CAN_TX_IRQHandler
                0x0000000008004134                TIM1_UP_TIM16_IRQHandler
                0x0000000008004134                ADC1_2_IRQHandler
                0x0000000008004134                SPI1_IRQHandler
                0x0000000008004134                CAN_SCE_IRQHandler
                0x0000000008004134                DMA1_Channel4_IRQHandler
                0x0000000008004134                USART3_IRQHandler
                0x0000000008004134                DMA1_Channel7_IRQHandler
                0x0000000008004134                TIM7_DAC2_IRQHandler
                0x0000000008004134                CAN_RX1_IRQHandler
                0x0000000008004134                DMA1_Channel6_IRQHandler
                0x0000000008004134                RCC_IRQHandler
                0x0000000008004134                DMA1_Channel1_IRQHandler
                0x0000000008004134                Default_Handler
                0x0000000008004134                EXTI15_10_IRQHandler
                0x0000000008004134                COMP2_IRQHandler
                0x0000000008004134                TIM6_DAC1_IRQHandler
                0x0000000008004134                EXTI9_5_IRQHandler
                0x0000000008004134                RTC_WKUP_IRQHandler
                0x0000000008004134                DMA1_Channel5_IRQHandler
                0x0000000008004134                EXTI4_IRQHandler
                0x0000000008004134                TIM1_TRG_COM_TIM17_IRQHandler
                0x0000000008004134                DMA1_Channel3_IRQHandler
                0x0000000008004134                WWDG_IRQHandler
                0x0000000008004134                TIM2_IRQHandler
                0x0000000008004134                EXTI1_IRQHandler
                0x0000000008004134                COMP4_6_IRQHandler
                0x0000000008004134                USART2_IRQHandler
                0x0000000008004134                DMA1_Channel2_IRQHandler
                0x0000000008004134                FLASH_IRQHandler
                0x0000000008004134                USART1_IRQHandler
                0x0000000008004134                CAN_RX0_IRQHandler
                0x0000000008004134                I2C1_ER_IRQHandler
                0x0000000008004134                EXTI2_TSC_IRQHandler
                0x0000000008004134                TIM1_BRK_TIM15_IRQHandler
 *fill*         0x0000000008004136        0x2 
 .text.hts221_read_byte
                0x0000000008004138       0x34 humidity/hts221.o
                0x0000000008004138                hts221_read_byte
 .text.hts221_write_byte
                0x000000000800416c       0x2c humidity/hts221.o
                0x000000000800416c                hts221_write_byte
 .text.hts221_readArray
                0x0000000008004198       0x30 humidity/hts221.o
                0x0000000008004198                hts221_readArray
 .text.hts221_get_humi
                0x00000000080041c8       0x54 humidity/hts221.o
                0x00000000080041c8                hts221_get_humi
 .text.hts221_init
                0x000000000800421c       0x44 humidity/hts221.o
                0x000000000800421c                hts221_init
 .text.lps25hb_read_byte
                0x0000000008004260       0x34 pressure/lps25hb.o
                0x0000000008004260                lps25hb_read_byte
 .text.lps25hb_write_byte
                0x0000000008004294       0x2c pressure/lps25hb.o
                0x0000000008004294                lps25hb_write_byte
 .text.lps25hb_readArray
                0x00000000080042c0       0x30 pressure/lps25hb.o
                0x00000000080042c0                lps25hb_readArray
 .text.lps25hb_get_temp
                0x00000000080042f0       0x68 pressure/lps25hb.o
                0x00000000080042f0                lps25hb_get_temp
 .text.lps25hb_get_press
                0x0000000008004358       0x38 pressure/lps25hb.o
                0x0000000008004358                lps25hb_get_press
 .text.lps25hb_init
                0x0000000008004390       0x68 pressure/lps25hb.o
                0x0000000008004390                lps25hb_init
 .text.__errno  0x00000000080043f8        0xc c:/st/stm32cubeide_1.5.1/stm32cubeide/plugins/com.st.stm32cube.ide.mcu.externaltools.gnu-tools-for-stm32.7-2018-q2-update.win32_1.5.0.202011040924/tools/bin/../lib/gcc/arm-none-eabi/7.3.1/../../../../arm-none-eabi/lib/thumb/v7e-m/fpv4-sp/hard\libc_nano.a(lib_a-errno.o)
                0x00000000080043f8                __errno
 .text.__libc_init_array
                0x0000000008004404       0x48 c:/st/stm32cubeide_1.5.1/stm32cubeide/plugins/com.st.stm32cube.ide.mcu.externaltools.gnu-tools-for-stm32.7-2018-q2-update.win32_1.5.0.202011040924/tools/bin/../lib/gcc/arm-none-eabi/7.3.1/../../../../arm-none-eabi/lib/thumb/v7e-m/fpv4-sp/hard\libc_nano.a(lib_a-init.o)
                0x0000000008004404                __libc_init_array
 .text.memset   0x000000000800444c       0x10 c:/st/stm32cubeide_1.5.1/stm32cubeide/plugins/com.st.stm32cube.ide.mcu.externaltools.gnu-tools-for-stm32.7-2018-q2-update.win32_1.5.0.202011040924/tools/bin/../lib/gcc/arm-none-eabi/7.3.1/../../../../arm-none-eabi/lib/thumb/v7e-m/fpv4-sp/hard\libc_nano.a(lib_a-memset.o)
                0x000000000800444c                memset
 .text.pow      0x000000000800445c      0x2e0 c:/st/stm32cubeide_1.5.1/stm32cubeide/plugins/com.st.stm32cube.ide.mcu.externaltools.gnu-tools-for-stm32.7-2018-q2-update.win32_1.5.0.202011040924/tools/bin/../lib/gcc/arm-none-eabi/7.3.1/../../../../arm-none-eabi/lib/thumb/v7e-m/fpv4-sp/hard\libm.a(lib_a-w_pow.o)
                0x000000000800445c                pow
 *fill*         0x000000000800473c        0x4 
 .text.__ieee754_pow
                0x0000000008004740      0xa1c c:/st/stm32cubeide_1.5.1/stm32cubeide/plugins/com.st.stm32cube.ide.mcu.externaltools.gnu-tools-for-stm32.7-2018-q2-update.win32_1.5.0.202011040924/tools/bin/../lib/gcc/arm-none-eabi/7.3.1/../../../../arm-none-eabi/lib/thumb/v7e-m/fpv4-sp/hard\libm.a(lib_a-e_pow.o)
                0x0000000008004740                __ieee754_pow
 .text.__ieee754_sqrt
                0x000000000800515c      0x160 c:/st/stm32cubeide_1.5.1/stm32cubeide/plugins/com.st.stm32cube.ide.mcu.externaltools.gnu-tools-for-stm32.7-2018-q2-update.win32_1.5.0.202011040924/tools/bin/../lib/gcc/arm-none-eabi/7.3.1/../../../../arm-none-eabi/lib/thumb/v7e-m/fpv4-sp/hard\libm.a(lib_a-e_sqrt.o)
                0x000000000800515c                __ieee754_sqrt
 .text.fabs     0x00000000080052bc       0x12 c:/st/stm32cubeide_1.5.1/stm32cubeide/plugins/com.st.stm32cube.ide.mcu.externaltools.gnu-tools-for-stm32.7-2018-q2-update.win32_1.5.0.202011040924/tools/bin/../lib/gcc/arm-none-eabi/7.3.1/../../../../arm-none-eabi/lib/thumb/v7e-m/fpv4-sp/hard\libm.a(lib_a-s_fabs.o)
                0x00000000080052bc                fabs
 .text.finite   0x00000000080052ce       0x10 c:/st/stm32cubeide_1.5.1/stm32cubeide/plugins/com.st.stm32cube.ide.mcu.externaltools.gnu-tools-for-stm32.7-2018-q2-update.win32_1.5.0.202011040924/tools/bin/../lib/gcc/arm-none-eabi/7.3.1/../../../../arm-none-eabi/lib/thumb/v7e-m/fpv4-sp/hard\libm.a(lib_a-s_finite.o)
                0x00000000080052ce                finite
 .text.matherr  0x00000000080052de        0x4 c:/st/stm32cubeide_1.5.1/stm32cubeide/plugins/com.st.stm32cube.ide.mcu.externaltools.gnu-tools-for-stm32.7-2018-q2-update.win32_1.5.0.202011040924/tools/bin/../lib/gcc/arm-none-eabi/7.3.1/../../../../arm-none-eabi/lib/thumb/v7e-m/fpv4-sp/hard\libm.a(lib_a-s_matherr.o)
                0x00000000080052de                matherr
 *fill*         0x00000000080052e2        0x6 
 .text.nan      0x00000000080052e8       0x10 c:/st/stm32cubeide_1.5.1/stm32cubeide/plugins/com.st.stm32cube.ide.mcu.externaltools.gnu-tools-for-stm32.7-2018-q2-update.win32_1.5.0.202011040924/tools/bin/../lib/gcc/arm-none-eabi/7.3.1/../../../../arm-none-eabi/lib/thumb/v7e-m/fpv4-sp/hard\libm.a(lib_a-s_nan.o)
                0x00000000080052e8                nan
 .text.rint     0x00000000080052f8      0x108 c:/st/stm32cubeide_1.5.1/stm32cubeide/plugins/com.st.stm32cube.ide.mcu.externaltools.gnu-tools-for-stm32.7-2018-q2-update.win32_1.5.0.202011040924/tools/bin/../lib/gcc/arm-none-eabi/7.3.1/../../../../arm-none-eabi/lib/thumb/v7e-m/fpv4-sp/hard\libm.a(lib_a-s_rint.o)
                0x00000000080052f8                rint
 .text.scalbn   0x0000000008005400       0xec c:/st/stm32cubeide_1.5.1/stm32cubeide/plugins/com.st.stm32cube.ide.mcu.externaltools.gnu-tools-for-stm32.7-2018-q2-update.win32_1.5.0.202011040924/tools/bin/../lib/gcc/arm-none-eabi/7.3.1/../../../../arm-none-eabi/lib/thumb/v7e-m/fpv4-sp/hard\libm.a(lib_a-s_scalbn.o)
                0x0000000008005400                scalbn
 .text.copysign
                0x00000000080054ec       0x1e c:/st/stm32cubeide_1.5.1/stm32cubeide/plugins/com.st.stm32cube.ide.mcu.externaltools.gnu-tools-for-stm32.7-2018-q2-update.win32_1.5.0.202011040924/tools/bin/../lib/gcc/arm-none-eabi/7.3.1/../../../../arm-none-eabi/lib/thumb/v7e-m/fpv4-sp/hard\libm.a(lib_a-s_copysign.o)
                0x00000000080054ec                copysign
 *(.glue_7)
 .glue_7        0x000000000800550a        0x0 linker stubs
 *(.glue_7t)
 .glue_7t       0x000000000800550a        0x0 linker stubs
 *(.eh_frame)
 *fill*         0x000000000800550a        0x2 
 .eh_frame      0x000000000800550c        0x0 c:/st/stm32cubeide_1.5.1/stm32cubeide/plugins/com.st.stm32cube.ide.mcu.externaltools.gnu-tools-for-stm32.7-2018-q2-update.win32_1.5.0.202011040924/tools/bin/../lib/gcc/arm-none-eabi/7.3.1/thumb/v7e-m/fpv4-sp/hard/crtbegin.o
 *(.init)
 .init          0x000000000800550c        0x4 c:/st/stm32cubeide_1.5.1/stm32cubeide/plugins/com.st.stm32cube.ide.mcu.externaltools.gnu-tools-for-stm32.7-2018-q2-update.win32_1.5.0.202011040924/tools/bin/../lib/gcc/arm-none-eabi/7.3.1/thumb/v7e-m/fpv4-sp/hard/crti.o
                0x000000000800550c                _init
 .init          0x0000000008005510        0x8 c:/st/stm32cubeide_1.5.1/stm32cubeide/plugins/com.st.stm32cube.ide.mcu.externaltools.gnu-tools-for-stm32.7-2018-q2-update.win32_1.5.0.202011040924/tools/bin/../lib/gcc/arm-none-eabi/7.3.1/thumb/v7e-m/fpv4-sp/hard/crtn.o
 *(.fini)
 .fini          0x0000000008005518        0x4 c:/st/stm32cubeide_1.5.1/stm32cubeide/plugins/com.st.stm32cube.ide.mcu.externaltools.gnu-tools-for-stm32.7-2018-q2-update.win32_1.5.0.202011040924/tools/bin/../lib/gcc/arm-none-eabi/7.3.1/thumb/v7e-m/fpv4-sp/hard/crti.o
                0x0000000008005518                _fini
 .fini          0x000000000800551c        0x8 c:/st/stm32cubeide_1.5.1/stm32cubeide/plugins/com.st.stm32cube.ide.mcu.externaltools.gnu-tools-for-stm32.7-2018-q2-update.win32_1.5.0.202011040924/tools/bin/../lib/gcc/arm-none-eabi/7.3.1/thumb/v7e-m/fpv4-sp/hard/crtn.o
                0x0000000008005524                . = ALIGN (0x4)
                0x0000000008005524                _etext = .

.vfp11_veneer   0x0000000008005524        0x0
 .vfp11_veneer  0x0000000008005524        0x0 linker stubs

.v4_bx          0x0000000008005524        0x0
 .v4_bx         0x0000000008005524        0x0 linker stubs

.iplt           0x0000000008005524        0x0
 .iplt          0x0000000008005524        0x0 c:/st/stm32cubeide_1.5.1/stm32cubeide/plugins/com.st.stm32cube.ide.mcu.externaltools.gnu-tools-for-stm32.7-2018-q2-update.win32_1.5.0.202011040924/tools/bin/../lib/gcc/arm-none-eabi/7.3.1/thumb/v7e-m/fpv4-sp/hard/crtbegin.o

.rodata         0x0000000008005528       0xc0
                0x0000000008005528                . = ALIGN (0x4)
 *(.rodata)
 .rodata        0x0000000008005528       0x5e Src/main.o
 *(.rodata*)
 *fill*         0x0000000008005586        0x2 
 .rodata.OFFSET_TAB_CCMRx
                0x0000000008005588        0x9 Src/tim.o
 *fill*         0x0000000008005591        0x3 
 .rodata.SHIFT_TAB_OCxx
                0x0000000008005594        0x9 Src/tim.o
 .rodata.pow.str1.1
                0x000000000800559d        0x4 c:/st/stm32cubeide_1.5.1/stm32cubeide/plugins/com.st.stm32cube.ide.mcu.externaltools.gnu-tools-for-stm32.7-2018-q2-update.win32_1.5.0.202011040924/tools/bin/../lib/gcc/arm-none-eabi/7.3.1/../../../../arm-none-eabi/lib/thumb/v7e-m/fpv4-sp/hard\libm.a(lib_a-w_pow.o)
 .rodata.__ieee754_pow.str1.1
                0x00000000080055a1        0x4 c:/st/stm32cubeide_1.5.1/stm32cubeide/plugins/com.st.stm32cube.ide.mcu.externaltools.gnu-tools-for-stm32.7-2018-q2-update.win32_1.5.0.202011040924/tools/bin/../lib/gcc/arm-none-eabi/7.3.1/../../../../arm-none-eabi/lib/thumb/v7e-m/fpv4-sp/hard\libm.a(lib_a-e_pow.o)
                                          0x1 (size before relaxing)
 *fill*         0x00000000080055a1        0x7 
 .rodata.bp     0x00000000080055a8       0x10 c:/st/stm32cubeide_1.5.1/stm32cubeide/plugins/com.st.stm32cube.ide.mcu.externaltools.gnu-tools-for-stm32.7-2018-q2-update.win32_1.5.0.202011040924/tools/bin/../lib/gcc/arm-none-eabi/7.3.1/../../../../arm-none-eabi/lib/thumb/v7e-m/fpv4-sp/hard\libm.a(lib_a-e_pow.o)
 .rodata.dp_h   0x00000000080055b8       0x10 c:/st/stm32cubeide_1.5.1/stm32cubeide/plugins/com.st.stm32cube.ide.mcu.externaltools.gnu-tools-for-stm32.7-2018-q2-update.win32_1.5.0.202011040924/tools/bin/../lib/gcc/arm-none-eabi/7.3.1/../../../../arm-none-eabi/lib/thumb/v7e-m/fpv4-sp/hard\libm.a(lib_a-e_pow.o)
 .rodata.dp_l   0x00000000080055c8       0x10 c:/st/stm32cubeide_1.5.1/stm32cubeide/plugins/com.st.stm32cube.ide.mcu.externaltools.gnu-tools-for-stm32.7-2018-q2-update.win32_1.5.0.202011040924/tools/bin/../lib/gcc/arm-none-eabi/7.3.1/../../../../arm-none-eabi/lib/thumb/v7e-m/fpv4-sp/hard\libm.a(lib_a-e_pow.o)
 .rodata.TWO52  0x00000000080055d8       0x10 c:/st/stm32cubeide_1.5.1/stm32cubeide/plugins/com.st.stm32cube.ide.mcu.externaltools.gnu-tools-for-stm32.7-2018-q2-update.win32_1.5.0.202011040924/tools/bin/../lib/gcc/arm-none-eabi/7.3.1/../../../../arm-none-eabi/lib/thumb/v7e-m/fpv4-sp/hard\libm.a(lib_a-s_rint.o)
                0x00000000080055e8                . = ALIGN (0x4)

.rel.dyn        0x00000000080055e8        0x0
 .rel.iplt      0x00000000080055e8        0x0 c:/st/stm32cubeide_1.5.1/stm32cubeide/plugins/com.st.stm32cube.ide.mcu.externaltools.gnu-tools-for-stm32.7-2018-q2-update.win32_1.5.0.202011040924/tools/bin/../lib/gcc/arm-none-eabi/7.3.1/thumb/v7e-m/fpv4-sp/hard/crtbegin.o

.ARM.extab      0x00000000080055e8        0x0
                0x00000000080055e8                . = ALIGN (0x4)
 *(.ARM.extab* .gnu.linkonce.armextab.*)
                0x00000000080055e8                . = ALIGN (0x4)

.ARM            0x00000000080055e8        0x0
                0x00000000080055e8                . = ALIGN (0x4)
                0x00000000080055e8                __exidx_start = .
 *(.ARM.exidx*)
                0x00000000080055e8                __exidx_end = .
                0x00000000080055e8                . = ALIGN (0x4)

.preinit_array  0x00000000080055e8        0x0
                0x00000000080055e8                . = ALIGN (0x4)
                0x00000000080055e8                PROVIDE (__preinit_array_start = .)
 *(.preinit_array*)
                0x00000000080055e8                PROVIDE (__preinit_array_end = .)
                0x00000000080055e8                . = ALIGN (0x4)

.init_array     0x00000000080055e8        0x4
                0x00000000080055e8                . = ALIGN (0x4)
                0x00000000080055e8                PROVIDE (__init_array_start = .)
 *(SORT_BY_NAME(.init_array.*))
 *(.init_array*)
 .init_array    0x00000000080055e8        0x4 c:/st/stm32cubeide_1.5.1/stm32cubeide/plugins/com.st.stm32cube.ide.mcu.externaltools.gnu-tools-for-stm32.7-2018-q2-update.win32_1.5.0.202011040924/tools/bin/../lib/gcc/arm-none-eabi/7.3.1/thumb/v7e-m/fpv4-sp/hard/crtbegin.o
                0x00000000080055ec                PROVIDE (__init_array_end = .)
                0x00000000080055ec                . = ALIGN (0x4)

.fini_array     0x00000000080055ec        0x4
                0x00000000080055ec                . = ALIGN (0x4)
                [!provide]                        PROVIDE (__fini_array_start = .)
 *(SORT_BY_NAME(.fini_array.*))
 *(.fini_array*)
 .fini_array    0x00000000080055ec        0x4 c:/st/stm32cubeide_1.5.1/stm32cubeide/plugins/com.st.stm32cube.ide.mcu.externaltools.gnu-tools-for-stm32.7-2018-q2-update.win32_1.5.0.202011040924/tools/bin/../lib/gcc/arm-none-eabi/7.3.1/thumb/v7e-m/fpv4-sp/hard/crtbegin.o
                [!provide]                        PROVIDE (__fini_array_end = .)
                0x00000000080055f0                . = ALIGN (0x4)
                0x00000000080055f0                _sidata = LOADADDR (.data)

.data           0x0000000020000000       0x70 load address 0x00000000080055f0
                0x0000000020000000                . = ALIGN (0x4)
                0x0000000020000000                _sdata = .
 *(.data)
 *(.data*)
 .data.SystemCoreClock
                0x0000000020000000        0x4 Src/system_stm32f3xx.o
                0x0000000020000000                SystemCoreClock
 .data.addres   0x0000000020000004        0x1 humidity/hts221.o
                0x0000000020000004                addres
 .data.address_press
                0x0000000020000005        0x1 pressure/lps25hb.o
                0x0000000020000005                address_press
 *fill*         0x0000000020000006        0x2 
 .data._impure_ptr
                0x0000000020000008        0x4 c:/st/stm32cubeide_1.5.1/stm32cubeide/plugins/com.st.stm32cube.ide.mcu.externaltools.gnu-tools-for-stm32.7-2018-q2-update.win32_1.5.0.202011040924/tools/bin/../lib/gcc/arm-none-eabi/7.3.1/../../../../arm-none-eabi/lib/thumb/v7e-m/fpv4-sp/hard\libc_nano.a(lib_a-impure.o)
                0x0000000020000008                _impure_ptr
 .data.impure_data
                0x000000002000000c       0x60 c:/st/stm32cubeide_1.5.1/stm32cubeide/plugins/com.st.stm32cube.ide.mcu.externaltools.gnu-tools-for-stm32.7-2018-q2-update.win32_1.5.0.202011040924/tools/bin/../lib/gcc/arm-none-eabi/7.3.1/../../../../arm-none-eabi/lib/thumb/v7e-m/fpv4-sp/hard\libc_nano.a(lib_a-impure.o)
 .data.__fdlib_version
                0x000000002000006c        0x1 c:/st/stm32cubeide_1.5.1/stm32cubeide/plugins/com.st.stm32cube.ide.mcu.externaltools.gnu-tools-for-stm32.7-2018-q2-update.win32_1.5.0.202011040924/tools/bin/../lib/gcc/arm-none-eabi/7.3.1/../../../../arm-none-eabi/lib/thumb/v7e-m/fpv4-sp/hard\libm.a(lib_a-s_lib_ver.o)
                0x000000002000006c                __fdlib_version
                0x0000000020000070                . = ALIGN (0x4)
 *fill*         0x000000002000006d        0x3 
                0x0000000020000070                _edata = .

.igot.plt       0x0000000020000070        0x0 load address 0x0000000008005660
 .igot.plt      0x0000000020000070        0x0 c:/st/stm32cubeide_1.5.1/stm32cubeide/plugins/com.st.stm32cube.ide.mcu.externaltools.gnu-tools-for-stm32.7-2018-q2-update.win32_1.5.0.202011040924/tools/bin/../lib/gcc/arm-none-eabi/7.3.1/thumb/v7e-m/fpv4-sp/hard/crtbegin.o
                0x0000000020000070                . = ALIGN (0x4)

.bss            0x0000000020000070       0x64 load address 0x0000000008005660
                0x0000000020000070                _sbss = .
                0x0000000020000070                __bss_start__ = _sbss
 *(.bss)
 .bss           0x0000000020000070       0x1c c:/st/stm32cubeide_1.5.1/stm32cubeide/plugins/com.st.stm32cube.ide.mcu.externaltools.gnu-tools-for-stm32.7-2018-q2-update.win32_1.5.0.202011040924/tools/bin/../lib/gcc/arm-none-eabi/7.3.1/thumb/v7e-m/fpv4-sp/hard/crtbegin.o
 *(.bss*)
 .bss.dDisplayData
                0x000000002000008c        0x7 Src/display.o
                0x000000002000008c                dDisplayData
 *fill*         0x0000000020000093        0x5 
 .bss.disp_time
                0x0000000020000098        0x8 Src/display.o
                0x0000000020000098                disp_time
 .bss.disp_time_saved
                0x00000000200000a0        0x8 Src/display.o
                0x00000000200000a0                disp_time_saved
 .bss.end_of_read_flag
                0x00000000200000a8        0x1 Src/i2c.o
                0x00000000200000a8                end_of_read_flag
 .bss.ubReceiveIndex
                0x00000000200000a9        0x1 Src/i2c.o
                0x00000000200000a9                ubReceiveIndex
 .bss.switch_state
                0x00000000200000aa        0x1 Src/main.o
                0x00000000200000aa                switch_state
 *(COMMON)
 *fill*         0x00000000200000ab        0x1 
 COMMON         0x00000000200000ac        0x4 Src/i2c.o
                0x00000000200000ac                aReceiveBuffer_read
 COMMON         0x00000000200000b0       0x24 Src/main.o
                0x00000000200000b0                acc
                0x00000000200000c0                saved_time
                0x00000000200000c8                mag
                0x00000000200000d4                . = ALIGN (0x4)
                0x00000000200000d4                _ebss = .
                0x00000000200000d4                __bss_end__ = _ebss

._user_heap_stack
                0x00000000200000d4      0x604 load address 0x0000000008005660
                0x00000000200000d8                . = ALIGN (0x8)
 *fill*         0x00000000200000d4        0x4 
                0x00000000200000d8                PROVIDE (end = .)
                [!provide]                        PROVIDE (_end = .)
                0x00000000200002d8                . = (. + _Min_Heap_Size)
 *fill*         0x00000000200000d8      0x200 
                0x00000000200006d8                . = (. + _Min_Stack_Size)
 *fill*         0x00000000200002d8      0x400 
                0x00000000200006d8                . = ALIGN (0x8)

/DISCARD/
 libc.a(*)
 libm.a(*)
 libgcc.a(*)

.ARM.attributes
                0x0000000000000000       0x30
 *(.ARM.attributes)
 .ARM.attributes
                0x0000000000000000       0x22 c:/st/stm32cubeide_1.5.1/stm32cubeide/plugins/com.st.stm32cube.ide.mcu.externaltools.gnu-tools-for-stm32.7-2018-q2-update.win32_1.5.0.202011040924/tools/bin/../lib/gcc/arm-none-eabi/7.3.1/thumb/v7e-m/fpv4-sp/hard/crti.o
 .ARM.attributes
                0x0000000000000022       0x34 c:/st/stm32cubeide_1.5.1/stm32cubeide/plugins/com.st.stm32cube.ide.mcu.externaltools.gnu-tools-for-stm32.7-2018-q2-update.win32_1.5.0.202011040924/tools/bin/../lib/gcc/arm-none-eabi/7.3.1/thumb/v7e-m/fpv4-sp/hard/crtbegin.o
 .ARM.attributes
                0x0000000000000056       0x39 Drivers/STM32F3xx_HAL_Driver/Src/stm32f3xx_ll_exti.o
 .ARM.attributes
                0x000000000000008f       0x39 Drivers/STM32F3xx_HAL_Driver/Src/stm32f3xx_ll_gpio.o
 .ARM.attributes
                0x00000000000000c8       0x39 Drivers/STM32F3xx_HAL_Driver/Src/stm32f3xx_ll_i2c.o
 .ARM.attributes
                0x0000000000000101       0x39 Drivers/STM32F3xx_HAL_Driver/Src/stm32f3xx_ll_tim.o
 .ARM.attributes
                0x000000000000013a       0x39 Drivers/STM32F3xx_HAL_Driver/Src/stm32f3xx_ll_utils.o
 .ARM.attributes
                0x0000000000000173       0x39 Src/display.o
 .ARM.attributes
                0x00000000000001ac       0x39 Src/gpio.o
 .ARM.attributes
                0x00000000000001e5       0x39 Src/i2c.o
 .ARM.attributes
                0x000000000000021e       0x39 Src/main.o
 .ARM.attributes
                0x0000000000000257       0x39 Src/stm32f3xx_it.o
 .ARM.attributes
                0x0000000000000290       0x39 Src/system_stm32f3xx.o
 .ARM.attributes
                0x00000000000002c9       0x39 Src/tim.o
 .ARM.attributes
                0x0000000000000302       0x21 Startup/startup_stm32f303k8tx.o
 .ARM.attributes
                0x0000000000000323       0x39 humidity/hts221.o
 .ARM.attributes
                0x000000000000035c       0x39 pressure/lps25hb.o
 .ARM.attributes
                0x0000000000000395       0x34 c:/st/stm32cubeide_1.5.1/stm32cubeide/plugins/com.st.stm32cube.ide.mcu.externaltools.gnu-tools-for-stm32.7-2018-q2-update.win32_1.5.0.202011040924/tools/bin/../lib/gcc/arm-none-eabi/7.3.1/../../../../arm-none-eabi/lib/thumb/v7e-m/fpv4-sp/hard\libc_nano.a(lib_a-errno.o)
 .ARM.attributes
                0x00000000000003c9       0x34 c:/st/stm32cubeide_1.5.1/stm32cubeide/plugins/com.st.stm32cube.ide.mcu.externaltools.gnu-tools-for-stm32.7-2018-q2-update.win32_1.5.0.202011040924/tools/bin/../lib/gcc/arm-none-eabi/7.3.1/../../../../arm-none-eabi/lib/thumb/v7e-m/fpv4-sp/hard\libc_nano.a(lib_a-impure.o)
 .ARM.attributes
                0x00000000000003fd       0x34 c:/st/stm32cubeide_1.5.1/stm32cubeide/plugins/com.st.stm32cube.ide.mcu.externaltools.gnu-tools-for-stm32.7-2018-q2-update.win32_1.5.0.202011040924/tools/bin/../lib/gcc/arm-none-eabi/7.3.1/../../../../arm-none-eabi/lib/thumb/v7e-m/fpv4-sp/hard\libc_nano.a(lib_a-init.o)
 .ARM.attributes
                0x0000000000000431       0x34 c:/st/stm32cubeide_1.5.1/stm32cubeide/plugins/com.st.stm32cube.ide.mcu.externaltools.gnu-tools-for-stm32.7-2018-q2-update.win32_1.5.0.202011040924/tools/bin/../lib/gcc/arm-none-eabi/7.3.1/../../../../arm-none-eabi/lib/thumb/v7e-m/fpv4-sp/hard\libc_nano.a(lib_a-memset.o)
 .ARM.attributes
                0x0000000000000465       0x34 c:/st/stm32cubeide_1.5.1/stm32cubeide/plugins/com.st.stm32cube.ide.mcu.externaltools.gnu-tools-for-stm32.7-2018-q2-update.win32_1.5.0.202011040924/tools/bin/../lib/gcc/arm-none-eabi/7.3.1/../../../../arm-none-eabi/lib/thumb/v7e-m/fpv4-sp/hard\libm.a(lib_a-w_pow.o)
 .ARM.attributes
                0x0000000000000499       0x34 c:/st/stm32cubeide_1.5.1/stm32cubeide/plugins/com.st.stm32cube.ide.mcu.externaltools.gnu-tools-for-stm32.7-2018-q2-update.win32_1.5.0.202011040924/tools/bin/../lib/gcc/arm-none-eabi/7.3.1/../../../../arm-none-eabi/lib/thumb/v7e-m/fpv4-sp/hard\libm.a(lib_a-e_pow.o)
 .ARM.attributes
                0x00000000000004cd       0x34 c:/st/stm32cubeide_1.5.1/stm32cubeide/plugins/com.st.stm32cube.ide.mcu.externaltools.gnu-tools-for-stm32.7-2018-q2-update.win32_1.5.0.202011040924/tools/bin/../lib/gcc/arm-none-eabi/7.3.1/../../../../arm-none-eabi/lib/thumb/v7e-m/fpv4-sp/hard\libm.a(lib_a-e_sqrt.o)
 .ARM.attributes
                0x0000000000000501       0x34 c:/st/stm32cubeide_1.5.1/stm32cubeide/plugins/com.st.stm32cube.ide.mcu.externaltools.gnu-tools-for-stm32.7-2018-q2-update.win32_1.5.0.202011040924/tools/bin/../lib/gcc/arm-none-eabi/7.3.1/../../../../arm-none-eabi/lib/thumb/v7e-m/fpv4-sp/hard\libm.a(lib_a-s_fabs.o)
 .ARM.attributes
                0x0000000000000535       0x34 c:/st/stm32cubeide_1.5.1/stm32cubeide/plugins/com.st.stm32cube.ide.mcu.externaltools.gnu-tools-for-stm32.7-2018-q2-update.win32_1.5.0.202011040924/tools/bin/../lib/gcc/arm-none-eabi/7.3.1/../../../../arm-none-eabi/lib/thumb/v7e-m/fpv4-sp/hard\libm.a(lib_a-s_finite.o)
 .ARM.attributes
                0x0000000000000569       0x34 c:/st/stm32cubeide_1.5.1/stm32cubeide/plugins/com.st.stm32cube.ide.mcu.externaltools.gnu-tools-for-stm32.7-2018-q2-update.win32_1.5.0.202011040924/tools/bin/../lib/gcc/arm-none-eabi/7.3.1/../../../../arm-none-eabi/lib/thumb/v7e-m/fpv4-sp/hard\libm.a(lib_a-s_lib_ver.o)
 .ARM.attributes
                0x000000000000059d       0x34 c:/st/stm32cubeide_1.5.1/stm32cubeide/plugins/com.st.stm32cube.ide.mcu.externaltools.gnu-tools-for-stm32.7-2018-q2-update.win32_1.5.0.202011040924/tools/bin/../lib/gcc/arm-none-eabi/7.3.1/../../../../arm-none-eabi/lib/thumb/v7e-m/fpv4-sp/hard\libm.a(lib_a-s_matherr.o)
 .ARM.attributes
                0x00000000000005d1       0x34 c:/st/stm32cubeide_1.5.1/stm32cubeide/plugins/com.st.stm32cube.ide.mcu.externaltools.gnu-tools-for-stm32.7-2018-q2-update.win32_1.5.0.202011040924/tools/bin/../lib/gcc/arm-none-eabi/7.3.1/../../../../arm-none-eabi/lib/thumb/v7e-m/fpv4-sp/hard\libm.a(lib_a-s_nan.o)
 .ARM.attributes
                0x0000000000000605       0x34 c:/st/stm32cubeide_1.5.1/stm32cubeide/plugins/com.st.stm32cube.ide.mcu.externaltools.gnu-tools-for-stm32.7-2018-q2-update.win32_1.5.0.202011040924/tools/bin/../lib/gcc/arm-none-eabi/7.3.1/../../../../arm-none-eabi/lib/thumb/v7e-m/fpv4-sp/hard\libm.a(lib_a-s_rint.o)
 .ARM.attributes
                0x0000000000000639       0x34 c:/st/stm32cubeide_1.5.1/stm32cubeide/plugins/com.st.stm32cube.ide.mcu.externaltools.gnu-tools-for-stm32.7-2018-q2-update.win32_1.5.0.202011040924/tools/bin/../lib/gcc/arm-none-eabi/7.3.1/../../../../arm-none-eabi/lib/thumb/v7e-m/fpv4-sp/hard\libm.a(lib_a-s_scalbn.o)
 .ARM.attributes
                0x000000000000066d       0x34 c:/st/stm32cubeide_1.5.1/stm32cubeide/plugins/com.st.stm32cube.ide.mcu.externaltools.gnu-tools-for-stm32.7-2018-q2-update.win32_1.5.0.202011040924/tools/bin/../lib/gcc/arm-none-eabi/7.3.1/../../../../arm-none-eabi/lib/thumb/v7e-m/fpv4-sp/hard\libm.a(lib_a-s_copysign.o)
 .ARM.attributes
                0x00000000000006a1       0x22 c:/st/stm32cubeide_1.5.1/stm32cubeide/plugins/com.st.stm32cube.ide.mcu.externaltools.gnu-tools-for-stm32.7-2018-q2-update.win32_1.5.0.202011040924/tools/bin/../lib/gcc/arm-none-eabi/7.3.1/thumb/v7e-m/fpv4-sp/hard\libgcc.a(_arm_addsubdf3.o)
 .ARM.attributes
                0x00000000000006c3       0x22 c:/st/stm32cubeide_1.5.1/stm32cubeide/plugins/com.st.stm32cube.ide.mcu.externaltools.gnu-tools-for-stm32.7-2018-q2-update.win32_1.5.0.202011040924/tools/bin/../lib/gcc/arm-none-eabi/7.3.1/thumb/v7e-m/fpv4-sp/hard\libgcc.a(_arm_muldivdf3.o)
 .ARM.attributes
                0x00000000000006e5       0x22 c:/st/stm32cubeide_1.5.1/stm32cubeide/plugins/com.st.stm32cube.ide.mcu.externaltools.gnu-tools-for-stm32.7-2018-q2-update.win32_1.5.0.202011040924/tools/bin/../lib/gcc/arm-none-eabi/7.3.1/thumb/v7e-m/fpv4-sp/hard\libgcc.a(_arm_cmpdf2.o)
 .ARM.attributes
                0x0000000000000707       0x22 c:/st/stm32cubeide_1.5.1/stm32cubeide/plugins/com.st.stm32cube.ide.mcu.externaltools.gnu-tools-for-stm32.7-2018-q2-update.win32_1.5.0.202011040924/tools/bin/../lib/gcc/arm-none-eabi/7.3.1/thumb/v7e-m/fpv4-sp/hard\libgcc.a(_arm_unorddf2.o)
 .ARM.attributes
                0x0000000000000729       0x22 c:/st/stm32cubeide_1.5.1/stm32cubeide/plugins/com.st.stm32cube.ide.mcu.externaltools.gnu-tools-for-stm32.7-2018-q2-update.win32_1.5.0.202011040924/tools/bin/../lib/gcc/arm-none-eabi/7.3.1/thumb/v7e-m/fpv4-sp/hard\libgcc.a(_arm_truncdfsf2.o)
 .ARM.attributes
                0x000000000000074b       0x22 c:/st/stm32cubeide_1.5.1/stm32cubeide/plugins/com.st.stm32cube.ide.mcu.externaltools.gnu-tools-for-stm32.7-2018-q2-update.win32_1.5.0.202011040924/tools/bin/../lib/gcc/arm-none-eabi/7.3.1/thumb/v7e-m/fpv4-sp/hard/crtn.o
OUTPUT(i2c_comm.elf elf32-littlearm)

.debug_info     0x0000000000000000     0x82cc
 .debug_info    0x0000000000000000      0x550 Drivers/STM32F3xx_HAL_Driver/Src/stm32f3xx_ll_exti.o
 .debug_info    0x0000000000000550      0x7e2 Drivers/STM32F3xx_HAL_Driver/Src/stm32f3xx_ll_gpio.o
 .debug_info    0x0000000000000d32      0x5ab Drivers/STM32F3xx_HAL_Driver/Src/stm32f3xx_ll_i2c.o
 .debug_info    0x00000000000012dd      0xf9f Drivers/STM32F3xx_HAL_Driver/Src/stm32f3xx_ll_tim.o
 .debug_info    0x000000000000227c      0x818 Drivers/STM32F3xx_HAL_Driver/Src/stm32f3xx_ll_utils.o
 .debug_info    0x0000000000002a94     0x10f6 Src/display.o
 .debug_info    0x0000000000003b8a      0xc5b Src/gpio.o
 .debug_info    0x00000000000047e5      0xdd6 Src/i2c.o
 .debug_info    0x00000000000055bb     0x1485 Src/main.o
 .debug_info    0x0000000000006a40      0x25d Src/stm32f3xx_it.o
 .debug_info    0x0000000000006c9d      0x400 Src/system_stm32f3xx.o
 .debug_info    0x000000000000709d      0xb5c Src/tim.o
 .debug_info    0x0000000000007bf9       0x22 Startup/startup_stm32f303k8tx.o
 .debug_info    0x0000000000007c1b      0x366 humidity/hts221.o
 .debug_info    0x0000000000007f81      0x34b pressure/lps25hb.o

.debug_abbrev   0x0000000000000000     0x1984
 .debug_abbrev  0x0000000000000000      0x19e Drivers/STM32F3xx_HAL_Driver/Src/stm32f3xx_ll_exti.o
 .debug_abbrev  0x000000000000019e      0x212 Drivers/STM32F3xx_HAL_Driver/Src/stm32f3xx_ll_gpio.o
 .debug_abbrev  0x00000000000003b0      0x184 Drivers/STM32F3xx_HAL_Driver/Src/stm32f3xx_ll_i2c.o
 .debug_abbrev  0x0000000000000534      0x1ff Drivers/STM32F3xx_HAL_Driver/Src/stm32f3xx_ll_tim.o
 .debug_abbrev  0x0000000000000733      0x266 Drivers/STM32F3xx_HAL_Driver/Src/stm32f3xx_ll_utils.o
 .debug_abbrev  0x0000000000000999      0x272 Src/display.o
 .debug_abbrev  0x0000000000000c0b      0x245 Src/gpio.o
 .debug_abbrev  0x0000000000000e50      0x224 Src/i2c.o
 .debug_abbrev  0x0000000000001074      0x311 Src/main.o
 .debug_abbrev  0x0000000000001385       0xa3 Src/stm32f3xx_it.o
 .debug_abbrev  0x0000000000001428      0x111 Src/system_stm32f3xx.o
 .debug_abbrev  0x0000000000001539      0x1c1 Src/tim.o
 .debug_abbrev  0x00000000000016fa       0x12 Startup/startup_stm32f303k8tx.o
 .debug_abbrev  0x000000000000170c      0x13c humidity/hts221.o
 .debug_abbrev  0x0000000000001848      0x13c pressure/lps25hb.o

.debug_aranges  0x0000000000000000      0x980
 .debug_aranges
                0x0000000000000000       0xb0 Drivers/STM32F3xx_HAL_Driver/Src/stm32f3xx_ll_exti.o
 .debug_aranges
                0x00000000000000b0       0x70 Drivers/STM32F3xx_HAL_Driver/Src/stm32f3xx_ll_gpio.o
 .debug_aranges
                0x0000000000000120       0x88 Drivers/STM32F3xx_HAL_Driver/Src/stm32f3xx_ll_i2c.o
 .debug_aranges
                0x00000000000001a8      0x148 Drivers/STM32F3xx_HAL_Driver/Src/stm32f3xx_ll_tim.o
 .debug_aranges
                0x00000000000002f0       0xf0 Drivers/STM32F3xx_HAL_Driver/Src/stm32f3xx_ll_utils.o
 .debug_aranges
                0x00000000000003e0      0x1b8 Src/display.o
 .debug_aranges
                0x0000000000000598       0x68 Src/gpio.o
 .debug_aranges
                0x0000000000000600       0xe0 Src/i2c.o
 .debug_aranges
                0x00000000000006e0       0xe0 Src/main.o
 .debug_aranges
                0x00000000000007c0       0x60 Src/stm32f3xx_it.o
 .debug_aranges
                0x0000000000000820       0x28 Src/system_stm32f3xx.o
 .debug_aranges
                0x0000000000000848       0x80 Src/tim.o
 .debug_aranges
                0x00000000000008c8       0x28 Startup/startup_stm32f303k8tx.o
 .debug_aranges
                0x00000000000008f0       0x48 humidity/hts221.o
 .debug_aranges
                0x0000000000000938       0x48 pressure/lps25hb.o

.debug_ranges   0x0000000000000000      0x898
 .debug_ranges  0x0000000000000000       0xa0 Drivers/STM32F3xx_HAL_Driver/Src/stm32f3xx_ll_exti.o
 .debug_ranges  0x00000000000000a0       0x60 Drivers/STM32F3xx_HAL_Driver/Src/stm32f3xx_ll_gpio.o
 .debug_ranges  0x0000000000000100       0x78 Drivers/STM32F3xx_HAL_Driver/Src/stm32f3xx_ll_i2c.o
 .debug_ranges  0x0000000000000178      0x138 Drivers/STM32F3xx_HAL_Driver/Src/stm32f3xx_ll_tim.o
 .debug_ranges  0x00000000000002b0       0xe0 Drivers/STM32F3xx_HAL_Driver/Src/stm32f3xx_ll_utils.o
 .debug_ranges  0x0000000000000390      0x1a8 Src/display.o
 .debug_ranges  0x0000000000000538       0x58 Src/gpio.o
 .debug_ranges  0x0000000000000590       0xd0 Src/i2c.o
 .debug_ranges  0x0000000000000660       0xd0 Src/main.o
 .debug_ranges  0x0000000000000730       0x50 Src/stm32f3xx_it.o
 .debug_ranges  0x0000000000000780       0x18 Src/system_stm32f3xx.o
 .debug_ranges  0x0000000000000798       0x70 Src/tim.o
 .debug_ranges  0x0000000000000808       0x20 Startup/startup_stm32f303k8tx.o
 .debug_ranges  0x0000000000000828       0x38 humidity/hts221.o
 .debug_ranges  0x0000000000000860       0x38 pressure/lps25hb.o

.debug_macro    0x0000000000000000     0x49f0
 .debug_macro   0x0000000000000000       0xf7 Drivers/STM32F3xx_HAL_Driver/Src/stm32f3xx_ll_exti.o
 .debug_macro   0x00000000000000f7       0xfc Drivers/STM32F3xx_HAL_Driver/Src/stm32f3xx_ll_exti.o
 .debug_macro   0x00000000000001f3      0x10c Drivers/STM32F3xx_HAL_Driver/Src/stm32f3xx_ll_gpio.o
 .debug_macro   0x00000000000002ff      0x149 Drivers/STM32F3xx_HAL_Driver/Src/stm32f3xx_ll_gpio.o
 .debug_macro   0x0000000000000448      0x10c Drivers/STM32F3xx_HAL_Driver/Src/stm32f3xx_ll_i2c.o
 .debug_macro   0x0000000000000554      0x249 Drivers/STM32F3xx_HAL_Driver/Src/stm32f3xx_ll_i2c.o
 .debug_macro   0x000000000000079d      0x179 Drivers/STM32F3xx_HAL_Driver/Src/stm32f3xx_ll_tim.o
 .debug_macro   0x0000000000000916      0x800 Drivers/STM32F3xx_HAL_Driver/Src/stm32f3xx_ll_tim.o
 .debug_macro   0x0000000000001116      0x14a Drivers/STM32F3xx_HAL_Driver/Src/stm32f3xx_ll_utils.o
 .debug_macro   0x0000000000001260       0x30 Drivers/STM32F3xx_HAL_Driver/Src/stm32f3xx_ll_utils.o
 .debug_macro   0x0000000000001290      0x2a5 Drivers/STM32F3xx_HAL_Driver/Src/stm32f3xx_ll_utils.o
 .debug_macro   0x0000000000001535       0xaf Drivers/STM32F3xx_HAL_Driver/Src/stm32f3xx_ll_utils.o
 .debug_macro   0x00000000000015e4      0x2d0 Src/display.o
 .debug_macro   0x00000000000018b4      0x24f Src/display.o
 .debug_macro   0x0000000000001b03      0x4bb Src/display.o
 .debug_macro   0x0000000000001fbe      0x102 Src/display.o
 .debug_macro   0x00000000000020c0       0x28 Src/display.o
 .debug_macro   0x00000000000020e8      0x287 Src/display.o
 .debug_macro   0x000000000000236f      0x14f Src/display.o
 .debug_macro   0x00000000000024be      0x806 Src/display.o
 .debug_macro   0x0000000000002cc4       0x22 Src/display.o
 .debug_macro   0x0000000000002ce6       0x46 Src/display.o
 .debug_macro   0x0000000000002d2c       0x18 Src/display.o
 .debug_macro   0x0000000000002d44       0x3c Src/display.o
 .debug_macro   0x0000000000002d80       0x34 Src/display.o
 .debug_macro   0x0000000000002db4       0x16 Src/display.o
 .debug_macro   0x0000000000002dca       0x97 Src/display.o
 .debug_macro   0x0000000000002e61      0x330 Src/display.o
 .debug_macro   0x0000000000003191       0xfd Src/display.o
 .debug_macro   0x000000000000328e       0x10 Src/display.o
 .debug_macro   0x000000000000329e       0x52 Src/display.o
 .debug_macro   0x00000000000032f0       0x1f Src/display.o
 .debug_macro   0x000000000000330f       0x43 Src/display.o
 .debug_macro   0x0000000000003352       0x20 Src/display.o
 .debug_macro   0x0000000000003372      0x1a3 Src/display.o
 .debug_macro   0x0000000000003515       0x10 Src/display.o
 .debug_macro   0x0000000000003525       0x1c Src/display.o
 .debug_macro   0x0000000000003541       0x52 Src/display.o
 .debug_macro   0x0000000000003593       0x40 Src/display.o
 .debug_macro   0x00000000000035d3       0x10 Src/display.o
 .debug_macro   0x00000000000035e3       0x40 Src/display.o
 .debug_macro   0x0000000000003623       0xd7 Src/display.o
 .debug_macro   0x00000000000036fa       0x1c Src/display.o
 .debug_macro   0x0000000000003716       0x3d Src/display.o
 .debug_macro   0x0000000000003753       0x16 Src/display.o
 .debug_macro   0x0000000000003769      0x145 Src/display.o
 .debug_macro   0x00000000000038ae       0x16 Src/display.o
 .debug_macro   0x00000000000038c4       0x35 Src/display.o
 .debug_macro   0x00000000000038f9       0x20 Src/display.o
 .debug_macro   0x0000000000003919       0x82 Src/display.o
 .debug_macro   0x000000000000399b      0x146 Src/gpio.o
 .debug_macro   0x0000000000003ae1      0x146 Src/i2c.o
 .debug_macro   0x0000000000003c27      0x316 Src/main.o
 .debug_macro   0x0000000000003f3d      0x3ad Src/main.o
 .debug_macro   0x00000000000042ea       0x3a Src/main.o
 .debug_macro   0x0000000000004324       0x34 Src/main.o
 .debug_macro   0x0000000000004358       0x34 Src/main.o
 .debug_macro   0x000000000000438c      0x146 Src/stm32f3xx_it.o
 .debug_macro   0x00000000000044d2       0xd0 Src/system_stm32f3xx.o
 .debug_macro   0x00000000000045a2      0x146 Src/tim.o
 .debug_macro   0x00000000000046e8      0x159 humidity/hts221.o
 .debug_macro   0x0000000000004841       0x28 humidity/hts221.o
 .debug_macro   0x0000000000004869      0x159 pressure/lps25hb.o
 .debug_macro   0x00000000000049c2       0x2e pressure/lps25hb.o

.debug_line     0x0000000000000000     0x6825
 .debug_line    0x0000000000000000      0x64f Drivers/STM32F3xx_HAL_Driver/Src/stm32f3xx_ll_exti.o
 .debug_line    0x000000000000064f      0x670 Drivers/STM32F3xx_HAL_Driver/Src/stm32f3xx_ll_gpio.o
 .debug_line    0x0000000000000cbf      0x5d2 Drivers/STM32F3xx_HAL_Driver/Src/stm32f3xx_ll_i2c.o
 .debug_line    0x0000000000001291      0x97d Drivers/STM32F3xx_HAL_Driver/Src/stm32f3xx_ll_tim.o
 .debug_line    0x0000000000001c0e      0x764 Drivers/STM32F3xx_HAL_Driver/Src/stm32f3xx_ll_utils.o
 .debug_line    0x0000000000002372      0xd23 Src/display.o
 .debug_line    0x0000000000003095      0x6c2 Src/gpio.o
 .debug_line    0x0000000000003757      0x7dd Src/i2c.o
 .debug_line    0x0000000000003f34      0xaa0 Src/main.o
 .debug_line    0x00000000000049d4      0x62f Src/stm32f3xx_it.o
 .debug_line    0x0000000000005003      0x48a Src/system_stm32f3xx.o
 .debug_line    0x000000000000548d      0x714 Src/tim.o
 .debug_line    0x0000000000005ba1       0x81 Startup/startup_stm32f303k8tx.o
 .debug_line    0x0000000000005c22      0x601 humidity/hts221.o
 .debug_line    0x0000000000006223      0x602 pressure/lps25hb.o

.debug_str      0x0000000000000000    0x78ed9
 .debug_str     0x0000000000000000    0x63c8c Drivers/STM32F3xx_HAL_Driver/Src/stm32f3xx_ll_exti.o
                                      0x63e21 (size before relaxing)
 .debug_str     0x0000000000063c8c     0x1412 Drivers/STM32F3xx_HAL_Driver/Src/stm32f3xx_ll_gpio.o
                                      0x64856 (size before relaxing)
 .debug_str     0x000000000006509e     0x147b Drivers/STM32F3xx_HAL_Driver/Src/stm32f3xx_ll_i2c.o
                                      0x64ede (size before relaxing)
 .debug_str     0x0000000000066519     0x5cac Drivers/STM32F3xx_HAL_Driver/Src/stm32f3xx_ll_tim.o
                                      0x69772 (size before relaxing)
 .debug_str     0x000000000006c1c5     0x503a Drivers/STM32F3xx_HAL_Driver/Src/stm32f3xx_ll_utils.o
                                      0x684f0 (size before relaxing)
 .debug_str     0x00000000000711ff     0x5c16 Src/display.o
                                      0x735d1 (size before relaxing)
 .debug_str     0x0000000000076e15      0x47b Src/gpio.o
                                      0x6f2b4 (size before relaxing)
 .debug_str     0x0000000000077290      0x24b Src/i2c.o
                                      0x6f45f (size before relaxing)
 .debug_str     0x00000000000774db     0x160e Src/main.o
                                      0x74c0a (size before relaxing)
 .debug_str     0x0000000000078ae9       0xb8 Src/stm32f3xx_it.o
                                      0x6eca9 (size before relaxing)
 .debug_str     0x0000000000078ba1       0x6e Src/system_stm32f3xx.o
                                      0x634fc (size before relaxing)
 .debug_str     0x0000000000078c0f       0xe3 Src/tim.o
                                      0x6f2fb (size before relaxing)
 .debug_str     0x0000000000078cf2       0x31 Startup/startup_stm32f303k8tx.o
                                         0x9d (size before relaxing)
 .debug_str     0x0000000000078d23      0x12b humidity/hts221.o
                                      0x6ed6a (size before relaxing)
 .debug_str     0x0000000000078e4e       0x8b pressure/lps25hb.o
                                      0x6ed95 (size before relaxing)

.comment        0x0000000000000000       0x7b
 .comment       0x0000000000000000       0x7b Drivers/STM32F3xx_HAL_Driver/Src/stm32f3xx_ll_exti.o
                                         0x7c (size before relaxing)
 .comment       0x000000000000007b       0x7c Drivers/STM32F3xx_HAL_Driver/Src/stm32f3xx_ll_gpio.o
 .comment       0x000000000000007b       0x7c Drivers/STM32F3xx_HAL_Driver/Src/stm32f3xx_ll_i2c.o
 .comment       0x000000000000007b       0x7c Drivers/STM32F3xx_HAL_Driver/Src/stm32f3xx_ll_tim.o
 .comment       0x000000000000007b       0x7c Drivers/STM32F3xx_HAL_Driver/Src/stm32f3xx_ll_utils.o
 .comment       0x000000000000007b       0x7c Src/display.o
 .comment       0x000000000000007b       0x7c Src/gpio.o
 .comment       0x000000000000007b       0x7c Src/i2c.o
 .comment       0x000000000000007b       0x7c Src/main.o
 .comment       0x000000000000007b       0x7c Src/stm32f3xx_it.o
 .comment       0x000000000000007b       0x7c Src/system_stm32f3xx.o
 .comment       0x000000000000007b       0x7c Src/tim.o
 .comment       0x000000000000007b       0x7c humidity/hts221.o
 .comment       0x000000000000007b       0x7c pressure/lps25hb.o

.debug_frame    0x0000000000000000     0x298c
 .debug_frame   0x0000000000000000      0x2fc Drivers/STM32F3xx_HAL_Driver/Src/stm32f3xx_ll_exti.o
 .debug_frame   0x00000000000002fc      0x1c0 Drivers/STM32F3xx_HAL_Driver/Src/stm32f3xx_ll_gpio.o
 .debug_frame   0x00000000000004bc      0x238 Drivers/STM32F3xx_HAL_Driver/Src/stm32f3xx_ll_i2c.o
 .debug_frame   0x00000000000006f4      0x5d0 Drivers/STM32F3xx_HAL_Driver/Src/stm32f3xx_ll_tim.o
 .debug_frame   0x0000000000000cc4      0x3dc Drivers/STM32F3xx_HAL_Driver/Src/stm32f3xx_ll_utils.o
 .debug_frame   0x00000000000010a0      0x61c Src/display.o
 .debug_frame   0x00000000000016bc      0x194 Src/gpio.o
 .debug_frame   0x0000000000001850      0x3e4 Src/i2c.o
 .debug_frame   0x0000000000001c34      0x3a8 Src/main.o
 .debug_frame   0x0000000000001fdc      0x114 Src/stm32f3xx_it.o
 .debug_frame   0x00000000000020f0       0x58 Src/system_stm32f3xx.o
 .debug_frame   0x0000000000002148      0x210 Src/tim.o
 .debug_frame   0x0000000000002358       0xe8 humidity/hts221.o
 .debug_frame   0x0000000000002440       0xec pressure/lps25hb.o
 .debug_frame   0x000000000000252c       0x20 c:/st/stm32cubeide_1.5.1/stm32cubeide/plugins/com.st.stm32cube.ide.mcu.externaltools.gnu-tools-for-stm32.7-2018-q2-update.win32_1.5.0.202011040924/tools/bin/../lib/gcc/arm-none-eabi/7.3.1/../../../../arm-none-eabi/lib/thumb/v7e-m/fpv4-sp/hard\libc_nano.a(lib_a-errno.o)
 .debug_frame   0x000000000000254c       0x2c c:/st/stm32cubeide_1.5.1/stm32cubeide/plugins/com.st.stm32cube.ide.mcu.externaltools.gnu-tools-for-stm32.7-2018-q2-update.win32_1.5.0.202011040924/tools/bin/../lib/gcc/arm-none-eabi/7.3.1/../../../../arm-none-eabi/lib/thumb/v7e-m/fpv4-sp/hard\libc_nano.a(lib_a-init.o)
 .debug_frame   0x0000000000002578       0x20 c:/st/stm32cubeide_1.5.1/stm32cubeide/plugins/com.st.stm32cube.ide.mcu.externaltools.gnu-tools-for-stm32.7-2018-q2-update.win32_1.5.0.202011040924/tools/bin/../lib/gcc/arm-none-eabi/7.3.1/../../../../arm-none-eabi/lib/thumb/v7e-m/fpv4-sp/hard\libc_nano.a(lib_a-memset.o)
 .debug_frame   0x0000000000002598       0x5c c:/st/stm32cubeide_1.5.1/stm32cubeide/plugins/com.st.stm32cube.ide.mcu.externaltools.gnu-tools-for-stm32.7-2018-q2-update.win32_1.5.0.202011040924/tools/bin/../lib/gcc/arm-none-eabi/7.3.1/../../../../arm-none-eabi/lib/thumb/v7e-m/fpv4-sp/hard\libm.a(lib_a-w_pow.o)
 .debug_frame   0x00000000000025f4       0x64 c:/st/stm32cubeide_1.5.1/stm32cubeide/plugins/com.st.stm32cube.ide.mcu.externaltools.gnu-tools-for-stm32.7-2018-q2-update.win32_1.5.0.202011040924/tools/bin/../lib/gcc/arm-none-eabi/7.3.1/../../../../arm-none-eabi/lib/thumb/v7e-m/fpv4-sp/hard\libm.a(lib_a-e_pow.o)
 .debug_frame   0x0000000000002658       0x30 c:/st/stm32cubeide_1.5.1/stm32cubeide/plugins/com.st.stm32cube.ide.mcu.externaltools.gnu-tools-for-stm32.7-2018-q2-update.win32_1.5.0.202011040924/tools/bin/../lib/gcc/arm-none-eabi/7.3.1/../../../../arm-none-eabi/lib/thumb/v7e-m/fpv4-sp/hard\libm.a(lib_a-e_sqrt.o)
 .debug_frame   0x0000000000002688       0x20 c:/st/stm32cubeide_1.5.1/stm32cubeide/plugins/com.st.stm32cube.ide.mcu.externaltools.gnu-tools-for-stm32.7-2018-q2-update.win32_1.5.0.202011040924/tools/bin/../lib/gcc/arm-none-eabi/7.3.1/../../../../arm-none-eabi/lib/thumb/v7e-m/fpv4-sp/hard\libm.a(lib_a-s_fabs.o)
 .debug_frame   0x00000000000026a8       0x20 c:/st/stm32cubeide_1.5.1/stm32cubeide/plugins/com.st.stm32cube.ide.mcu.externaltools.gnu-tools-for-stm32.7-2018-q2-update.win32_1.5.0.202011040924/tools/bin/../lib/gcc/arm-none-eabi/7.3.1/../../../../arm-none-eabi/lib/thumb/v7e-m/fpv4-sp/hard\libm.a(lib_a-s_finite.o)
 .debug_frame   0x00000000000026c8       0x20 c:/st/stm32cubeide_1.5.1/stm32cubeide/plugins/com.st.stm32cube.ide.mcu.externaltools.gnu-tools-for-stm32.7-2018-q2-update.win32_1.5.0.202011040924/tools/bin/../lib/gcc/arm-none-eabi/7.3.1/../../../../arm-none-eabi/lib/thumb/v7e-m/fpv4-sp/hard\libm.a(lib_a-s_matherr.o)
 .debug_frame   0x00000000000026e8       0x20 c:/st/stm32cubeide_1.5.1/stm32cubeide/plugins/com.st.stm32cube.ide.mcu.externaltools.gnu-tools-for-stm32.7-2018-q2-update.win32_1.5.0.202011040924/tools/bin/../lib/gcc/arm-none-eabi/7.3.1/../../../../arm-none-eabi/lib/thumb/v7e-m/fpv4-sp/hard\libm.a(lib_a-s_nan.o)
 .debug_frame   0x0000000000002708       0x34 c:/st/stm32cubeide_1.5.1/stm32cubeide/plugins/com.st.stm32cube.ide.mcu.externaltools.gnu-tools-for-stm32.7-2018-q2-update.win32_1.5.0.202011040924/tools/bin/../lib/gcc/arm-none-eabi/7.3.1/../../../../arm-none-eabi/lib/thumb/v7e-m/fpv4-sp/hard\libm.a(lib_a-s_rint.o)
 .debug_frame   0x000000000000273c       0x2c c:/st/stm32cubeide_1.5.1/stm32cubeide/plugins/com.st.stm32cube.ide.mcu.externaltools.gnu-tools-for-stm32.7-2018-q2-update.win32_1.5.0.202011040924/tools/bin/../lib/gcc/arm-none-eabi/7.3.1/../../../../arm-none-eabi/lib/thumb/v7e-m/fpv4-sp/hard\libm.a(lib_a-s_scalbn.o)
 .debug_frame   0x0000000000002768       0x20 c:/st/stm32cubeide_1.5.1/stm32cubeide/plugins/com.st.stm32cube.ide.mcu.externaltools.gnu-tools-for-stm32.7-2018-q2-update.win32_1.5.0.202011040924/tools/bin/../lib/gcc/arm-none-eabi/7.3.1/../../../../arm-none-eabi/lib/thumb/v7e-m/fpv4-sp/hard\libm.a(lib_a-s_copysign.o)
 .debug_frame   0x0000000000002788       0xac c:/st/stm32cubeide_1.5.1/stm32cubeide/plugins/com.st.stm32cube.ide.mcu.externaltools.gnu-tools-for-stm32.7-2018-q2-update.win32_1.5.0.202011040924/tools/bin/../lib/gcc/arm-none-eabi/7.3.1/thumb/v7e-m/fpv4-sp/hard\libgcc.a(_arm_addsubdf3.o)
 .debug_frame   0x0000000000002834       0x50 c:/st/stm32cubeide_1.5.1/stm32cubeide/plugins/com.st.stm32cube.ide.mcu.externaltools.gnu-tools-for-stm32.7-2018-q2-update.win32_1.5.0.202011040924/tools/bin/../lib/gcc/arm-none-eabi/7.3.1/thumb/v7e-m/fpv4-sp/hard\libgcc.a(_arm_muldivdf3.o)
 .debug_frame   0x0000000000002884       0xc4 c:/st/stm32cubeide_1.5.1/stm32cubeide/plugins/com.st.stm32cube.ide.mcu.externaltools.gnu-tools-for-stm32.7-2018-q2-update.win32_1.5.0.202011040924/tools/bin/../lib/gcc/arm-none-eabi/7.3.1/thumb/v7e-m/fpv4-sp/hard\libgcc.a(_arm_cmpdf2.o)
 .debug_frame   0x0000000000002948       0x20 c:/st/stm32cubeide_1.5.1/stm32cubeide/plugins/com.st.stm32cube.ide.mcu.externaltools.gnu-tools-for-stm32.7-2018-q2-update.win32_1.5.0.202011040924/tools/bin/../lib/gcc/arm-none-eabi/7.3.1/thumb/v7e-m/fpv4-sp/hard\libgcc.a(_arm_unorddf2.o)
 .debug_frame   0x0000000000002968       0x24 c:/st/stm32cubeide_1.5.1/stm32cubeide/plugins/com.st.stm32cube.ide.mcu.externaltools.gnu-tools-for-stm32.7-2018-q2-update.win32_1.5.0.202011040924/tools/bin/../lib/gcc/arm-none-eabi/7.3.1/thumb/v7e-m/fpv4-sp/hard\libgcc.a(_arm_truncdfsf2.o)
