stm32f3xx_ll_gpio.h:895:22:LL_GPIO_SetOutputPin	16	static
stm32f3xx_ll_gpio.h:924:22:LL_GPIO_ResetOutputPin	16	static
stm32f3xx_ll_tim.h:3971:22:LL_TIM_ClearFlag_UPDATE	16	static
stm32f3xx_ll_tim.h:3982:26:LL_TIM_IsActiveFlag_UPDATE	16	static
display.c:17:6:resetSegments	8	static
display.c:30:6:setSegments	8	static
display.c:43:6:resetDigits	8	static
display.c:53:6:setDigits	8	static
display.c:62:6:setDecimalPoint	8	static
display.c:68:6:setOne	8	static
display.c:75:6:setTwo	8	static
display.c:85:6:setThree	8	static
display.c:95:6:setFour	8	static
display.c:104:6:setFive	8	static
display.c:114:6:setSix	8	static
display.c:125:6:setSeven	8	static
display.c:133:6:setEight	8	static
display.c:145:6:setNine	8	static
display.c:155:6:setZero	8	static
display.c:166:6:setA	8	static
display.c:177:6:setB	8	static
display.c:187:6:setC	8	static
display.c:196:6:setD	8	static
display.c:206:6:setE	8	static
display.c:216:6:setF	8	static
display.c:225:6:setG	8	static
display.c:235:6:setH	8	static
display.c:246:6:setI	8	static
display.c:252:6:setJ	8	static
display.c:260:6:setL	8	static
display.c:267:6:setN	8	static
display.c:274:6:setO	8	static
display.c:284:6:setP	8	static
display.c:293:6:setQ	8	static
display.c:302:6:setR	8	static
display.c:308:6:setS	8	static
display.c:317:6:setT	8	static
display.c:325:6:setU	8	static
display.c:334:6:setY	8	static
display.c:343:6:setK	8	static
display.c:350:6:setM	8	static
display.c:357:6:setV	8	static
display.c:364:6:setW	8	static
display.c:375:6:setX	8	static
display.c:383:6:setZ	8	static
display.c:391:6:set_	8	static
display.c:397:6:set_minus	8	static
display.c:407:6:displayNumber	32	static
display.c:490:6:displayString	24	static
display.c:505:6:setDigit	16	static
display.c:528:6:updateDisplay	24	static
display.c:705:6:TIM3_IRQHandler	8	static
